################################################################################
#                                                                              #
#      IAR Universal Linker V5.0.2.5/W32                                       #
#                                                                              #
#           Link time     =  27/Feb/2012  22:42:10                             #
#           Target CPU    =  x51                                               #
#           List file     =  "C:\Texas Instruments\SimpliciTI-IAR-1.2.0\Projec #
#                            ts\Examples\SRF04\UART_Bridge\IAR\CC1110-LinkTo\L #
#                            ist\UART_Bridge.map"                              #
#           Output file 1 =  "C:\Texas Instruments\SimpliciTI-IAR-1.2.0\Projec #
#                            ts\Examples\SRF04\UART_Bridge\IAR\CC1110-LinkTo\E #
#                            xe\UART_Bridge.hex"                               #
#                            Format: intel-extended                            #
#           Output file 2 =  "C:\Texas Instruments\SimpliciTI-IAR-1.2.0\Projec #
#                            ts\Examples\SRF04\UART_Bridge\IAR\CC1110-LinkTo\E #
#                            xe\UART_Bridge.d51"                               #
#                            Format: debug                                     #
#                            UBROF version 10.0.3                              #
#                            Using library modules for C-SPY (-rt)             #
#           Command line  =  "-IC:\Program Files\IAR Systems\Embedded Workbenc #
#                            h 6.0 Evaluation\8051\CONFIG\"                    #
#                            -D_NR_OF_BANKS=0 -D_CODEBANK_END=0                #
#                            -D_CODEBANK_START=0                               #
#                            "C:\Texas Instruments\SimpliciTI-IAR-1.2.0\Projec #
#                            ts\Examples\SRF04\UART_Bridge\IAR\CC1110-LinkTo\O #
#                            bj\bsp.r51"                                       #
#                            "C:\Texas Instruments\SimpliciTI-IAR-1.2.0\Projec #
#                            ts\Examples\SRF04\UART_Bridge\IAR\CC1110-LinkTo\O #
#                            bj\channel.r51"                                   #
#                            "C:\Texas Instruments\SimpliciTI-IAR-1.2.0\Projec #
#                            ts\Examples\SRF04\UART_Bridge\IAR\CC1110-LinkTo\O #
#                            bj\framework.r51"                                 #
#                            "C:\Texas Instruments\SimpliciTI-IAR-1.2.0\Projec #
#                            ts\Examples\SRF04\UART_Bridge\IAR\CC1110-LinkTo\O #
#                            bj\log.r51"                                       #
#                            "C:\Texas Instruments\SimpliciTI-IAR-1.2.0\Projec #
#                            ts\Examples\SRF04\UART_Bridge\IAR\CC1110-LinkTo\O #
#                            bj\logHandle.r51"                                 #
#                            "C:\Texas Instruments\SimpliciTI-IAR-1.2.0\Projec #
#                            ts\Examples\SRF04\UART_Bridge\IAR\CC1110-LinkTo\O #
#                            bj\logLevel.r51"                                  #
#                            "C:\Texas Instruments\SimpliciTI-IAR-1.2.0\Projec #
#                            ts\Examples\SRF04\UART_Bridge\IAR\CC1110-LinkTo\O #
#                            bj\mrfi.r51"                                      #
#                            "C:\Texas Instruments\SimpliciTI-IAR-1.2.0\Projec #
#                            ts\Examples\SRF04\UART_Bridge\IAR\CC1110-LinkTo\O #
#                            bj\nwk.r51"                                       #
#                            "C:\Texas Instruments\SimpliciTI-IAR-1.2.0\Projec #
#                            ts\Examples\SRF04\UART_Bridge\IAR\CC1110-LinkTo\O #
#                            bj\nwk_QMgmt.r51"                                 #
#                            "C:\Texas Instruments\SimpliciTI-IAR-1.2.0\Projec #
#                            ts\Examples\SRF04\UART_Bridge\IAR\CC1110-LinkTo\O #
#                            bj\nwk_api.r51"                                   #
#                            "C:\Texas Instruments\SimpliciTI-IAR-1.2.0\Projec #
#                            ts\Examples\SRF04\UART_Bridge\IAR\CC1110-LinkTo\O #
#                            bj\nwk_frame.r51"                                 #
#                            "C:\Texas Instruments\SimpliciTI-IAR-1.2.0\Projec #
#                            ts\Examples\SRF04\UART_Bridge\IAR\CC1110-LinkTo\O #
#                            bj\nwk_freq.r51"                                  #
#                            "C:\Texas Instruments\SimpliciTI-IAR-1.2.0\Projec #
#                            ts\Examples\SRF04\UART_Bridge\IAR\CC1110-LinkTo\O #
#                            bj\nwk_globals.r51"                               #
#                            "C:\Texas Instruments\SimpliciTI-IAR-1.2.0\Projec #
#                            ts\Examples\SRF04\UART_Bridge\IAR\CC1110-LinkTo\O #
#                            bj\nwk_ioctl.r51"                                 #
#                            "C:\Texas Instruments\SimpliciTI-IAR-1.2.0\Projec #
#                            ts\Examples\SRF04\UART_Bridge\IAR\CC1110-LinkTo\O #
#                            bj\nwk_join.r51"                                  #
#                            "C:\Texas Instruments\SimpliciTI-IAR-1.2.0\Projec #
#                            ts\Examples\SRF04\UART_Bridge\IAR\CC1110-LinkTo\O #
#                            bj\nwk_link.r51"                                  #
#                            "C:\Texas Instruments\SimpliciTI-IAR-1.2.0\Projec #
#                            ts\Examples\SRF04\UART_Bridge\IAR\CC1110-LinkTo\O #
#                            bj\nwk_mgmt.r51"                                  #
#                            "C:\Texas Instruments\SimpliciTI-IAR-1.2.0\Projec #
#                            ts\Examples\SRF04\UART_Bridge\IAR\CC1110-LinkTo\O #
#                            bj\nwk_ping.r51"                                  #
#                            "C:\Texas Instruments\SimpliciTI-IAR-1.2.0\Projec #
#                            ts\Examples\SRF04\UART_Bridge\IAR\CC1110-LinkTo\O #
#                            bj\nwk_pll.r51"                                   #
#                            "C:\Texas Instruments\SimpliciTI-IAR-1.2.0\Projec #
#                            ts\Examples\SRF04\UART_Bridge\IAR\CC1110-LinkTo\O #
#                            bj\nwk_security.r51"                              #
#                            "C:\Texas Instruments\SimpliciTI-IAR-1.2.0\Projec #
#                            ts\Examples\SRF04\UART_Bridge\IAR\CC1110-LinkTo\O #
#                            bj\radio.r51"                                     #
#                            "C:\Texas Instruments\SimpliciTI-IAR-1.2.0\Projec #
#                            ts\Examples\SRF04\UART_Bridge\IAR\CC1110-LinkTo\O #
#                            bj\route.r51"                                     #
#                            "C:\Texas Instruments\SimpliciTI-IAR-1.2.0\Projec #
#                            ts\Examples\SRF04\UART_Bridge\IAR\CC1110-LinkTo\O #
#                            bj\stationData.r51"                               #
#                            "C:\Texas Instruments\SimpliciTI-IAR-1.2.0\Projec #
#                            ts\Examples\SRF04\UART_Bridge\IAR\CC1110-LinkTo\O #
#                            bj\surplusCharge.r51"                             #
#                            "C:\Texas Instruments\SimpliciTI-IAR-1.2.0\Projec #
#                            ts\Examples\SRF04\UART_Bridge\IAR\CC1110-LinkTo\O #
#                            bj\test.r51"                                      #
#                            "C:\Texas Instruments\SimpliciTI-IAR-1.2.0\Projec #
#                            ts\Examples\SRF04\UART_Bridge\IAR\CC1110-LinkTo\O #
#                            bj\uart.r51"                                      #
#                            "C:\Texas Instruments\SimpliciTI-IAR-1.2.0\Projec #
#                            ts\Examples\SRF04\UART_Bridge\IAR\CC1110-LinkTo\O #
#                            bj\uart_intfc.r51"                                #
#                            -o                                                #
#                            "C:\Texas Instruments\SimpliciTI-IAR-1.2.0\Projec #
#                            ts\Examples\SRF04\UART_Bridge\IAR\CC1110-LinkTo\E #
#                            xe\UART_Bridge.d51"                               #
#                            -l                                                #
#                            "C:\Texas Instruments\SimpliciTI-IAR-1.2.0\Projec #
#                            ts\Examples\SRF04\UART_Bridge\IAR\CC1110-LinkTo\L #
#                            ist\UART_Bridge.map"                              #
#                            -xms                                              #
#                            "-IC:\Program Files\IAR Systems\Embedded Workbenc #
#                            h 6.0 Evaluation\8051\LIB\"                       #
#                            -f                                                #
#                            "C:\Program Files\IAR Systems\Embedded Workbench  #
#                            6.0 Evaluation\8051\config\devices\Texas Instrume #
#                            nts\lnk51ew_cc1110F32.xcl"                        #
#                            (-D_IDATA0_START=0x00 -D_IDATA0_END=0xFF          #
#                            -D_PDATA0_START=0xF000 -D_PDATA0_END=0xF0FF       #
#                            -D_IXDATA0_START=0x00F000                         #
#                            -D_IXDATA0_END=0x00FDA1                           #
#                            -D_XDATA0_START=0x00F000 -D_XDATA0_END=0x00FDA1   #
#                            -D_CODE0_START=0x000000 -D_CODE0_END=0x007FFF     #
#                            -D?REGISTER_BANK=0x0 -D_REGISTER_BANK_START=0x0   #
#                            -D_BREG_START=0x00 -D?VB=0x20 -D?ESP=0x9B         #
#                            -Z(BIT)BREG=_BREG_START -Z(BIT)BIT_N=0-7F         #
#                            -Z(DATA)REGISTERS+8=_REGISTER_BANK_START          #
#                            -Z(DATA)BDATA_Z,BDATA_N,BDATA_I=20-2F             #
#                            -Z(DATA)VREG+_NR_OF_VIRTUAL_REGISTERS=08-7F       #
#                            -Z(DATA)PSP,XSP=08-7F -Z(DATA)DOVERLAY=08-7F      #
#                            -Z(DATA)DATA_I,DATA_Z,DATA_N=08-7F                #
#                            -U(IDATA)0-7F=(DATA)0-7F                          #
#                            -Z(IDATA)IDATA_I,IDATA_Z,IDATA_N=08-_IDATA0_END   #
#                            -Z(IDATA)ISTACK+_IDATA_STACK_SIZE#08-_IDATA0_END  #
#                            -Z(IDATA)IOVERLAY=08-FF -Z(CODE)INTVEC=0          #
#                            -Z(CODE)CSTART=_CODE0_START-_CODE0_END            #
#                            -Z(CODE)BIT_ID,BDATA_ID,DATA_ID,IDATA_ID,IXDATA_I #
#                            D,PDATA_ID,XDATA_ID=_CODE0_START-_CODE0_END       #
#                            -Z(CODE)RCODE,DIFUNCT,CODE_C,CODE_N,NEAR_CODE=_CO #
#                            DE0_START-_CODE0_END                              #
#                            -Z(CODE)CHECKSUM#_CODE0_END                       #
#                            -Z(XDATA)PDATA_Z,PDATA_I=_PDATA0_START-_PDATA0_EN #
#                            D                                                 #
#                            -P(XDATA)PDATA_N=_PDATA0_START-_PDATA0_END        #
#                            -Z(XDATA)PSTACK+_PDATA_STACK_SIZE=_PDATA0_START-_ #
#                            PDATA0_END                                        #
#                            -Z(XDATA)EXT_STACK+_EXTENDED_STACK_SIZE=_EXTENDED #
#                            _STACK_START                                      #
#                            -Z(XDATA)XSTACK+_XDATA_STACK_SIZE=_XDATA0_START-_ #
#                            XDATA0_END                                        #
#                            -Z(XDATA)IXDATA_Z,IXDATA_I=_IXDATA0_START-_IXDATA #
#                            0_END                                             #
#                            -P(XDATA)IXDATA_N=_IXDATA0_START-_IXDATA0_END     #
#                            -Z(XDATA)XDATA_Z,XDATA_I=_XDATA0_START-_XDATA0_EN #
#                            D                                                 #
#                            -P(XDATA)XDATA_N=_XDATA0_START-_XDATA0_END        #
#                            -Z(XDATA)XDATA_HEAP+_XDATA_HEAP_SIZE=_XDATA0_STAR #
#                            T-_XDATA0_END                                     #
#                            -Z(CONST)XDATA_ROM_C=_XDATA0_START-_XDATA0_END    #
#                            -cx51 -Z(XDATA)XDATA_SCRATCH=0xFDA2-0xFEFF)       #
#                            -D?DPMASK=0x01 -D_NR_OF_VIRTUAL_REGISTERS=8       #
#                            -D?DPS=0x92 -D?PBANK=0xA0 -D?DPL1=0x84            #
#                            -D?DPH1=0x85 -rt                                  #
#                            "-Ointel-extended=C:\Texas Instruments\SimpliciTI #
#                            -IAR-1.2.0\Projects\Examples\SRF04\UART_Bridge\IA #
#                            R\CC1110-LinkTo\Exe\UART_Bridge.hex"              #
#                            -s __program_start                                #
#                            "C:\Program Files\IAR Systems\Embedded Workbench  #
#                            6.0 Evaluation\8051\LIB\CLIB\cl-pli-nlxd-2e16inc. #
#                            r51"                                              #
#                            -D_IDATA_STACK_SIZE=0xC0                          #
#                            -D_EXTENDED_STACK_START=0x00                      #
#                            -D_EXTENDED_STACK_SIZE=0x00                       #
#                            -D_PDATA_STACK_SIZE=0x80                          #
#                            -D_XDATA_STACK_SIZE=0x3FF                         #
#                            -D_XDATA_HEAP_SIZE=0xFF -D_FAR_HEAP_SIZE=0xFFF    #
#                            -D_HUGE_HEAP_SIZE=0xFFF                           #
#                            -D_FAR22_HEAP_SIZE=0xFFF                          #
#                                                                              #
#                           Copyright (C) 1987-2010 IAR Systems AB.            #
################################################################################





                ****************************************
                *                                      *
                *           CROSS REFERENCE            *
                *                                      *
                ****************************************

       Program entry at : CODE      000000D3  Relocatable, from module : CSTARTUP




                ****************************************
                *                                      *
                *            RUNTIME MODEL             *
                *                                      *
                ****************************************

  __SystemLibrary          = CLib
  __calling_convention     = xdata_reentrant
  __code_model             = near
  __core                   = plain
  __data_model             = large
  __dptr_size              = 16
  __dptr_visibility        = separate
  __extended_stack         = disabled
  __location_for_constants = data
  __number_of_dptrs        = 2
  __rt_version             = 1



                ****************************************
                *                                      *
                *              MODULE MAP              *
                *                                      *
                ****************************************


  DEFINED ABSOLUTE ENTRIES
    *************************************************************************

  DEFINED ABSOLUTE ENTRIES
  PROGRAM MODULE, NAME : ?ABS_ENTRY_MOD

Absolute parts
           ENTRY                   ADDRESS         REF BY
           =====                   =======         ======
           _FAR22_HEAP_SIZE        00000FFF 
           _HUGE_HEAP_SIZE         00000FFF 
           _FAR_HEAP_SIZE          00000FFF 
           _XDATA_HEAP_SIZE        000000FF 
           _XDATA_STACK_SIZE       000003FF 
           _PDATA_STACK_SIZE       00000080 
           _EXTENDED_STACK_SIZE    00000000 
           _EXTENDED_STACK_START   00000000 
           _IDATA_STACK_SIZE       000000C0 
           ?DPH1                   00000085        ?XSTACK_RESTORE_DPTRS_1 (?XSTACK_RESTORE_DPTR)
                                                   ?XSTACK_SAVE_DPTRS_1 (?XSTACK_SAVE_DPTR)
                                                   Mrfi_DelayUsecLong (mrfi)
                                                   SMPL_Ioctl (nwk_api)
                                                   SMPL_Link (nwk_api)
                                                   SMPL_Receive (nwk_api)
                                                   SMPL_SendOpt (nwk_api)
                                                   Segment part 1 (?XSTACK_DISP8)
                                                   Segment part 67 (?largewr)
                                                   Segment part 69 (?largewr)
                                                   Segment part 7 (?memmove)
                                                   Segment part 8 (?sprintf)
                                                   Segment part 84 (?largewr)
                                                   Segment part 88 (?largewr)
                                                   Segment part 9 (?sprintf)
                                                   Segment part 93 (?largewr)
                                                   Segment part 98 (?largewr)
                                                   _formatted_write (?largewr)
                                                   channelHandle (channel)
                                                   dispatchFrame (nwk_frame)
                                                   float_conversion (?largewr)
                                                   getStationDataHandle (stationData)
                                                   getSurplusChargeHandle (surplusCharge)
                                                   handleLinkRequest (nwk_link)
                                                   handleRF (framework)
                                                   initOS (framework)
                                                   initializeConnection (nwk)
                                                   log (log)
                                                   logLevelHandle (logLevel)
                                                   memcmp (?memcmp)
                                                   memcpy (?memcpy)
                                                   memmove (?memmove)
                                                   nwk_QadjustOrder (nwk_QMgmt)
                                                   nwk_QfindOldest (nwk_QMgmt)
                                                   nwk_QfindSlot (nwk_QMgmt)
                                                   nwk_allocateLocalRxPort (nwk)
                                                   nwk_buildFrame (nwk_frame)
                                                   nwk_deviceAddress (nwk_ioctl)
                                                   nwk_findPeer (nwk)
                                                   nwk_getConnInfo (nwk)
                                                   nwk_getLocalLinkID (nwk_link)
                                                   nwk_getNextConnection (nwk)
                                                   nwk_getNumObjectFromMsg (nwk)
                                                   nwk_isConnectionValid (nwk)
                                                   nwk_isLinkDuplicate (nwk)
                                                   nwk_isValidReply (nwk)
                                                   nwk_joinInit (nwk_join)
                                                   nwk_link (nwk_link)
                                                   nwk_nwkInit (nwk)
                                                   nwk_processMgmt (nwk_mgmt)
                                                   nwk_processPing (nwk_ping)
                                                   nwk_putNumObjectIntoMsg (nwk)
                                                   nwk_radioControl (nwk_ioctl)
                                                   nwk_rawReceive (nwk_ioctl)
                                                   nwk_rawSend (nwk_ioctl)
                                                   nwk_retrieveFrame (nwk_frame)
                                                   nwk_sendFrame (nwk_frame)
                                                   nwk_unlink (nwk_link)
                                                   pop_buffer (uart_intfc)
                                                   push_buffer (uart_intfc)
                                                   send (radio)
                                                   smpl_send_link_reply (nwk_link)
                                                   tx_send_hex_wait (uart_intfc)
                                                   uart_tx_irq (uart)
           ?DPL1                   00000084        ?XSTACK_RESTORE_DPTRS_1 (?XSTACK_RESTORE_DPTR)
                                                   ?XSTACK_SAVE_DPTRS_1 (?XSTACK_SAVE_DPTR)
                                                   Mrfi_DelayUsecLong (mrfi)
                                                   SMPL_Ioctl (nwk_api)
                                                   SMPL_Link (nwk_api)
                                                   SMPL_Receive (nwk_api)
                                                   SMPL_SendOpt (nwk_api)
                                                   Segment part 1 (?XSTACK_DISP8)
                                                   Segment part 67 (?largewr)
                                                   Segment part 69 (?largewr)
                                                   Segment part 7 (?memmove)
                                                   Segment part 84 (?largewr)
                                                   Segment part 88 (?largewr)
                                                   Segment part 9 (?sprintf)
                                                   Segment part 93 (?largewr)
                                                   Segment part 98 (?largewr)
                                                   _formatted_write (?largewr)
                                                   channelHandle (channel)
                                                   dispatchFrame (nwk_frame)
                                                   float_conversion (?largewr)
                                                   getStationDataHandle (stationData)
                                                   getSurplusChargeHandle (surplusCharge)
                                                   handleLinkRequest (nwk_link)
                                                   handleRF (framework)
                                                   initOS (framework)
                                                   initializeConnection (nwk)
                                                   log (log)
                                                   logLevelHandle (logLevel)
                                                   memcmp (?memcmp)
                                                   memcpy (?memcpy)
                                                   memmove (?memmove)
                                                   nwk_QadjustOrder (nwk_QMgmt)
                                                   nwk_QfindOldest (nwk_QMgmt)
                                                   nwk_QfindSlot (nwk_QMgmt)
                                                   nwk_allocateLocalRxPort (nwk)
                                                   nwk_buildFrame (nwk_frame)
                                                   nwk_deviceAddress (nwk_ioctl)
                                                   nwk_findPeer (nwk)
                                                   nwk_getConnInfo (nwk)
                                                   nwk_getLocalLinkID (nwk_link)
                                                   nwk_getNextConnection (nwk)
                                                   nwk_getNumObjectFromMsg (nwk)
                                                   nwk_isConnectionValid (nwk)
                                                   nwk_isLinkDuplicate (nwk)
                                                   nwk_isValidReply (nwk)
                                                   nwk_joinInit (nwk_join)
                                                   nwk_link (nwk_link)
                                                   nwk_nwkInit (nwk)
                                                   nwk_processMgmt (nwk_mgmt)
                                                   nwk_processPing (nwk_ping)
                                                   nwk_putNumObjectIntoMsg (nwk)
                                                   nwk_radioControl (nwk_ioctl)
                                                   nwk_rawReceive (nwk_ioctl)
                                                   nwk_rawSend (nwk_ioctl)
                                                   nwk_retrieveFrame (nwk_frame)
                                                   nwk_sendFrame (nwk_frame)
                                                   nwk_unlink (nwk_link)
                                                   pop_buffer (uart_intfc)
                                                   push_buffer (uart_intfc)
                                                   put_c_in_string (?sprintf)
                                                   send (radio)
                                                   smpl_send_link_reply (nwk_link)
                                                   sprintf (?sprintf)
                                                   tx_send_hex_wait (uart_intfc)
                                                   uart_tx_irq (uart)
           ?PBANK                  000000A0 
           ?DPS                    00000092        ?FUNC_ENTER_XDATA (?FUNC_ENTER_XDATA)
                                                   ?FUNC_LEAVE_XDATA (?FUNC_LEAVE_XDATA)
                                                   ?MOVE_LONG8_XDATA_XDATA_2DPTR (?MOVE_LONG8_XDATA_XDATA_2DPTR)
                                                   ?RESET_DPS (CSTARTUP)
                                                   ?Subroutine0 (nwk)
                                                   ?Subroutine0 (uart)
                                                   ?Subroutine1 (uart)
                                                   ?Subroutine2 (nwk)
                                                   ?Subroutine3 (uart)
                                                   BSP_Delay (bsp)
                                                   BSP_Init (bsp)
                                                   MRFI_EnableRxAddrFilter (mrfi)
                                                   MRFI_GetRadioState (mrfi)
                                                   MRFI_PostKillSem (mrfi)
                                                   MRFI_RandomByte (mrfi)
                                                   MRFI_Receive (mrfi)
                                                   MRFI_RfIsr (mrfi)
                                                   MRFI_RxIdle (mrfi)
                                                   MRFI_SetRxAddrFilter (mrfi)
                                                   MRFI_Sleep (mrfi)
                                                   MRFI_WakeUp (mrfi)
                                                   SMPL_Init (nwk_api)
                                                   SMPL_Ioctl (nwk_api)
                                                   SMPL_Link (nwk_api)
                                                   Segment part 0 (?putchar)
                                                   Segment part 101 (?largewr)
                                                   Segment part 29 (uart)
                                                   Segment part 56 (?largewr)
                                                   Segment part 58 (?largewr)
                                                   Segment part 59 (?largewr)
                                                   Segment part 63 (?largewr)
                                                   Segment part 66 (?largewr)
                                                   Segment part 69 (?largewr)
                                                   Segment part 7 (?memmove)
                                                   Segment part 74 (?largewr)
                                                   Segment part 80 (?largewr)
                                                   Segment part 83 (?largewr)
                                                   Segment part 87 (?largewr)
                                                   Segment part 93 (?largewr)
                                                   Segment part 97 (?largewr)
                                                   Segment part 98 (?largewr)
                                                   __low_level_init (?low_level_init)
                                                   _formatted_write (?largewr)
                                                   channelHandle (channel)
                                                   dispatchFrame (nwk_frame)
                                                   float_conversion (?largewr)
                                                   getLogHandle (logHandle)
                                                   getMyAddress (nwk_globals)
                                                   getStationDataHandle (stationData)
                                                   getSurplusChargeHandle (surplusCharge)
                                                   getTestHandle (test)
                                                   handleLinkRequest (nwk_link)
                                                   handleRF (framework)
                                                   initOS (framework)
                                                   initializeConnection (nwk)
                                                   logLevelHandle (logLevel)
                                                   memcmp (?memcmp)
                                                   memcpy (?memcpy)
                                                   memmove (?memmove)
                                                   mrfi_TxDone (mrfi)
                                                   nwk_NVObj (nwk)
                                                   nwk_QadjustOrder (nwk_QMgmt)
                                                   nwk_QfindOldest (nwk_QMgmt)
                                                   nwk_QfindSlot (nwk_QMgmt)
                                                   nwk_allocateLocalRxPort (nwk)
                                                   nwk_buildFrame (nwk_frame)
                                                   nwk_checkConnInfo (nwk)
                                                   nwk_findPeer (nwk)
                                                   nwk_frameInit (nwk_frame)
                                                   nwk_freeConnection (nwk)
                                                   nwk_freqInit (nwk_freq)
                                                   nwk_getBCastAddress (nwk_globals)
                                                   nwk_getConnInfo (nwk)
                                                   nwk_getFWVersion (nwk_globals)
                                                   nwk_getLocalLinkID (nwk_link)
                                                   nwk_getMyAddress (nwk_globals)
                                                   nwk_getMyRxType (nwk_frame)
                                                   nwk_getNextConnection (nwk)
                                                   nwk_getNumObjectFromMsg (nwk)
                                                   nwk_getProtocolVersion (nwk_globals)
                                                   nwk_isConnectionValid (nwk)
                                                   nwk_isLinkDuplicate (nwk)
                                                   nwk_isValidReply (nwk)
                                                   nwk_join (nwk_join)
                                                   nwk_link (nwk_link)
                                                   nwk_processFreq (nwk_freq)
                                                   nwk_processLink (nwk_link)
                                                   nwk_processMgmt (nwk_mgmt)
                                                   nwk_processPing (nwk_ping)
                                                   nwk_processSecurity (nwk_security)
                                                   nwk_radioControl (nwk_ioctl)
                                                   nwk_rawReceive (nwk_ioctl)
                                                   nwk_rawSend (nwk_ioctl)
                                                   nwk_retrieveFrame (nwk_frame)
                                                   nwk_securityInit (nwk_security)
                                                   nwk_sendFrame (nwk_frame)
                                                   nwk_setListenContext (nwk_link)
                                                   pop_buffer (uart_intfc)
                                                   push_buffer (uart_intfc)
                                                   put_c_in_string (?sprintf)
                                                   smpl_send_link_reply (nwk_link)
                                                   sprintf (?sprintf)
                                                   strlen (?strlen)
                                                   tx_send_hex_wait (uart_intfc)
                                                   tx_send_wait (uart_intfc)
                                                   uart_init (uart)
                                                   uart_intfc_init (uart_intfc)
                                                   uart_rx_irq (uart)
                                                   uart_rx_message (uart)
                                                   uart_tx_irq (uart)
                                                   uart_tx_message (uart)
           _NR_OF_VIRTUAL_REGISTERS
                                   00000008 
           ?DPMASK                 00000001        ?FUNC_ENTER_XDATA (?FUNC_ENTER_XDATA)
                                                   ?FUNC_LEAVE_XDATA (?FUNC_LEAVE_XDATA)
                                                   ?RESET_DPS (CSTARTUP)
                                                   Segment part 0 (?putchar)
           ?ESP                    0000009B 
           ?VB                     00000020        ?FUNC_ENTER_XDATA (?FUNC_ENTER_XDATA)
                                                   ?FUNC_LEAVE_XDATA (?FUNC_LEAVE_XDATA)
                                                   Mrfi_DelayUsecLong (mrfi)
           _BREG_START             00000000 
           _REGISTER_BANK_START    00000000 
           ?REGISTER_BANK          00000000        Segment part 6 (CSTARTUP)
           _CODE0_END              00007FFF 
           _CODE0_START            00000000 
           _XDATA0_END             0000FDA1 
           _XDATA0_START           0000F000 
           _IXDATA0_END            0000FDA1 
           _IXDATA0_START          0000F000 
           _PDATA0_END             0000F0FF 
           _PDATA0_START           0000F000 
           _IDATA0_END             000000FF 
           _IDATA0_START           00000000 
           _CODEBANK_START         00000000 
           _CODEBANK_END           00000000 
           _NR_OF_BANKS            00000000 
    *************************************************************************

  FILE NAME : C:\Texas Instruments\SimpliciTI-IAR-1.2.0\Projects\Examples\SRF04\UART_Bridge\IAR\CC1110-LinkTo\Obj\bsp.r51
  PROGRAM MODULE, NAME : bsp

  SEGMENTS IN THE MODULE
  ======================
SFR_AN
  Relative segment, address: DATA 0000008F - 0000008F (0x1 bytes), align: 0
  Segment part 1. ROOT.       Intra module refs:   BSP_Init
           ENTRY                   ADDRESS         REF BY
           =====                   =======         ======
           P0INP                   0000008F 
    -------------------------------------------------------------------------
SFR_AN
  Relative segment, address: DATA 00000090 - 00000090 (0x1 bytes), align: 0
  Segment part 2. ROOT.       Intra module refs:   BSP_Init
                                                   main (framework)
                                                   receive (radio)
                                                   runOS (framework)
                                                   send (radio)
           ENTRY                   ADDRESS         REF BY
           =====                   =======         ======
           _A_P1                   00000090 
           LOCAL                   ADDRESS         
           =====                   =======         
           P1                      00000090 
    -------------------------------------------------------------------------
SFR_AN
  Relative segment, address: DATA 000000A8 - 000000A8 (0x1 bytes), align: 0
  Segment part 3. ROOT.       Intra module refs:   BSP_Init
                                                   MRFI_DelayMs (mrfi)
                                                   MRFI_EnableRxAddrFilter (mrfi)
                                                   MRFI_Init (mrfi)
                                                   MRFI_ReplyDelay (mrfi)
                                                   MRFI_RfIsr (mrfi)
                                                   MRFI_Rssi (mrfi)
                                                   MRFI_RxIdle (mrfi)
                                                   MRFI_RxOn (mrfi)
                                                   MRFI_SetLogicalChannel (mrfi)
                                                   MRFI_SetRFPwr (mrfi)
                                                   MRFI_Sleep (mrfi)
                                                   MRFI_Transmit (mrfi)
                                                   MRFI_WakeUp (mrfi)
                                                   Mrfi_DelayUsecLong (mrfi)
                                                   nwk_QadjustOrder (nwk_QMgmt)
                                                   nwk_QfindOldest (nwk_QMgmt)
                                                   nwk_QfindSlot (nwk_QMgmt)
                                                   nwk_getLocalLinkID (nwk_link)
                                                   pop_buffer (uart_intfc)
                                                   push_buffer (uart_intfc)
                                                   rx_handler (uart_intfc)
                                                   rx_receive (uart_intfc)
                                                   tx_handler (uart_intfc)
                                                   tx_send_wait (uart_intfc)
                                                   uart_0_rx_irq (uart)
                                                   uart_0_tx_irq (uart)
                                                   uart_1_rx_irq (uart)
                                                   uart_1_tx_irq (uart)
                                                   uart_init (uart)
                                                   uart_rx_irq (uart)
                                                   uart_rx_message (uart)
                                                   uart_tx_irq (uart)
                                                   uart_tx_message (uart)
           ENTRY                   ADDRESS         REF BY
           =====                   =======         ======
           _A_IEN0                 000000A8 
           LOCAL                   ADDRESS         
           =====                   =======         
           IEN0                    000000A8 
    -------------------------------------------------------------------------
SFR_AN
  Relative segment, address: DATA 000000CB - 000000CB (0x1 bytes), align: 0
  Segment part 4. ROOT.       Intra module refs:   BSP_Delay
           ENTRY                   ADDRESS         REF BY
           =====                   =======         ======
           T3CTL                   000000CB 
    -------------------------------------------------------------------------
SFR_AN
  Relative segment, address: DATA 000000CD - 000000CD (0x1 bytes), align: 0
  Segment part 5. ROOT.       Intra module refs:   BSP_Delay
           ENTRY                   ADDRESS         REF BY
           =====                   =======         ======
           T3CC0                   000000CD 
    -------------------------------------------------------------------------
SFR_AN
  Relative segment, address: DATA 000000D8 - 000000D8 (0x1 bytes), align: 0
  Segment part 6. ROOT.       Intra module refs:   BSP_Delay
           ENTRY                   ADDRESS         REF BY
           =====                   =======         ======
           _A_TIMIF                000000D8 
           LOCAL                   ADDRESS         
           =====                   =======         
           TIMIF                   000000D8 
    -------------------------------------------------------------------------
SFR_AN
  Relative segment, address: DATA 000000FE - 000000FE (0x1 bytes), align: 0
  Segment part 7. ROOT.       Intra module refs:   BSP_Init
           ENTRY                   ADDRESS         REF BY
           =====                   =======         ======
           P1DIR                   000000FE 
    -------------------------------------------------------------------------
NEAR_CODE
  Relative segment, address: CODE 00000E12 - 00000E4D (0x3c bytes), align: 0
  Segment part 13.
           ENTRY                   ADDRESS         REF BY
           =====                   =======         ======
           BSP_Init                00000E12        main (framework)
               XSTACK = 00000000 ( 00000002 )
               ISTACK = 00000000 ( 00000002 )
    -------------------------------------------------------------------------
NEAR_CODE
  Relative segment, address: CODE 00000E4E - 00000E74 (0x27 bytes), align: 0
  Segment part 15.
           ENTRY                   ADDRESS         REF BY
           =====                   =======         ======
           BSP_Delay               00000E4E        MRFI_DelayMs (mrfi)
                                                   MRFI_Init (mrfi)
                                                   MRFI_ReplyDelay (mrfi)
                                                   MRFI_Rssi (mrfi)
                                                   MRFI_Transmit (mrfi)
                                                   Mrfi_DelayUsecLong (mrfi)

    *************************************************************************

  FILE NAME : C:\Texas Instruments\SimpliciTI-IAR-1.2.0\Projects\Examples\SRF04\UART_Bridge\IAR\CC1110-LinkTo\Obj\channel.r51
  PROGRAM MODULE, NAME : channel

  SEGMENTS IN THE MODULE
  ======================
XDATA_Z
  Relative segment, address: XDATA 0000F3FF - 0000F3FF (0x1 bytes), align: 0
  Segment part 10.            Intra module refs:   channelHandle
           ENTRY                   ADDRESS         REF BY
           =====                   =======         ======
           channel                 0000F3FF 
    -------------------------------------------------------------------------
NEAR_CODE
  Relative segment, address: CODE 00000E75 - 00000F28 (0xb4 bytes), align: 0
  Segment part 11.
           ENTRY                   ADDRESS         REF BY
           =====                   =======         ======
           channelHandle           00000E75        initOS (framework)
               calls direct, is indirectly called
               XSTACK = 00000000 ( 0000000A )
               ISTACK = 00000000 ( 00000001 )
    -------------------------------------------------------------------------
XDATA_ID
  Relative segment, address: CODE 000000EB - 000000F7 (0xd bytes), align: 0
  Segment part 7.             Intra module refs:   Segment part 6
    -------------------------------------------------------------------------
XDATA_ID
  Relative segment, address: CODE 000000F8 - 00000103 (0xc bytes), align: 0
  Segment part 9.             Intra module refs:   Segment part 8
    -------------------------------------------------------------------------
XDATA_I
  Relative segment, address: XDATA 0000F876 - 0000F882 (0xd bytes), align: 0
  Segment part 6.             Intra module refs:   channelHandle
    -------------------------------------------------------------------------
XDATA_I
  Relative segment, address: XDATA 0000F883 - 0000F88E (0xc bytes), align: 0
  Segment part 8.             Intra module refs:   channelHandle

    *************************************************************************

  FILE NAME : C:\Texas Instruments\SimpliciTI-IAR-1.2.0\Projects\Examples\SRF04\UART_Bridge\IAR\CC1110-LinkTo\Obj\framework.r51
  PROGRAM MODULE, NAME : framework

  SEGMENTS IN THE MODULE
  ======================
XDATA_Z
  Relative segment, address: XDATA 0000F400 - 0000F41D (0x1e bytes), align: 0
  Segment part 27.            Intra module refs:   handleRF
                                                   initOS
           LOCAL                   ADDRESS         
           =====                   =======         
           taskList                0000F400 
    -------------------------------------------------------------------------
NEAR_CODE
  Relative segment, address: CODE 00000F29 - 00000FA9 (0x81 bytes), align: 0
  Segment part 31.            Intra module refs:   main
           ENTRY                   ADDRESS         REF BY
           =====                   =======         ======
           initOS                  00000F29 
               XSTACK = 00000000 ( 0000000A )
    -------------------------------------------------------------------------
NEAR_CODE
  Relative segment, address: CODE 00000FAA - 00000FDA (0x31 bytes), align: 0
  Segment part 32.            Intra module refs:   main
           ENTRY                   ADDRESS         REF BY
           =====                   =======         ======
           runOS                   00000FAA 
               calls direct
               ISTACK = 00000000 ( 00000002 )
    -------------------------------------------------------------------------
NEAR_CODE
  Relative segment, address: CODE 00000FDB - 00000FE2 (0x8 bytes), align: 0
  Segment part 35.            Intra module refs:   checkUART
           LOCAL                   ADDRESS         
           =====                   =======         
           ?Subroutine1            00000FDB 
    -------------------------------------------------------------------------
NEAR_CODE
  Relative segment, address: CODE 00000FE3 - 0000101B (0x39 bytes), align: 0
  Segment part 36.            Intra module refs:   runOS
           ENTRY                   ADDRESS         REF BY
           =====                   =======         ======
           sendTest2AP             00000FE3 
               calls direct
               ISTACK = 00000000 ( 00000002 )
    -------------------------------------------------------------------------
NEAR_CODE
  Relative segment, address: CODE 0000101C - 00001020 (0x5 bytes), align: 0
  Segment part 37.            Intra module refs:   sendTest2AP
           LOCAL                   ADDRESS         
           =====                   =======         
           ?Subroutine0            0000101C 
    -------------------------------------------------------------------------
NEAR_CODE
  Relative segment, address: CODE 00001021 - 00001284 (0x264 bytes), align: 0
  Segment part 39.            Intra module refs:   checkUART
                                                   runOS
           ENTRY                   ADDRESS         REF BY
           =====                   =======         ======
           handleRF                00001021 
               calls direct
               XSTACK = 0000001E ( 0000000F )
    -------------------------------------------------------------------------
NEAR_CODE
  Relative segment, address: CODE 00001285 - 00001323 (0x9f bytes), align: 0
  Segment part 41.            Intra module refs:   runOS
           ENTRY                   ADDRESS         REF BY
           =====                   =======         ======
           checkUART               00001285 
               calls direct
               XSTACK = 00000000 ( 00000020 )
    -------------------------------------------------------------------------
NEAR_CODE
  Relative segment, address: CODE 00001324 - 0000134E (0x2b bytes), align: 0
  Segment part 42.
           ENTRY                   ADDRESS         REF BY
           =====                   =======         ======
           main                    00001324        ?call_main (?cmain)
               calls direct
    -------------------------------------------------------------------------
XDATA_ID
  Relative segment, address: CODE 00000104 - 00000118 (0x15 bytes), align: 0
  Segment part 8.             Intra module refs:   Segment part 7
    -------------------------------------------------------------------------
XDATA_ID
  Relative segment, address: CODE 00000119 - 0000012F (0x17 bytes), align: 0
  Segment part 10.            Intra module refs:   Segment part 9
    -------------------------------------------------------------------------
XDATA_ID
  Relative segment, address: CODE 00000130 - 00000143 (0x14 bytes), align: 0
  Segment part 12.            Intra module refs:   Segment part 11
    -------------------------------------------------------------------------
XDATA_ID
  Relative segment, address: CODE 00000144 - 0000015A (0x17 bytes), align: 0
  Segment part 14.            Intra module refs:   Segment part 13
    -------------------------------------------------------------------------
XDATA_ID
  Relative segment, address: CODE 0000015B - 00000170 (0x16 bytes), align: 0
  Segment part 16.            Intra module refs:   Segment part 15
    -------------------------------------------------------------------------
XDATA_ID
  Relative segment, address: CODE 00000171 - 00000181 (0x11 bytes), align: 0
  Segment part 18.            Intra module refs:   Segment part 17
    -------------------------------------------------------------------------
XDATA_ID
  Relative segment, address: CODE 00000182 - 0000018C (0xb bytes), align: 0
  Segment part 20.            Intra module refs:   Segment part 19
    -------------------------------------------------------------------------
XDATA_ID
  Relative segment, address: CODE 0000018D - 0000019A (0xe bytes), align: 0
  Segment part 22.            Intra module refs:   Segment part 21
    -------------------------------------------------------------------------
XDATA_ID
  Relative segment, address: CODE 0000019B - 000001AF (0x15 bytes), align: 0
  Segment part 24.            Intra module refs:   Segment part 23
    -------------------------------------------------------------------------
XDATA_ID
  Relative segment, address: CODE 000001B0 - 000001C5 (0x16 bytes), align: 0
  Segment part 26.            Intra module refs:   Segment part 25
    -------------------------------------------------------------------------
XDATA_I
  Relative segment, address: XDATA 0000F88F - 0000F8A3 (0x15 bytes), align: 0
  Segment part 7.             Intra module refs:   handleRF
    -------------------------------------------------------------------------
XDATA_I
  Relative segment, address: XDATA 0000F8A4 - 0000F8BA (0x17 bytes), align: 0
  Segment part 9.             Intra module refs:   handleRF
    -------------------------------------------------------------------------
XDATA_I
  Relative segment, address: XDATA 0000F8BB - 0000F8CE (0x14 bytes), align: 0
  Segment part 11.            Intra module refs:   sendTest2AP
    -------------------------------------------------------------------------
XDATA_I
  Relative segment, address: XDATA 0000F8CF - 0000F8E5 (0x17 bytes), align: 0
  Segment part 13.            Intra module refs:   handleRF
    -------------------------------------------------------------------------
XDATA_I
  Relative segment, address: XDATA 0000F8E6 - 0000F8FB (0x16 bytes), align: 0
  Segment part 15.            Intra module refs:   handleRF
    -------------------------------------------------------------------------
XDATA_I
  Relative segment, address: XDATA 0000F8FC - 0000F90C (0x11 bytes), align: 0
  Segment part 17.            Intra module refs:   handleRF
    -------------------------------------------------------------------------
XDATA_I
  Relative segment, address: XDATA 0000F90D - 0000F917 (0xb bytes), align: 0
  Segment part 19.            Intra module refs:   handleRF
    -------------------------------------------------------------------------
XDATA_I
  Relative segment, address: XDATA 0000F918 - 0000F925 (0xe bytes), align: 0
  Segment part 21.            Intra module refs:   checkUART
    -------------------------------------------------------------------------
XDATA_I
  Relative segment, address: XDATA 0000F926 - 0000F93A (0x15 bytes), align: 0
  Segment part 23.            Intra module refs:   checkUART
    -------------------------------------------------------------------------
XDATA_I
  Relative segment, address: XDATA 0000F93B - 0000F950 (0x16 bytes), align: 0
  Segment part 25.            Intra module refs:   main

    *************************************************************************

  FILE NAME : C:\Texas Instruments\SimpliciTI-IAR-1.2.0\Projects\Examples\SRF04\UART_Bridge\IAR\CC1110-LinkTo\Obj\log.r51
  PROGRAM MODULE, NAME : log

  SEGMENTS IN THE MODULE
  ======================
XDATA_Z
  Relative segment, address: XDATA 0000F41E - 0000F611 (0x1f4 bytes), align: 0
  Segment part 6.             Intra module refs:   log
           ENTRY                   ADDRESS         REF BY
           =====                   =======         ======
           logBuffer               0000F41E        getLogHandle (logHandle)
    -------------------------------------------------------------------------
XDATA_Z
  Relative segment, address: XDATA 0000F612 - 0000F613 (0x2 bytes), align: 0
  Segment part 7.             Intra module refs:   log
           ENTRY                   ADDRESS         REF BY
           =====                   =======         ======
           logIndex                0000F612        getLogHandle (logHandle)
    -------------------------------------------------------------------------
XDATA_Z
  Relative segment, address: XDATA 0000F614 - 0000F677 (0x64 bytes), align: 0
  Segment part 8.
           ENTRY                   ADDRESS         REF BY
           =====                   =======         ======
           logTemp                 0000F614        getSurplusChargeHandle (surplusCharge)
                                                   handleRF (framework)
                                                   send (radio)
                                                   tx_send_hex_wait (uart_intfc)
    -------------------------------------------------------------------------
XDATA_I
  Relative segment, address: XDATA 0000F951 - 0000F951 (0x1 bytes), align: 0
  Segment part 9.             Intra module refs:   log
           ENTRY                   ADDRESS         REF BY
           =====                   =======         ======
           logLevel                0000F951        logLevelHandle (logLevel)
    -------------------------------------------------------------------------
NEAR_CODE
  Relative segment, address: CODE 0000134F - 0000149A (0x14c bytes), align: 0
  Segment part 11.
           ENTRY                   ADDRESS         REF BY
           =====                   =======         ======
           log                     0000134F        channelHandle (channel)
                                                   getLogHandle (logHandle)
                                                   getStationDataHandle (stationData)
                                                   handleRF (framework)
                                                   logLevelHandle (logLevel)
                                                   send (radio)
                                                   sendTest2AP (framework)
               calls direct
               XSTACK = 00000000 ( 0000000F )
               ISTACK = 00000000 ( 00000001 )
    -------------------------------------------------------------------------
XDATA_ID
  Relative segment, address: CODE 000001C6 - 000001C6 (0x1 bytes), align: 0
  Segment part 10.            Intra module refs:   logLevel

    *************************************************************************

  FILE NAME : C:\Texas Instruments\SimpliciTI-IAR-1.2.0\Projects\Examples\SRF04\UART_Bridge\IAR\CC1110-LinkTo\Obj\logHandle.r51
  PROGRAM MODULE, NAME : logHandle

  SEGMENTS IN THE MODULE
  ======================
NEAR_CODE
  Relative segment, address: CODE 0000149B - 00001547 (0xad bytes), align: 0
  Segment part 10.
           ENTRY                   ADDRESS         REF BY
           =====                   =======         ======
           getLogHandle            0000149B        initOS (framework)
               calls direct, is indirectly called
               XSTACK = 00000000 ( 0000000F )
               ISTACK = 00000000 ( 00000001 )
    -------------------------------------------------------------------------
XDATA_ID
  Relative segment, address: CODE 000001C7 - 000001CF (0x9 bytes), align: 0
  Segment part 7.             Intra module refs:   Segment part 6
    -------------------------------------------------------------------------
XDATA_ID
  Relative segment, address: CODE 000001D0 - 000001D6 (0x7 bytes), align: 0
  Segment part 9.             Intra module refs:   Segment part 8
    -------------------------------------------------------------------------
XDATA_I
  Relative segment, address: XDATA 0000F952 - 0000F95A (0x9 bytes), align: 0
  Segment part 6.             Intra module refs:   getLogHandle
    -------------------------------------------------------------------------
XDATA_I
  Relative segment, address: XDATA 0000F95B - 0000F961 (0x7 bytes), align: 0
  Segment part 8.             Intra module refs:   getLogHandle

    *************************************************************************

  FILE NAME : C:\Texas Instruments\SimpliciTI-IAR-1.2.0\Projects\Examples\SRF04\UART_Bridge\IAR\CC1110-LinkTo\Obj\logLevel.r51
  PROGRAM MODULE, NAME : logLevel

  SEGMENTS IN THE MODULE
  ======================
NEAR_CODE
  Relative segment, address: CODE 00001548 - 00001602 (0xbb bytes), align: 0
  Segment part 12.
           ENTRY                   ADDRESS         REF BY
           =====                   =======         ======
           logLevelHandle          00001548        initOS (framework)
               calls direct, is indirectly called
               XSTACK = 00000000 ( 0000000D )
               ISTACK = 00000000 ( 00000001 )
    -------------------------------------------------------------------------
XDATA_ID
  Relative segment, address: CODE 000001D7 - 000001EE (0x18 bytes), align: 0
  Segment part 7.             Intra module refs:   Segment part 6
    -------------------------------------------------------------------------
XDATA_ID
  Relative segment, address: CODE 000001EF - 000001F6 (0x8 bytes), align: 0
  Segment part 9.             Intra module refs:   Segment part 8
    -------------------------------------------------------------------------
XDATA_ID
  Relative segment, address: CODE 000001F7 - 0000020E (0x18 bytes), align: 0
  Segment part 11.            Intra module refs:   Segment part 10
    -------------------------------------------------------------------------
XDATA_I
  Relative segment, address: XDATA 0000F962 - 0000F979 (0x18 bytes), align: 0
  Segment part 6.             Intra module refs:   logLevelHandle
    -------------------------------------------------------------------------
XDATA_I
  Relative segment, address: XDATA 0000F97A - 0000F981 (0x8 bytes), align: 0
  Segment part 8.             Intra module refs:   logLevelHandle
    -------------------------------------------------------------------------
XDATA_I
  Relative segment, address: XDATA 0000F982 - 0000F999 (0x18 bytes), align: 0
  Segment part 10.            Intra module refs:   logLevelHandle

    *************************************************************************

  FILE NAME : C:\Texas Instruments\SimpliciTI-IAR-1.2.0\Projects\Examples\SRF04\UART_Bridge\IAR\CC1110-LinkTo\Obj\mrfi.r51
  PROGRAM MODULE, NAME : mrfi

  SEGMENTS IN THE MODULE
  ======================
SFR_AN
  Relative segment, address: DATA 000000A9 - 000000A9 (0x1 bytes), align: 0
  Segment part 1. ROOT.       Intra module refs:   MRFI_Init
           ENTRY                   ADDRESS         REF BY
           =====                   =======         ======
           _A_IP0xx                000000A9 
           LOCAL                   ADDRESS         
           =====                   =======         
           IP0xx                   000000A9 
    -------------------------------------------------------------------------
SFR_AN
  Relative segment, address: DATA 000000B9 - 000000B9 (0x1 bytes), align: 0
  Segment part 2. ROOT.       Intra module refs:   MRFI_Init
           ENTRY                   ADDRESS         REF BY
           =====                   =======         ======
           _A_IP1xx                000000B9 
           LOCAL                   ADDRESS         
           =====                   =======         
           IP1xx                   000000B9 
    -------------------------------------------------------------------------
SFR_AN
  Relative segment, address: DATA 00000091 - 00000091 (0x1 bytes), align: 0
  Segment part 3. ROOT.       Intra module refs:   MRFI_Init
                                                   MRFI_RfIsr
                                                   MRFI_RxIdle
                                                   MRFI_RxOn
                                                   MRFI_SetLogicalChannel
                                                   MRFI_SetRFPwr
                                                   MRFI_Sleep
                                                   MRFI_Transmit
           ENTRY                   ADDRESS         REF BY
           =====                   =======         ======
           RFIM                    00000091 
    -------------------------------------------------------------------------
SFR_AN
  Relative segment, address: DATA 0000009A - 0000009A (0x1 bytes), align: 0
  Segment part 4. ROOT.       Intra module refs:   MRFI_Init
           ENTRY                   ADDRESS         REF BY
           =====                   =======         ======
           IEN2                    0000009A 
    -------------------------------------------------------------------------
SFR_AN
  Relative segment, address: DATA 0000009B - 0000009B (0x1 bytes), align: 0
  Segment part 5. ROOT.       Intra module refs:   MRFI_Init
                                                   MRFI_RfIsr
                                                   MRFI_RxIdle
                                                   MRFI_RxOn
                                                   MRFI_SetLogicalChannel
                                                   MRFI_SetRFPwr
                                                   MRFI_Sleep
                                                   MRFI_Transmit
           ENTRY                   ADDRESS         REF BY
           =====                   =======         ======
           S1CON                   0000009B 
    -------------------------------------------------------------------------
SFR_AN
  Relative segment, address: DATA 000000B4 - 000000B4 (0x1 bytes), align: 0
  Segment part 7. ROOT.       Intra module refs:   MRFI_RandomByte
                                                   MRFI_Transmit
           ENTRY                   ADDRESS         REF BY
           =====                   =======         ======
           ADCCON1                 000000B4 
    -------------------------------------------------------------------------
SFR_AN
  Relative segment, address: DATA 000000BC - 000000BC (0x1 bytes), align: 0
  Segment part 8. ROOT.       Intra module refs:   MRFI_Init
                                                   MRFI_RandomByte
                                                   MRFI_Transmit
           ENTRY                   ADDRESS         REF BY
           =====                   =======         ======
           RNDL                    000000BC 
    -------------------------------------------------------------------------
SFR_AN
  Relative segment, address: DATA 000000BE - 000000BE (0x1 bytes), align: 0
  Segment part 9. ROOT.       Intra module refs:   MRFI_Init
           ENTRY                   ADDRESS         REF BY
           =====                   =======         ======
           SLEEP                   000000BE 
    -------------------------------------------------------------------------
SFR_AN
  Relative segment, address: DATA 000000C6 - 000000C6 (0x1 bytes), align: 0
  Segment part 10. ROOT.      Intra module refs:   MRFI_Init
                                                   MRFI_WakeUp
           ENTRY                   ADDRESS         REF BY
           =====                   =======         ======
           CLKCON                  000000C6 
    -------------------------------------------------------------------------
SFR_AN
  Relative segment, address: DATA 000000D1 - 000000D1 (0x1 bytes), align: 0
  Segment part 11. ROOT.      Intra module refs:   MRFI_Init
                                                   MRFI_RfIsr
                                                   MRFI_RxIdle
                                                   MRFI_SetLogicalChannel
                                                   MRFI_SetRFPwr
                                                   MRFI_Sleep
                                                   MRFI_Transmit
           ENTRY                   ADDRESS         REF BY
           =====                   =======         ======
           DMAIRQ                  000000D1 
    -------------------------------------------------------------------------
SFR_AN
  Relative segment, address: DATA 000000D4 - 000000D4 (0x1 bytes), align: 0
  Segment part 12. ROOT.      Intra module refs:   MRFI_Init
           ENTRY                   ADDRESS         REF BY
           =====                   =======         ======
           DMA0CFGL                000000D4 
    -------------------------------------------------------------------------
SFR_AN
  Relative segment, address: DATA 000000D5 - 000000D5 (0x1 bytes), align: 0
  Segment part 13. ROOT.      Intra module refs:   MRFI_Init
           ENTRY                   ADDRESS         REF BY
           =====                   =======         ======
           DMA0CFGH                000000D5 
    -------------------------------------------------------------------------
SFR_AN
  Relative segment, address: DATA 000000D6 - 000000D6 (0x1 bytes), align: 0
  Segment part 14. ROOT.      Intra module refs:   MRFI_Init
                                                   MRFI_RfIsr
                                                   MRFI_RxIdle
                                                   MRFI_RxOn
                                                   MRFI_SetLogicalChannel
                                                   MRFI_SetRFPwr
                                                   MRFI_Sleep
                                                   MRFI_Transmit
           ENTRY                   ADDRESS         REF BY
           =====                   =======         ======
           DMAARM                  000000D6 
    -------------------------------------------------------------------------
SFR_AN
  Relative segment, address: DATA 000000E1 - 000000E1 (0x1 bytes), align: 0
  Segment part 15. ROOT.      Intra module refs:   MRFI_Init
                                                   MRFI_RfIsr
                                                   MRFI_RxIdle
                                                   MRFI_RxOn
                                                   MRFI_SetLogicalChannel
                                                   MRFI_SetRFPwr
                                                   MRFI_Sleep
                                                   MRFI_Transmit
                                                   MRFI_WakeUp
           ENTRY                   ADDRESS         REF BY
           =====                   =======         ======
           RFST                    000000E1 
    -------------------------------------------------------------------------
SFR_AN
  Relative segment, address: DATA 000000E9 - 000000E9 (0x1 bytes), align: 0
  Segment part 16. ROOT.      Intra module refs:   MRFI_Init
                                                   MRFI_RfIsr
                                                   MRFI_RxIdle
                                                   MRFI_RxOn
                                                   MRFI_SetLogicalChannel
                                                   MRFI_SetRFPwr
                                                   MRFI_Sleep
                                                   MRFI_Transmit
                                                   mrfi_TxDone
           ENTRY                   ADDRESS         REF BY
           =====                   =======         ======
           RFIF                    000000E9 
    -------------------------------------------------------------------------
XDATA_I
  Relative segment, address: XDATA 0000F99A - 0000F99A (0x1 bytes), align: 0
  Segment part 23.
           ENTRY                   ADDRESS         REF BY
           =====                   =======         ======
           mrfiBroadcastAddr       0000F99A        nwk_getBCastAddress (nwk_globals)
    -------------------------------------------------------------------------
XDATA_Z
  Relative segment, address: XDATA 0000F678 - 0000F678 (0x1 bytes), align: 0
  Segment part 25.            Intra module refs:   MRFI_GetRadioState
                                                   MRFI_Init
                                                   MRFI_RfIsr
                                                   MRFI_Rssi
                                                   MRFI_RxIdle
                                                   MRFI_RxOn
                                                   MRFI_SetLogicalChannel
                                                   MRFI_SetRFPwr
                                                   MRFI_Sleep
                                                   MRFI_Transmit
                                                   MRFI_WakeUp
           LOCAL                   ADDRESS         
           =====                   =======         
           mrfiRadioState          0000F678 
    -------------------------------------------------------------------------
XDATA_Z
  Relative segment, address: XDATA 0000F679 - 0000F6A2 (0x2a bytes), align: 0
  Segment part 26.            Intra module refs:   MRFI_Init
                                                   MRFI_Receive
                                                   MRFI_RfIsr
                                                   MRFI_RxOn
                                                   MRFI_SetLogicalChannel
                                                   MRFI_SetRFPwr
                                                   MRFI_Transmit
           LOCAL                   ADDRESS         
           =====                   =======         
           mrfiIncomingPacket      0000F679 
    -------------------------------------------------------------------------
XDATA_Z
  Relative segment, address: XDATA 0000F6A3 - 0000F6A3 (0x1 bytes), align: 0
  Segment part 27.            Intra module refs:   MRFI_PostKillSem
                                                   MRFI_ReplyDelay
           LOCAL                   ADDRESS         
           =====                   =======         
           sKillSem                0000F6A3 
    -------------------------------------------------------------------------
XDATA_Z
  Relative segment, address: XDATA 0000F6A4 - 0000F6A4 (0x1 bytes), align: 0
  Segment part 28.            Intra module refs:   MRFI_PostKillSem
                                                   MRFI_ReplyDelay
           LOCAL                   ADDRESS         
           =====                   =======         
           sReplyDelayContext      0000F6A4 
    -------------------------------------------------------------------------
XDATA_Z
  Relative segment, address: XDATA 0000F6A5 - 0000F6A6 (0x2 bytes), align: 0
  Segment part 29.            Intra module refs:   MRFI_Init
                                                   MRFI_ReplyDelay
           LOCAL                   ADDRESS         
           =====                   =======         
           sReplyDelayScalar       0000F6A5 
    -------------------------------------------------------------------------
XDATA_Z
  Relative segment, address: XDATA 0000F6A7 - 0000F6A8 (0x2 bytes), align: 0
  Segment part 30.            Intra module refs:   MRFI_Init
                                                   MRFI_Transmit
           LOCAL                   ADDRESS         
           =====                   =======         
           sBackoffHelper          0000F6A7 
    -------------------------------------------------------------------------
XDATA_Z
  Relative segment, address: XDATA 0000F6A9 - 0000F6B0 (0x8 bytes), align: 0
  Segment part 31.            Intra module refs:   MRFI_Init
                                                   MRFI_RfIsr
                                                   MRFI_RxOn
                                                   MRFI_SetLogicalChannel
                                                   MRFI_SetRFPwr
                                                   MRFI_Transmit
           ENTRY                   ADDRESS         REF BY
           =====                   =======         ======
           mrfiDmaCfg              0000F6A9 
    -------------------------------------------------------------------------
NEAR_CODE
  Relative segment, address: CODE 00001603 - 0000179F (0x19d bytes), align: 0
  Segment part 44.
           ENTRY                   ADDRESS         REF BY
           =====                   =======         ======
           MRFI_Init               00001603        SMPL_Init (nwk_api)
               calls direct
               XSTACK = 00000000 ( 0000000D )
    -------------------------------------------------------------------------
NEAR_CODE
  Relative segment, address: CODE 000017A0 - 000017C9 (0x2a bytes), align: 0
  Segment part 45.            Intra module refs:   MRFI_Transmit
           LOCAL                   ADDRESS         
           =====                   =======         
           mrfi_TxDone             000017A0 
               is indirectly called
               ISTACK = 00000000 ( 00000002 )
    -------------------------------------------------------------------------
NEAR_CODE
  Relative segment, address: CODE 000017CA - 000019F3 (0x22a bytes), align: 0
  Segment part 46.
           ENTRY                   ADDRESS         REF BY
           =====                   =======         ======
           MRFI_Transmit           000017CA        nwk_sendFrame (nwk_frame)
               calls direct
               XSTACK = 00000000 ( 00000012 )
    -------------------------------------------------------------------------
XDATA_Z
  Relative segment, address: XDATA 0000F6B1 - 0000F6B1 (0x1 bytes), align: 0
  Segment part 32.            Intra module refs:   MRFI_Transmit
           LOCAL                   ADDRESS         
           =====                   =======         
           MRFI_Transmit::ccaRetries
                                   0000F6B1 
    -------------------------------------------------------------------------
NEAR_CODE
  Relative segment, address: CODE 000019F4 - 00001A23 (0x30 bytes), align: 0
  Segment part 47.
           ENTRY                   ADDRESS         REF BY
           =====                   =======         ======
           MRFI_Receive            000019F4        MRFI_RxCompleteISR (nwk_frame)
               XSTACK = 00000000 ( 0000000A )
    -------------------------------------------------------------------------
NEAR_CODE
  Relative segment, address: CODE 00001A24 - 00001BF1 (0x1ce bytes), align: 0
  Segment part 48.            Intra module refs:   MRFI_RfIsr::??INTVEC 131
           ENTRY                   ADDRESS         REF BY
           =====                   =======         ======
           MRFI_RfIsr              00001A24 
               interrupt function
               calls direct
               XSTACK = 00000000 ( 00000002 )
               ISTACK = 00000000 ( 0000000F )
    -------------------------------------------------------------------------
NEAR_CODE
  Relative segment, address: CODE 00001BF2 - 00001C36 (0x45 bytes), align: 0
  Segment part 49.
           ENTRY                   ADDRESS         REF BY
           =====                   =======         ======
[...]
  Segment part 79.            Intra module refs:   Segment part 78
                                                   _formatted_write
    -------------------------------------------------------------------------
NEAR_CODE
  Relative segment, address: CODE 00005E27 - 00005E28 (0x2 bytes), align: 0
  Segment part 80.            Intra module refs:   _formatted_write
    -------------------------------------------------------------------------
NEAR_CODE
  Relative segment, address: CODE 00005E29 - 00005E2C (0x4 bytes), align: 0
  Segment part 81.            Intra module refs:   Segment part 80
                                                   _formatted_write
                                                   float_conversion
    -------------------------------------------------------------------------
NEAR_CODE
  Relative segment, address: CODE 00005E2D - 00005E33 (0x7 bytes), align: 0
  Segment part 82.            Intra module refs:   _formatted_write
    -------------------------------------------------------------------------
NEAR_CODE
  Relative segment, address: CODE 00005E34 - 00005E38 (0x5 bytes), align: 0
  Segment part 83.            Intra module refs:   Segment part 82
                                                   Segment part 88
    -------------------------------------------------------------------------
NEAR_CODE
  Relative segment, address: CODE 00005E39 - 00005E40 (0x8 bytes), align: 0
  Segment part 84.            Intra module refs:   Segment part 81
                                                   Segment part 83
                                                   Segment part 87
    -------------------------------------------------------------------------
NEAR_CODE
  Relative segment, address: CODE 00005E41 - 00005E47 (0x7 bytes), align: 0
  Segment part 85.            Intra module refs:   _formatted_write
    -------------------------------------------------------------------------
NEAR_CODE
  Relative segment, address: CODE 00005E48 - 00005E51 (0xa bytes), align: 0
  Segment part 86.            Intra module refs:   _formatted_write
                                                   float_conversion
    -------------------------------------------------------------------------
NEAR_CODE
  Relative segment, address: CODE 00005E52 - 00005E5A (0x9 bytes), align: 0
  Segment part 87.            Intra module refs:   _formatted_write
    -------------------------------------------------------------------------
NEAR_CODE
  Relative segment, address: CODE 00005E5B - 00005E64 (0xa bytes), align: 0
  Segment part 88.            Intra module refs:   _formatted_write
    -------------------------------------------------------------------------
NEAR_CODE
  Relative segment, address: CODE 00005E65 - 00005E6C (0x8 bytes), align: 0
  Segment part 89.            Intra module refs:   _formatted_write
    -------------------------------------------------------------------------
NEAR_CODE
  Relative segment, address: CODE 00005E6D - 00005E72 (0x6 bytes), align: 0
  Segment part 90.            Intra module refs:   Segment part 89
                                                   _formatted_write
    -------------------------------------------------------------------------
NEAR_CODE
  Relative segment, address: CODE 00005E73 - 00005E76 (0x4 bytes), align: 0
  Segment part 91.            Intra module refs:   Segment part 90
                                                   _formatted_write
    -------------------------------------------------------------------------
NEAR_CODE
  Relative segment, address: CODE 00005E77 - 00005E7A (0x4 bytes), align: 0
  Segment part 92.            Intra module refs:   Segment part 91
                                                   Segment part 96
                                                   Segment part 98
    -------------------------------------------------------------------------
NEAR_CODE
  Relative segment, address: CODE 00005E7B - 00005E85 (0xb bytes), align: 0
  Segment part 93.            Intra module refs:   Segment part 92
                                                   Segment part 95
    -------------------------------------------------------------------------
NEAR_CODE
  Relative segment, address: CODE 00005E86 - 00005E89 (0x4 bytes), align: 0
  Segment part 94.            Intra module refs:   _formatted_write
    -------------------------------------------------------------------------
NEAR_CODE
  Relative segment, address: CODE 00005E8A - 00005E93 (0xa bytes), align: 0
  Segment part 95.            Intra module refs:   Segment part 94
                                                   Segment part 97
    -------------------------------------------------------------------------
NEAR_CODE
  Relative segment, address: CODE 00005E94 - 00005EA0 (0xd bytes), align: 0
  Segment part 96.            Intra module refs:   _formatted_write
    -------------------------------------------------------------------------
NEAR_CODE
  Relative segment, address: CODE 00005EA1 - 00005EA8 (0x8 bytes), align: 0
  Segment part 97.            Intra module refs:   _formatted_write
    -------------------------------------------------------------------------
NEAR_CODE
  Relative segment, address: CODE 00005EA9 - 00005EC1 (0x19 bytes), align: 0
  Segment part 98.            Intra module refs:   _formatted_write
    -------------------------------------------------------------------------
NEAR_CODE
  Relative segment, address: CODE 00005EC2 - 00005ECD (0xc bytes), align: 0
  Segment part 99.            Intra module refs:   _formatted_write
    -------------------------------------------------------------------------
NEAR_CODE
  Relative segment, address: CODE 00005ECE - 00005ED4 (0x7 bytes), align: 0
  Segment part 100.           Intra module refs:   _formatted_write
    -------------------------------------------------------------------------
NEAR_CODE
  Relative segment, address: CODE 00005ED5 - 00005EE1 (0xd bytes), align: 0
  Segment part 101.           Intra module refs:   _formatted_write
    -------------------------------------------------------------------------
NEAR_CODE
  Relative segment, address: CODE 00005EE2 - 00005EE4 (0x3 bytes), align: 0
  Segment part 102.           Intra module refs:   _formatted_write
                                                   float_conversion
    -------------------------------------------------------------------------
NEAR_CODE
  Relative segment, address: CODE 00005EE5 - 00005EEB (0x7 bytes), align: 0
  Segment part 103.           Intra module refs:   Segment part 102
                                                   float_conversion
    -------------------------------------------------------------------------
XDATA_ID
  Relative segment, address: CODE 000002C8 - 000002D8 (0x11 bytes), align: 0
  Segment part 7.             Intra module refs:   Segment part 6
    -------------------------------------------------------------------------
XDATA_ID
  Relative segment, address: CODE 000002D9 - 000002E7 (0xf bytes), align: 0
  Segment part 9.             Intra module refs:   Segment part 8
    -------------------------------------------------------------------------
XDATA_ID
  Relative segment, address: CODE 000002E8 - 000002EB (0x4 bytes), align: 0
  Segment part 11.            Intra module refs:   Segment part 10
    -------------------------------------------------------------------------
XDATA_ID
  Relative segment, address: CODE 000002EC - 000002EF (0x4 bytes), align: 0
  Segment part 13.            Intra module refs:   __Constant_7f800000
    -------------------------------------------------------------------------
XDATA_ID
  Relative segment, address: CODE 000002F0 - 000002F3 (0x4 bytes), align: 0
  Segment part 15.            Intra module refs:   __Constant_3f800000
    -------------------------------------------------------------------------
XDATA_ID
  Relative segment, address: CODE 000002F4 - 000002F7 (0x4 bytes), align: 0
  Segment part 17.            Intra module refs:   __Constant_0
    -------------------------------------------------------------------------
XDATA_ID
  Relative segment, address: CODE 000002F8 - 000002FB (0x4 bytes), align: 0
  Segment part 19.            Intra module refs:   __Constant_501502f9
    -------------------------------------------------------------------------
XDATA_ID
  Relative segment, address: CODE 000002FC - 000002FF (0x4 bytes), align: 0
  Segment part 21.            Intra module refs:   __Constant_51ba43b7
    -------------------------------------------------------------------------
XDATA_ID
  Relative segment, address: CODE 00000300 - 00000303 (0x4 bytes), align: 0
  Segment part 23.            Intra module refs:   __Constant_41200000
    -------------------------------------------------------------------------
XDATA_ID
  Relative segment, address: CODE 00000304 - 00000307 (0x4 bytes), align: 0
  Segment part 25.            Intra module refs:   __Constant_2edbe700
    -------------------------------------------------------------------------
XDATA_ID
  Relative segment, address: CODE 00000308 - 0000030B (0x4 bytes), align: 0
  Segment part 27.            Intra module refs:   __Constant_40a00000
    -------------------------------------------------------------------------
XDATA_ID
  Relative segment, address: CODE 0000030C - 0000030F (0x4 bytes), align: 0
  Segment part 29.            Intra module refs:   __Constant_10
    -------------------------------------------------------------------------
XDATA_ID
  Relative segment, address: CODE 00000310 - 00000313 (0x4 bytes), align: 0
  Segment part 31.            Intra module refs:   __Constant_8
    -------------------------------------------------------------------------
XDATA_ID
  Relative segment, address: CODE 00000314 - 00000317 (0x4 bytes), align: 0
  Segment part 33.            Intra module refs:   __Constant_a
    -------------------------------------------------------------------------
XDATA_I
  Relative segment, address: XDATA 0000FA53 - 0000FA63 (0x11 bytes), align: 0
  Segment part 6.             Intra module refs:   _formatted_write
    -------------------------------------------------------------------------
XDATA_I
  Relative segment, address: XDATA 0000FA64 - 0000FA72 (0xf bytes), align: 0
  Segment part 8.             Intra module refs:   _formatted_write
    -------------------------------------------------------------------------
XDATA_I
  Relative segment, address: XDATA 0000FA73 - 0000FA76 (0x4 bytes), align: 0
  Segment part 10.            Intra module refs:   _formatted_write
    -------------------------------------------------------------------------
XDATA_I
  Relative segment, address: XDATA 0000FA77 - 0000FA7A (0x4 bytes), align: 0
  Segment part 12.            Intra module refs:   float_conversion
           ENTRY                   ADDRESS         REF BY
           =====                   =======         ======
           __Constant_7f800000     0000FA77 
    -------------------------------------------------------------------------
XDATA_I
  Relative segment, address: XDATA 0000FA7B - 0000FA7E (0x4 bytes), align: 0
  Segment part 14.            Intra module refs:   float_conversion
           ENTRY                   ADDRESS         REF BY
           =====                   =======         ======
           __Constant_3f800000     0000FA7B 
    -------------------------------------------------------------------------
XDATA_I
  Relative segment, address: XDATA 0000FA7F - 0000FA82 (0x4 bytes), align: 0
  Segment part 16.            Intra module refs:   _formatted_write
                                                   float_conversion
           ENTRY                   ADDRESS         REF BY
           =====                   =======         ======
           __Constant_0            0000FA7F 
    -------------------------------------------------------------------------
XDATA_I
  Relative segment, address: XDATA 0000FA83 - 0000FA86 (0x4 bytes), align: 0
  Segment part 18.            Intra module refs:   float_conversion
           ENTRY                   ADDRESS         REF BY
           =====                   =======         ======
           __Constant_501502f9     0000FA83 
    -------------------------------------------------------------------------
XDATA_I
  Relative segment, address: XDATA 0000FA87 - 0000FA8A (0x4 bytes), align: 0
  Segment part 20.            Intra module refs:   float_conversion
           ENTRY                   ADDRESS         REF BY
           =====                   =======         ======
           __Constant_51ba43b7     0000FA87 
    -------------------------------------------------------------------------
XDATA_I
  Relative segment, address: XDATA 0000FA8B - 0000FA8E (0x4 bytes), align: 0
  Segment part 22.            Intra module refs:   float_conversion
           ENTRY                   ADDRESS         REF BY
           =====                   =======         ======
           __Constant_41200000     0000FA8B 
    -------------------------------------------------------------------------
XDATA_I
  Relative segment, address: XDATA 0000FA8F - 0000FA92 (0x4 bytes), align: 0
  Segment part 24.            Intra module refs:   float_conversion
           ENTRY                   ADDRESS         REF BY
           =====                   =======         ======
           __Constant_2edbe700     0000FA8F 
    -------------------------------------------------------------------------
XDATA_I
  Relative segment, address: XDATA 0000FA93 - 0000FA96 (0x4 bytes), align: 0
  Segment part 26.            Intra module refs:   float_conversion
           ENTRY                   ADDRESS         REF BY
           =====                   =======         ======
           __Constant_40a00000     0000FA93 
    -------------------------------------------------------------------------
XDATA_I
  Relative segment, address: XDATA 0000FA97 - 0000FA9A (0x4 bytes), align: 0
  Segment part 28.            Intra module refs:   _formatted_write
           ENTRY                   ADDRESS         REF BY
           =====                   =======         ======
           __Constant_10           0000FA97 
    -------------------------------------------------------------------------
XDATA_I
  Relative segment, address: XDATA 0000FA9B - 0000FA9E (0x4 bytes), align: 0
  Segment part 30.            Intra module refs:   _formatted_write
           ENTRY                   ADDRESS         REF BY
           =====                   =======         ======
           __Constant_8            0000FA9B 
    -------------------------------------------------------------------------
XDATA_I
  Relative segment, address: XDATA 0000FA9F - 0000FAA2 (0x4 bytes), align: 0
  Segment part 32.            Intra module refs:   _formatted_write
           ENTRY                   ADDRESS         REF BY
           =====                   =======         ======
           __Constant_a            0000FA9F 

    -------------------------------------------------------------------------
  LIBRARY MODULE, NAME : ?low_level_init

  SEGMENTS IN THE MODULE
  ======================
CSTART
  Relative segment, address: CODE 000000E5 - 000000EA (0x6 bytes), align: 0
  Segment part 6. ROOT.
           ENTRY                   ADDRESS         REF BY
           =====                   =======         ======
           __low_level_init        000000E5        __low_level_init_call (?cmain)




                ****************************************
                *                                      *
                *      SEGMENTS IN ADDRESS ORDER       *
                *                                      *
                ****************************************


SEGMENT              SPACE    START ADDRESS   END ADDRESS     SIZE  TYPE  ALIGN
=======              =====    =============   ===========     ====  ====  =====
INTVEC               CODE          00000000 - 00000085          86   com    0
CSTART               CODE          00000086 - 000000EA          65   rel    0
BIT_ID               CODE               000000EB                     dse    0
DATA_ID              CODE               000000EB                     dse    0
PDATA_ID             CODE               000000EB                     dse    0
IXDATA_ID            CODE               000000EB                     dse    0
BDATA_ID             CODE               000000EB                     dse    0
IDATA_ID             CODE               000000EB                     dse    0
XDATA_ID             CODE          000000EB - 00000317         22D   rel    0
RCODE                CODE          00000318 - 00000E11         AFA   rel    0
DIFUNCT              CODE               00000E12                     dse    0
CODE_N               CODE               00000E12                     dse    0
CODE_C               CODE               00000E12                     dse    0
NEAR_CODE            CODE          00000E12 - 00005EEB        50DA   rel    0
REGISTERS            DATA          00000000 - 00000007           8   rel    0
VREG                 DATA          00000008 - 0000000F           8   rel    0
PSP                  DATA               00000010                     dse    0
XSP                  DATA          00000010 - 00000011           2   rel    0
BREG                 BIT        00000020.0  -  00000020.7        8   rel    0
SFR_AN               DATA          00000086 - 00000086           1   rel    0
                     DATA          0000008F - 00000091           3 
                     DATA          0000009A - 0000009A           1 
                     DATA          0000009A - 0000009B           2 
                     DATA          000000A8 - 000000A9           2 
                     DATA          000000B4 - 000000B4           1 
                     DATA          000000B9 - 000000B9           1 
                     DATA          000000BC - 000000BC           1 
                     DATA          000000BE - 000000BE           1 
                     DATA          000000C1 - 000000C2           2 
                     DATA          000000C4 - 000000C6           3 
                     DATA          000000CB - 000000CB           1 
                     DATA          000000CD - 000000CD           1 
                     DATA          000000D1 - 000000D1           1 
                     DATA          000000D4 - 000000D6           3 
                     DATA          000000D8 - 000000D8           1 
                     DATA          000000E1 - 000000E1           1 
                     DATA          000000E8 - 000000E9           2 
                     DATA          000000F1 - 000000F3           3 
                     DATA          000000F5 - 000000F5           1 
                     DATA          000000FE - 000000FE           1 
XSTACK               XDATA         0000F000 - 0000F3FE         3FF   rel    0
XDATA_Z              XDATA         0000F3FF - 0000F875         477   rel    0
XDATA_I              XDATA         0000F876 - 0000FAA2         22D   rel    0
ISTACK               IDATA         00000040 - 000000FF          C0   rel    0

                ****************************************
                *                                      *
                *        END OF CROSS REFERENCE        *
                *                                      *
                ****************************************

 24 300 bytes of CODE  memory
     18 bytes of DATA  memory (+ 33 absolute )
  2 723 bytes of XDATA memory
    192 bytes of IDATA memory
      8 bits  of BIT   memory

Errors: none
Warnings: none

