################################################################################
#                                                                              #
#      IAR Universal Linker V5.0.2.5/W32                                       #
#                                                                              #
#           Link time     =  28/Feb/2012  22:47:54                             #
#           Target CPU    =  x51                                               #
#           List file     =  "C:\Texas Instruments\SimpliciTI-IAR-1.2.0\Projec #
#                            ts\Examples\SRF04\Cascading_End_Devices\IAR\CC111 #
#                            0-EndDevice2\List\Cascading_End_Devices.map"      #
#           Output file 1 =  "C:\Texas Instruments\SimpliciTI-IAR-1.2.0\Projec #
#                            ts\Examples\SRF04\Cascading_End_Devices\IAR\CC111 #
#                            0-EndDevice2\Exe\Cascading_End_Devices.d51"       #
#                            Format: debug                                     #
#                            UBROF version 10.0.3                              #
#                            Using library modules for C-SPY (-rt)             #
#           Command line  =  "-IC:\Program Files\IAR Systems\Embedded Workbenc #
#                            h 6.0 Evaluation\8051\CONFIG\"                    #
#                            -D_NR_OF_BANKS=0 -D_CODEBANK_END=0                #
#                            -D_CODEBANK_START=0                               #
#                            "C:\Texas Instruments\SimpliciTI-IAR-1.2.0\Projec #
#                            ts\Examples\SRF04\Cascading_End_Devices\IAR\CC111 #
#                            0-EndDevice2\Obj\bsp.r51"                         #
#                            "C:\Texas Instruments\SimpliciTI-IAR-1.2.0\Projec #
#                            ts\Examples\SRF04\Cascading_End_Devices\IAR\CC111 #
#                            0-EndDevice2\Obj\framework.r51"                   #
#                            "C:\Texas Instruments\SimpliciTI-IAR-1.2.0\Projec #
#                            ts\Examples\SRF04\Cascading_End_Devices\IAR\CC111 #
#                            0-EndDevice2\Obj\log.r51"                         #
#                            "C:\Texas Instruments\SimpliciTI-IAR-1.2.0\Projec #
#                            ts\Examples\SRF04\Cascading_End_Devices\IAR\CC111 #
#                            0-EndDevice2\Obj\main_linear.r51"                 #
#                            "C:\Texas Instruments\SimpliciTI-IAR-1.2.0\Projec #
#                            ts\Examples\SRF04\Cascading_End_Devices\IAR\CC111 #
#                            0-EndDevice2\Obj\mrfi.r51"                        #
#                            "C:\Texas Instruments\SimpliciTI-IAR-1.2.0\Projec #
#                            ts\Examples\SRF04\Cascading_End_Devices\IAR\CC111 #
#                            0-EndDevice2\Obj\nwk.r51"                         #
#                            "C:\Texas Instruments\SimpliciTI-IAR-1.2.0\Projec #
#                            ts\Examples\SRF04\Cascading_End_Devices\IAR\CC111 #
#                            0-EndDevice2\Obj\nwk_QMgmt.r51"                   #
#                            "C:\Texas Instruments\SimpliciTI-IAR-1.2.0\Projec #
#                            ts\Examples\SRF04\Cascading_End_Devices\IAR\CC111 #
#                            0-EndDevice2\Obj\nwk_api.r51"                     #
#                            "C:\Texas Instruments\SimpliciTI-IAR-1.2.0\Projec #
#                            ts\Examples\SRF04\Cascading_End_Devices\IAR\CC111 #
#                            0-EndDevice2\Obj\nwk_frame.r51"                   #
#                            "C:\Texas Instruments\SimpliciTI-IAR-1.2.0\Projec #
#                            ts\Examples\SRF04\Cascading_End_Devices\IAR\CC111 #
#                            0-EndDevice2\Obj\nwk_freq.r51"                    #
#                            "C:\Texas Instruments\SimpliciTI-IAR-1.2.0\Projec #
#                            ts\Examples\SRF04\Cascading_End_Devices\IAR\CC111 #
#                            0-EndDevice2\Obj\nwk_globals.r51"                 #
#                            "C:\Texas Instruments\SimpliciTI-IAR-1.2.0\Projec #
#                            ts\Examples\SRF04\Cascading_End_Devices\IAR\CC111 #
#                            0-EndDevice2\Obj\nwk_ioctl.r51"                   #
#                            "C:\Texas Instruments\SimpliciTI-IAR-1.2.0\Projec #
#                            ts\Examples\SRF04\Cascading_End_Devices\IAR\CC111 #
#                            0-EndDevice2\Obj\nwk_join.r51"                    #
#                            "C:\Texas Instruments\SimpliciTI-IAR-1.2.0\Projec #
#                            ts\Examples\SRF04\Cascading_End_Devices\IAR\CC111 #
#                            0-EndDevice2\Obj\nwk_link.r51"                    #
#                            "C:\Texas Instruments\SimpliciTI-IAR-1.2.0\Projec #
#                            ts\Examples\SRF04\Cascading_End_Devices\IAR\CC111 #
#                            0-EndDevice2\Obj\nwk_mgmt.r51"                    #
#                            "C:\Texas Instruments\SimpliciTI-IAR-1.2.0\Projec #
#                            ts\Examples\SRF04\Cascading_End_Devices\IAR\CC111 #
#                            0-EndDevice2\Obj\nwk_ping.r51"                    #
#                            "C:\Texas Instruments\SimpliciTI-IAR-1.2.0\Projec #
#                            ts\Examples\SRF04\Cascading_End_Devices\IAR\CC111 #
#                            0-EndDevice2\Obj\nwk_pll.r51"                     #
#                            "C:\Texas Instruments\SimpliciTI-IAR-1.2.0\Projec #
#                            ts\Examples\SRF04\Cascading_End_Devices\IAR\CC111 #
#                            0-EndDevice2\Obj\nwk_security.r51"                #
#                            "C:\Texas Instruments\SimpliciTI-IAR-1.2.0\Projec #
#                            ts\Examples\SRF04\Cascading_End_Devices\IAR\CC111 #
#                            0-EndDevice2\Obj\radio.r51"                       #
#                            "C:\Texas Instruments\SimpliciTI-IAR-1.2.0\Projec #
#                            ts\Examples\SRF04\Cascading_End_Devices\IAR\CC111 #
#                            0-EndDevice2\Obj\route.r51"                       #
#                            "C:\Texas Instruments\SimpliciTI-IAR-1.2.0\Projec #
#                            ts\Examples\SRF04\Cascading_End_Devices\IAR\CC111 #
#                            0-EndDevice2\Obj\uart.r51"                        #
#                            "C:\Texas Instruments\SimpliciTI-IAR-1.2.0\Projec #
#                            ts\Examples\SRF04\Cascading_End_Devices\IAR\CC111 #
#                            0-EndDevice2\Obj\uart_intfc.r51"                  #
#                            -o                                                #
#                            "C:\Texas Instruments\SimpliciTI-IAR-1.2.0\Projec #
#                            ts\Examples\SRF04\Cascading_End_Devices\IAR\CC111 #
#                            0-EndDevice2\Exe\Cascading_End_Devices.d51"       #
#                            -l                                                #
#                            "C:\Texas Instruments\SimpliciTI-IAR-1.2.0\Projec #
#                            ts\Examples\SRF04\Cascading_End_Devices\IAR\CC111 #
#                            0-EndDevice2\List\Cascading_End_Devices.map"      #
#                            -xms                                              #
#                            "-IC:\Program Files\IAR Systems\Embedded Workbenc #
#                            h 6.0 Evaluation\8051\LIB\"                       #
#                            -f                                                #
#                            "C:\Program Files\IAR Systems\Embedded Workbench  #
#                            6.0 Evaluation\8051\config\devices\Texas Instrume #
#                            nts\lnk51ew_cc1110F32.xcl"                        #
#                            (-D_IDATA0_START=0x00 -D_IDATA0_END=0xFF          #
#                            -D_PDATA0_START=0xF000 -D_PDATA0_END=0xF0FF       #
#                            -D_IXDATA0_START=0x00F000                         #
#                            -D_IXDATA0_END=0x00FDA1                           #
#                            -D_XDATA0_START=0x00F000 -D_XDATA0_END=0x00FDA1   #
#                            -D_CODE0_START=0x000000 -D_CODE0_END=0x007FFF     #
#                            -D?REGISTER_BANK=0x0 -D_REGISTER_BANK_START=0x0   #
#                            -D_BREG_START=0x00 -D?VB=0x20 -D?ESP=0x9B         #
#                            -Z(BIT)BREG=_BREG_START -Z(BIT)BIT_N=0-7F         #
#                            -Z(DATA)REGISTERS+8=_REGISTER_BANK_START          #
#                            -Z(DATA)BDATA_Z,BDATA_N,BDATA_I=20-2F             #
#                            -Z(DATA)VREG+_NR_OF_VIRTUAL_REGISTERS=08-7F       #
#                            -Z(DATA)PSP,XSP=08-7F -Z(DATA)DOVERLAY=08-7F      #
#                            -Z(DATA)DATA_I,DATA_Z,DATA_N=08-7F                #
#                            -U(IDATA)0-7F=(DATA)0-7F                          #
#                            -Z(IDATA)IDATA_I,IDATA_Z,IDATA_N=08-_IDATA0_END   #
#                            -Z(IDATA)ISTACK+_IDATA_STACK_SIZE#08-_IDATA0_END  #
#                            -Z(IDATA)IOVERLAY=08-FF -Z(CODE)INTVEC=0          #
#                            -Z(CODE)CSTART=_CODE0_START-_CODE0_END            #
#                            -Z(CODE)BIT_ID,BDATA_ID,DATA_ID,IDATA_ID,IXDATA_I #
#                            D,PDATA_ID,XDATA_ID=_CODE0_START-_CODE0_END       #
#                            -Z(CODE)RCODE,DIFUNCT,CODE_C,CODE_N,NEAR_CODE=_CO #
#                            DE0_START-_CODE0_END                              #
#                            -Z(CODE)CHECKSUM#_CODE0_END                       #
#                            -Z(XDATA)PDATA_Z,PDATA_I=_PDATA0_START-_PDATA0_EN #
#                            D                                                 #
#                            -P(XDATA)PDATA_N=_PDATA0_START-_PDATA0_END        #
#                            -Z(XDATA)PSTACK+_PDATA_STACK_SIZE=_PDATA0_START-_ #
#                            PDATA0_END                                        #
#                            -Z(XDATA)EXT_STACK+_EXTENDED_STACK_SIZE=_EXTENDED #
#                            _STACK_START                                      #
#                            -Z(XDATA)XSTACK+_XDATA_STACK_SIZE=_XDATA0_START-_ #
#                            XDATA0_END                                        #
#                            -Z(XDATA)IXDATA_Z,IXDATA_I=_IXDATA0_START-_IXDATA #
#                            0_END                                             #
#                            -P(XDATA)IXDATA_N=_IXDATA0_START-_IXDATA0_END     #
#                            -Z(XDATA)XDATA_Z,XDATA_I=_XDATA0_START-_XDATA0_EN #
#                            D                                                 #
#                            -P(XDATA)XDATA_N=_XDATA0_START-_XDATA0_END        #
#                            -Z(XDATA)XDATA_HEAP+_XDATA_HEAP_SIZE=_XDATA0_STAR #
#                            T-_XDATA0_END                                     #
#                            -Z(CONST)XDATA_ROM_C=_XDATA0_START-_XDATA0_END    #
#                            -cx51 -Z(XDATA)XDATA_SCRATCH=0xFDA2-0xFEFF)       #
#                            -D_NR_OF_VIRTUAL_REGISTERS=8 -D?PBANK=0xA0 -rt    #
#                            -s __program_start                                #
#                            "C:\Program Files\IAR Systems\Embedded Workbench  #
#                            6.0 Evaluation\8051\LIB\CLIB\cl-pli-nlxd-1e16x01. #
#                            r51"                                              #
#                            -D_IDATA_STACK_SIZE=0xC0                          #
#                            -D_EXTENDED_STACK_START=0x00                      #
#                            -D_EXTENDED_STACK_SIZE=0x00                       #
#                            -D_PDATA_STACK_SIZE=0x80                          #
#                            -D_XDATA_STACK_SIZE=0x3FF                         #
#                            -D_XDATA_HEAP_SIZE=0xFF -D_FAR_HEAP_SIZE=0xFFF    #
#                            -D_HUGE_HEAP_SIZE=0xFFF                           #
#                            -D_FAR22_HEAP_SIZE=0xFFF                          #
#                                                                              #
#                           Copyright (C) 1987-2010 IAR Systems AB.            #
################################################################################





                ****************************************
                *                                      *
                *           CROSS REFERENCE            *
                *                                      *
                ****************************************

       Program entry at : CODE      000000D3  Relocatable, from module : CSTARTUP




                ****************************************
                *                                      *
                *            RUNTIME MODEL             *
                *                                      *
                ****************************************

  __SystemLibrary          = CLib
  __calling_convention     = xdata_reentrant
  __code_model             = near
  __core                   = plain
  __data_model             = large
  __dptr_size              = 16
  __extended_stack         = disabled
  __location_for_constants = data
  __number_of_dptrs        = 1
  __rt_version             = 1



                ****************************************
                *                                      *
                *              MODULE MAP              *
                *                                      *
                ****************************************


  DEFINED ABSOLUTE ENTRIES
    *************************************************************************

  DEFINED ABSOLUTE ENTRIES
  PROGRAM MODULE, NAME : ?ABS_ENTRY_MOD

Absolute parts
           ENTRY                   ADDRESS         REF BY
           =====                   =======         ======
           _FAR22_HEAP_SIZE        00000FFF 
           _HUGE_HEAP_SIZE         00000FFF 
           _FAR_HEAP_SIZE          00000FFF 
           _XDATA_HEAP_SIZE        000000FF 
           _XDATA_STACK_SIZE       000003FF 
           _PDATA_STACK_SIZE       00000080 
           _EXTENDED_STACK_SIZE    00000000 
           _EXTENDED_STACK_START   00000000 
           _IDATA_STACK_SIZE       000000C0 
           ?PBANK                  000000A0 
           _NR_OF_VIRTUAL_REGISTERS
                                   00000008 
           ?ESP                    0000009B 
           ?VB                     00000020        ?FUNC_ENTER_XDATA (?FUNC_ENTER_XDATA)
                                                   ?FUNC_LEAVE_XDATA (?FUNC_LEAVE_XDATA)
                                                   ?INTERRUPT_ENTER_SP (?INTERRUPT_ENTER_SP)
                                                   ?INTERRUPT_ENTER_XSP (?INTERRUPT_ENTER_XSP)
                                                   ?INTERRUPT_LEAVE_SP (?INTERRUPT_LEAVE_SP)
                                                   ?INTERRUPT_LEAVE_XSP (?INTERRUPT_LEAVE_XSP)
                                                   Mrfi_DelayUsecLong (mrfi)
                                                   tx_send (uart_intfc)
           _BREG_START             00000000 
           _REGISTER_BANK_START    00000000 
           ?REGISTER_BANK          00000000        Segment part 6 (CSTARTUP)
           _CODE0_END              00007FFF 
           _CODE0_START            00000000 
           _XDATA0_END             0000FDA1 
           _XDATA0_START           0000F000 
           _IXDATA0_END            0000FDA1 
           _IXDATA0_START          0000F000 
           _PDATA0_END             0000F0FF 
           _PDATA0_START           0000F000 
           _IDATA0_END             000000FF 
           _IDATA0_START           00000000 
           _CODEBANK_START         00000000 
           _CODEBANK_END           00000000 
           _NR_OF_BANKS            00000000 
    *************************************************************************

  FILE NAME : C:\Texas Instruments\SimpliciTI-IAR-1.2.0\Projects\Examples\SRF04\Cascading_End_Devices\IAR\CC1110-EndDevice2\Obj\bsp.r51
  PROGRAM MODULE, NAME : bsp

  SEGMENTS IN THE MODULE
  ======================
SFR_AN
  Relative segment, address: DATA 0000008F - 0000008F (0x1 bytes), align: 0
  Segment part 1. ROOT.       Intra module refs:   BSP_InitDrivers
           ENTRY                   ADDRESS         REF BY
           =====                   =======         ======
           P0INP                   0000008F 
    -------------------------------------------------------------------------
SFR_AN
  Relative segment, address: DATA 00000090 - 00000090 (0x1 bytes), align: 0
  Segment part 2. ROOT.       Intra module refs:   BSP_InitLeds
                                                   main (main_linear)
                                                   toggleLED (main_linear)
           ENTRY                   ADDRESS         REF BY
           =====                   =======         ======
           _A_P1                   00000090 
           LOCAL                   ADDRESS         
           =====                   =======         
           P1                      00000090 
    -------------------------------------------------------------------------
SFR_AN
  Relative segment, address: DATA 000000A8 - 000000A8 (0x1 bytes), align: 0
  Segment part 3. ROOT.       Intra module refs:   BSP_Init
                                                   MRFI_EnableRxAddrFilter (mrfi)
                                                   MRFI_Init (mrfi)
                                                   MRFI_ReplyDelay (mrfi)
                                                   MRFI_RfIsr (mrfi)
                                                   MRFI_Rssi (mrfi)
                                                   MRFI_RxIdle (mrfi)
                                                   MRFI_RxOn (mrfi)
                                                   MRFI_SetLogicalChannel (mrfi)
                                                   MRFI_Sleep (mrfi)
                                                   MRFI_Transmit (mrfi)
                                                   MRFI_WakeUp (mrfi)
                                                   Mrfi_DelayUsec (mrfi)
                                                   Mrfi_DelayUsecLong (mrfi)
                                                   nwk_QadjustOrder (nwk_QMgmt)
                                                   nwk_QfindOldest (nwk_QMgmt)
                                                   pop_buffer (uart_intfc)
                                                   push_buffer (uart_intfc)
                                                   rx_handler (uart_intfc)
                                                   tx_handler (uart_intfc)
                                                   tx_peek (uart_intfc)
                                                   tx_send (uart_intfc)
                                                   uart_0_rx_irq (uart)
                                                   uart_0_tx_irq (uart)
                                                   uart_1_rx_irq (uart)
                                                   uart_1_tx_irq (uart)
                                                   uart_init (uart)
                                                   uart_rx_irq (uart)
                                                   uart_rx_message (uart)
                                                   uart_tx_irq (uart)
                                                   uart_tx_message (uart)
           ENTRY                   ADDRESS         REF BY
           =====                   =======         ======
           _A_IEN0                 000000A8 
           LOCAL                   ADDRESS         
           =====                   =======         
           IEN0                    000000A8 
    -------------------------------------------------------------------------
SFR_AN
  Relative segment, address: DATA 000000CB - 000000CB (0x1 bytes), align: 0
  Segment part 4. ROOT.       Intra module refs:   BSP_Delay
           ENTRY                   ADDRESS         REF BY
           =====                   =======         ======
           T3CTL                   000000CB 
    -------------------------------------------------------------------------
SFR_AN
  Relative segment, address: DATA 000000CD - 000000CD (0x1 bytes), align: 0
  Segment part 5. ROOT.       Intra module refs:   BSP_Delay
           ENTRY                   ADDRESS         REF BY
           =====                   =======         ======
           T3CC0                   000000CD 
    -------------------------------------------------------------------------
SFR_AN
  Relative segment, address: DATA 000000D8 - 000000D8 (0x1 bytes), align: 0
  Segment part 6. ROOT.       Intra module refs:   BSP_Delay
           ENTRY                   ADDRESS         REF BY
           =====                   =======         ======
           _A_TIMIF                000000D8 
           LOCAL                   ADDRESS         
           =====                   =======         
           TIMIF                   000000D8 
    -------------------------------------------------------------------------
SFR_AN
  Relative segment, address: DATA 000000FE - 000000FE (0x1 bytes), align: 0
  Segment part 7. ROOT.       Intra module refs:   BSP_InitLeds
           ENTRY                   ADDRESS         REF BY
           =====                   =======         ======
           P1DIR                   000000FE 
    -------------------------------------------------------------------------
NEAR_CODE
  Relative segment, address: CODE 000004F5 - 00000523 (0x2f bytes), align: 0
  Segment part 13.
           ENTRY                   ADDRESS         REF BY
           =====                   =======         ======
           BSP_Init                000004F5        main (main_linear)
               calls direct
               XSTACK = 00000000 ( 00000002 )
               ISTACK = 00000000 ( 00000002 )
    -------------------------------------------------------------------------
NEAR_CODE
  Relative segment, address: CODE 00000524 - 00000547 (0x24 bytes), align: 0
  Segment part 15.
           ENTRY                   ADDRESS         REF BY
           =====                   =======         ======
           BSP_Delay               00000524        ?Subroutine8 (mrfi)
                                                   MRFI_ReplyDelay (mrfi)
                                                   Mrfi_DelayUsecLong (mrfi)
    -------------------------------------------------------------------------
NEAR_CODE
  Relative segment, address: CODE 00000548 - 0000054E (0x7 bytes), align: 0
  Segment part 16.            Intra module refs:   BSP_Init
           ENTRY                   ADDRESS         REF BY
           =====                   =======         ======
           BSP_InitDrivers         00000548 
               calls direct
               XSTACK = 00000002 ( 00000000 )
    -------------------------------------------------------------------------
NEAR_CODE
  Relative segment, address: CODE 0000054F - 00000559 (0xb bytes), align: 0
  Segment part 17.            Intra module refs:   BSP_InitDrivers
           ENTRY                   ADDRESS         REF BY
           =====                   =======         ======
           BSP_InitLeds            0000054F 

    *************************************************************************

  FILE NAME : C:\Texas Instruments\SimpliciTI-IAR-1.2.0\Projects\Examples\SRF04\Cascading_End_Devices\IAR\CC1110-EndDevice2\Obj\framework.r51
  PROGRAM MODULE, NAME : framework

  SEGMENTS IN THE MODULE
  ======================

    *************************************************************************

  FILE NAME : C:\Texas Instruments\SimpliciTI-IAR-1.2.0\Projects\Examples\SRF04\Cascading_End_Devices\IAR\CC1110-EndDevice2\Obj\log.r51
    *************************************************************************

  FILE NAME : C:\Texas Instruments\SimpliciTI-IAR-1.2.0\Projects\Examples\SRF04\Cascading_End_Devices\IAR\CC1110-EndDevice2\Obj\main_linear.r51
  PROGRAM MODULE, NAME : main_linear

  SEGMENTS IN THE MODULE
  ======================
NEAR_CODE
  Relative segment, address: CODE 0000055A - 000005E4 (0x8b bytes), align: 0
  Segment part 11.
           ENTRY                   ADDRESS         REF BY
           =====                   =======         ======
           main                    0000055A        ?call_main (?cmain)
               calls direct
               XSTACK = 00000000 ( 00000003 )
    -------------------------------------------------------------------------
NEAR_CODE
  Relative segment, address: CODE 000005E5 - 000005F6 (0x12 bytes), align: 0
  Segment part 12.            Intra module refs:   main
           ENTRY                   ADDRESS         REF BY
           =====                   =======         ======
           toggleLED               000005E5 
               XSTACK = 00000003 ( 00000000 )
    -------------------------------------------------------------------------
XDATA_ID
  Relative segment, address: CODE 000000E5 - 000000F2 (0xe bytes), align: 0
  Segment part 8.             Intra module refs:   Segment part 7
    -------------------------------------------------------------------------
XDATA_ID
  Relative segment, address: CODE 000000F3 - 000000FF (0xd bytes), align: 0
  Segment part 10.            Intra module refs:   Segment part 9
    -------------------------------------------------------------------------
XDATA_I
  Relative segment, address: XDATA 0000F570 - 0000F57D (0xe bytes), align: 0
  Segment part 7.             Intra module refs:   main
    -------------------------------------------------------------------------
XDATA_I
  Relative segment, address: XDATA 0000F57E - 0000F58A (0xd bytes), align: 0
  Segment part 9.             Intra module refs:   main

    *************************************************************************

  FILE NAME : C:\Texas Instruments\SimpliciTI-IAR-1.2.0\Projects\Examples\SRF04\Cascading_End_Devices\IAR\CC1110-EndDevice2\Obj\mrfi.r51
  PROGRAM MODULE, NAME : mrfi

  SEGMENTS IN THE MODULE
  ======================
SFR_AN
  Relative segment, address: DATA 000000A9 - 000000A9 (0x1 bytes), align: 0
  Segment part 1. ROOT.       Intra module refs:   MRFI_Init
           ENTRY                   ADDRESS         REF BY
           =====                   =======         ======
           _A_IP0xx                000000A9 
           LOCAL                   ADDRESS         
           =====                   =======         
           IP0xx                   000000A9 
    -------------------------------------------------------------------------
SFR_AN
  Relative segment, address: DATA 000000B9 - 000000B9 (0x1 bytes), align: 0
  Segment part 2. ROOT.       Intra module refs:   MRFI_Init
           ENTRY                   ADDRESS         REF BY
           =====                   =======         ======
           _A_IP1xx                000000B9 
           LOCAL                   ADDRESS         
           =====                   =======         
           IP1xx                   000000B9 
    -------------------------------------------------------------------------
SFR_AN
  Relative segment, address: DATA 00000091 - 00000091 (0x1 bytes), align: 0
  Segment part 3. ROOT.       Intra module refs:   Mrfi_RxModeOff
                                                   Mrfi_RxModeOn
           ENTRY                   ADDRESS         REF BY
           =====                   =======         ======
           RFIM                    00000091 
    -------------------------------------------------------------------------
SFR_AN
  Relative segment, address: DATA 0000009A - 0000009A (0x1 bytes), align: 0
  Segment part 4. ROOT.       Intra module refs:   MRFI_Init
           ENTRY                   ADDRESS         REF BY
           =====                   =======         ======
           IEN2                    0000009A 
    -------------------------------------------------------------------------
SFR_AN
  Relative segment, address: DATA 0000009B - 0000009B (0x1 bytes), align: 0
  Segment part 5. ROOT.       Intra module refs:   MRFI_RfIsr
                                                   Mrfi_RxModeOff
                                                   Mrfi_RxModeOn
           ENTRY                   ADDRESS         REF BY
           =====                   =======         ======
           S1CON                   0000009B 
    -------------------------------------------------------------------------
SFR_AN
  Relative segment, address: DATA 000000B4 - 000000B4 (0x1 bytes), align: 0
  Segment part 7. ROOT.       Intra module refs:   MRFI_RandomByte
           ENTRY                   ADDRESS         REF BY
           =====                   =======         ======
           ADCCON1                 000000B4 
    -------------------------------------------------------------------------
SFR_AN
  Relative segment, address: DATA 000000BC - 000000BC (0x1 bytes), align: 0
  Segment part 8. ROOT.       Intra module refs:   MRFI_Init
                                                   MRFI_RandomByte
           ENTRY                   ADDRESS         REF BY
           =====                   =======         ======
           RNDL                    000000BC 
    -------------------------------------------------------------------------
SFR_AN
  Relative segment, address: DATA 000000BE - 000000BE (0x1 bytes), align: 0
  Segment part 9. ROOT.       Intra module refs:   MRFI_Init
           ENTRY                   ADDRESS         REF BY
           =====                   =======         ======
           SLEEP                   000000BE 
    -------------------------------------------------------------------------
SFR_AN
  Relative segment, address: DATA 000000C6 - 000000C6 (0x1 bytes), align: 0
  Segment part 10. ROOT.      Intra module refs:   MRFI_Init
                                                   MRFI_WakeUp
           ENTRY                   ADDRESS         REF BY
           =====                   =======         ======
           CLKCON                  000000C6 
    -------------------------------------------------------------------------
SFR_AN
  Relative segment, address: DATA 000000D1 - 000000D1 (0x1 bytes), align: 0
  Segment part 11. ROOT.      Intra module refs:   MRFI_PrepareToTx
                                                   Mrfi_RxModeOff
           ENTRY                   ADDRESS         REF BY
           =====                   =======         ======
           DMAIRQ                  000000D1 
    -------------------------------------------------------------------------
SFR_AN
  Relative segment, address: DATA 000000D4 - 000000D4 (0x1 bytes), align: 0
  Segment part 12. ROOT.      Intra module refs:   MRFI_Init
           ENTRY                   ADDRESS         REF BY
           =====                   =======         ======
           DMA0CFGL                000000D4 
    -------------------------------------------------------------------------
SFR_AN
  Relative segment, address: DATA 000000D5 - 000000D5 (0x1 bytes), align: 0
  Segment part 13. ROOT.      Intra module refs:   MRFI_Init
           ENTRY                   ADDRESS         REF BY
           =====                   =======         ======
           DMA0CFGH                000000D5 
    -------------------------------------------------------------------------
SFR_AN
  Relative segment, address: DATA 000000D6 - 000000D6 (0x1 bytes), align: 0
  Segment part 14. ROOT.      Intra module refs:   MRFI_PrepareToTx
                                                   MRFI_RfIsr
                                                   MRFI_Transmit
                                                   Mrfi_RxModeOff
                                                   Mrfi_RxModeOn
           ENTRY                   ADDRESS         REF BY
           =====                   =======         ======
           DMAARM                  000000D6 
    -------------------------------------------------------------------------
SFR_AN
  Relative segment, address: DATA 000000E1 - 000000E1 (0x1 bytes), align: 0
  Segment part 15. ROOT.      Intra module refs:   MRFI_Init
                                                   MRFI_PrepareToTx
                                                   MRFI_Transmit
                                                   MRFI_WakeUp
                                                   Mrfi_RxModeOff
                                                   Mrfi_RxModeOn
           ENTRY                   ADDRESS         REF BY
           =====                   =======         ======
           RFST                    000000E1 
    -------------------------------------------------------------------------
SFR_AN
  Relative segment, address: DATA 000000E9 - 000000E9 (0x1 bytes), align: 0
  Segment part 16. ROOT.      Intra module refs:   MRFI_RfIsr
                                                   MRFI_Transmit
                                                   Mrfi_RxModeOff
                                                   Mrfi_RxModeOn
                                                   mrfi_TxDone
           ENTRY                   ADDRESS         REF BY
           =====                   =======         ======
           RFIF                    000000E9 
    -------------------------------------------------------------------------
XDATA_I
  Relative segment, address: XDATA 0000F58B - 0000F58B (0x1 bytes), align: 0
  Segment part 23.
           ENTRY                   ADDRESS         REF BY
           =====                   =======         ======
           mrfiBroadcastAddr       0000F58B        nwk_getBCastAddress (nwk_globals)
    -------------------------------------------------------------------------
XDATA_Z
  Relative segment, address: XDATA 0000F3FF - 0000F3FF (0x1 bytes), align: 0
  Segment part 25.            Intra module refs:   MRFI_GetRadioState
                                                   MRFI_Init
                                                   MRFI_RfIsr
                                                   MRFI_Rssi
                                                   MRFI_RxIdle
                                                   MRFI_RxOn
                                                   MRFI_SetLogicalChannel
                                                   MRFI_Sleep
                                                   MRFI_Transmit
                                                   MRFI_WakeUp
           LOCAL                   ADDRESS         
           =====                   =======         
           mrfiRadioState          0000F3FF 
    -------------------------------------------------------------------------
XDATA_Z
  Relative segment, address: XDATA 0000F400 - 0000F429 (0x2a bytes), align: 0
  Segment part 26.            Intra module refs:   ?Subroutine3
                                                   MRFI_Receive
                                                   MRFI_RfIsr
                                                   Mrfi_RxModeOn
           LOCAL                   ADDRESS         
           =====                   =======         
           mrfiIncomingPacket      0000F400 
    -------------------------------------------------------------------------
XDATA_Z
  Relative segment, address: XDATA 0000F42A - 0000F42A (0x1 bytes), align: 0
  Segment part 27.            Intra module refs:   MRFI_PostKillSem
                                                   MRFI_ReplyDelay
           LOCAL                   ADDRESS         
           =====                   =======         
           sKillSem                0000F42A 
    -------------------------------------------------------------------------
XDATA_Z
  Relative segment, address: XDATA 0000F42B - 0000F42B (0x1 bytes), align: 0
  Segment part 28.            Intra module refs:   MRFI_PostKillSem
                                                   MRFI_ReplyDelay
           LOCAL                   ADDRESS         
           =====                   =======         
           sReplyDelayContext      0000F42B 
    -------------------------------------------------------------------------
XDATA_Z
  Relative segment, address: XDATA 0000F42C - 0000F42D (0x2 bytes), align: 0
  Segment part 29.            Intra module refs:   MRFI_Init
                                                   MRFI_ReplyDelay
           LOCAL                   ADDRESS         
           =====                   =======         
           sReplyDelayScalar       0000F42C 
    -------------------------------------------------------------------------
XDATA_Z
  Relative segment, address: XDATA 0000F42E - 0000F42F (0x2 bytes), align: 0
  Segment part 30.            Intra module refs:   MRFI_Init
                                                   MRFI_Transmit
           LOCAL                   ADDRESS         
           =====                   =======         
           sBackoffHelper          0000F42E 
    -------------------------------------------------------------------------
XDATA_Z
  Relative segment, address: XDATA 0000F430 - 0000F437 (0x8 bytes), align: 0
  Segment part 31.            Intra module refs:   MRFI_Init
                                                   MRFI_PrepareToTx
                                                   Mrfi_RxModeOn
           ENTRY                   ADDRESS         REF BY
           =====                   =======         ======
           mrfiDmaCfg              0000F430 
    -------------------------------------------------------------------------
NEAR_CODE
  Relative segment, address: CODE 000005F7 - 00000744 (0x14e bytes), align: 0
  Segment part 44.
           ENTRY                   ADDRESS         REF BY
           =====                   =======         ======
           MRFI_Init               000005F7        SMPL_Init (nwk_api)
               calls direct
               XSTACK = 00000000 ( 0000000B )
    -------------------------------------------------------------------------
NEAR_CODE
  Relative segment, address: CODE 00000745 - 00000774 (0x30 bytes), align: 0
  Segment part 45.            Intra module refs:   MRFI_Transmit
           LOCAL                   ADDRESS         
           =====                   =======         
           MRFI_PrepareToTx        00000745 
               XSTACK = 0000000B ( 00000000 )
               ISTACK = 00000000 ( 00000002 )
    -------------------------------------------------------------------------
NEAR_CODE
  Relative segment, address: CODE 00000775 - 00000796 (0x22 bytes), align: 0
  Segment part 46.            Intra module refs:   MRFI_Transmit
           LOCAL                   ADDRESS         
           =====                   =======         
           mrfi_TxDone             00000775 
               is indirectly called
               ISTACK = 00000000 ( 00000002 )
    -------------------------------------------------------------------------
NEAR_CODE
  Relative segment, address: CODE 00000797 - 00000885 (0xef bytes), align: 0
  Segment part 47.
           ENTRY                   ADDRESS         REF BY
           =====                   =======         ======
           MRFI_Transmit           00000797        nwk_sendFrame (nwk_frame)
               calls direct
               XSTACK = 00000000 ( 0000000F )
    -------------------------------------------------------------------------
XDATA_Z
  Relative segment, address: XDATA 0000F438 - 0000F438 (0x1 bytes), align: 0
  Segment part 32.            Intra module refs:   MRFI_Transmit
           LOCAL                   ADDRESS         
           =====                   =======         
           MRFI_Transmit::ccaRetries
                                   0000F438 
    -------------------------------------------------------------------------
NEAR_CODE
  Relative segment, address: CODE 00000886 - 00000898 (0x13 bytes), align: 0
  Segment part 48.
           ENTRY                   ADDRESS         REF BY
           =====                   =======         ======
           MRFI_Receive            00000886        MRFI_RxCompleteISR (nwk_frame)
               ISTACK = 00000000 ( 00000002 )
    -------------------------------------------------------------------------
NEAR_CODE
  Relative segment, address: CODE 00000899 - 00000967 (0xcf bytes), align: 0
  Segment part 49.            Intra module refs:   MRFI_RfIsr::??INTVEC 131
           ENTRY                   ADDRESS         REF BY
           =====                   =======         ======
           MRFI_RfIsr              00000899 
               interrupt function
               calls direct
               XSTACK = 00000000 ( 00000011 )
    -------------------------------------------------------------------------
NEAR_CODE
  Relative segment, address: CODE 00000968 - 00000975 (0xe bytes), align: 0
  Segment part 50.            Intra module refs:   MRFI_Init
                                                   MRFI_RfIsr
                                                   Mrfi_RxModeOn
           LOCAL                   ADDRESS         
           =====                   =======         
           ?Subroutine3            00000968 
    -------------------------------------------------------------------------
NEAR_CODE
  Relative segment, address: CODE 00000976 - 00000994 (0x1f bytes), align: 0
  Segment part 51.
           ENTRY                   ADDRESS         REF BY
           =====                   =======         ======
           MRFI_Sleep              00000976        nwk_join (nwk_join)
                                                   nwk_radioControl (nwk_ioctl)
               calls direct
               XSTACK = 00000000 ( 00000008 )
    -------------------------------------------------------------------------
NEAR_CODE
  Relative segment, address: CODE 00000995 - 00000999 (0x5 bytes), align: 0
  Segment part 52.            Intra module refs:   MRFI_Rssi
                                                   MRFI_Sleep
           LOCAL                   ADDRESS         
           =====                   =======         
           ?Subroutine2            00000995 
    -------------------------------------------------------------------------
NEAR_CODE
  Relative segment, address: CODE 0000099A - 000009C9 (0x30 bytes), align: 0
  Segment part 53.
           ENTRY                   ADDRESS         REF BY
           =====                   =======         ======
           MRFI_WakeUp             0000099A        SMPL_Init (nwk_api)
                                                   nwk_join (nwk_join)
                                                   nwk_radioControl (nwk_ioctl)
               ISTACK = 00000000 ( 00000002 )
    -------------------------------------------------------------------------
NEAR_CODE
  Relative segment, address: CODE 000009CA - 000009D5 (0xc bytes), align: 0
  Segment part 54.            Intra module refs:   MRFI_Init
                                                   MRFI_WakeUp
           LOCAL                   ADDRESS         
           =====                   =======         
           ?Subroutine5            000009CA 
    -------------------------------------------------------------------------
NEAR_CODE
  Relative segment, address: CODE 000009D6 - 000009DB (0x6 bytes), align: 0
  Segment part 55.            Intra module refs:   MRFI_Transmit
           ENTRY                   ADDRESS         REF BY
           =====                   =======         ======
           MRFI_RandomByte         000009D6        nwk_frameInit (nwk_frame)
                                                   nwk_joinInit (nwk_join)
                                                   nwk_linkInit (nwk_link)
                                                   nwk_mgmtInit (nwk_mgmt)
                                                   nwk_pingInit (nwk_ping)
               XSTACK = 0000000B ( 00000000 )
    -------------------------------------------------------------------------
NEAR_CODE
  Relative segment, address: CODE 000009DC - 00000A21 (0x46 bytes), align: 0
  Segment part 56.            Intra module refs:   MRFI_RfIsr
                                                   MRFI_RxOn
                                                   MRFI_SetLogicalChannel
                                                   MRFI_Transmit
           LOCAL                   ADDRESS         
           =====                   =======         
           Mrfi_RxModeOn           000009DC 
               calls direct
               XSTACK = 0000000F ( 0000000B )
    -------------------------------------------------------------------------
NEAR_CODE
  Relative segment, address: CODE 00000A22 - 00000A2C (0xb bytes), align: 0
  Segment part 57.            Intra module refs:   MRFI_PrepareToTx
                                                   Mrfi_RxModeOn
           LOCAL                   ADDRESS         
           =====                   =======         
           ?Subroutine4            00000A22 
    -------------------------------------------------------------------------
NEAR_CODE
  Relative segment, address: CODE 00000A2D - 00000A49 (0x1d bytes), align: 0
  Segment part 58.
           ENTRY                   ADDRESS         REF BY
           =====                   =======         ======
           MRFI_RxOn               00000A2D        nwk_join (nwk_join)
                                                   nwk_radioControl (nwk_ioctl)
               calls direct
               ISTACK = 00000000 ( 00000002 )
    -------------------------------------------------------------------------
NEAR_CODE
  Relative segment, address: CODE 00000A4A - 00000A4A (0x1 bytes), align: 0
  Segment part 59.            Intra module refs:   MRFI_EnableRxAddrFilter
                                                   MRFI_PrepareToTx
           LOCAL                   ADDRESS         
           =====                   =======         
           ?Subroutine1            00000A4A 
    -------------------------------------------------------------------------
NEAR_CODE
  Relative segment, address: CODE 00000A4B - 00000A4F (0x5 bytes), align: 0
  Segment part 60.            Intra module refs:   ?Subroutine1
                                                   MRFI_GetRadioState
                                                   MRFI_PostKillSem
                                                   MRFI_Receive
                                                   MRFI_RxAddrIsFiltered
                                                   MRFI_RxIdle
                                                   MRFI_RxOn
                                                   MRFI_SetRxAddrFilter
                                                   MRFI_WakeUp
                                                   Mrfi_RxModeOff
                                                   mrfi_TxDone
    -------------------------------------------------------------------------
NEAR_CODE
  Relative segment, address: CODE 00000A50 - 00000A6F (0x20 bytes), align: 0
  Segment part 61.            Intra module refs:   MRFI_Init
                                                   MRFI_RfIsr
                                                   MRFI_RxIdle
                                                   MRFI_SetLogicalChannel
                                                   MRFI_Transmit
           LOCAL                   ADDRESS         
           =====                   =======         
           Mrfi_RxModeOff          00000A50 
               XSTACK = 0000000F ( 00000000 )
               ISTACK = 00000000 ( 00000002 )
    -------------------------------------------------------------------------
NEAR_CODE
  Relative segment, address: CODE 00000A70 - 00000A8C (0x1d bytes), align: 0
  Segment part 62.            Intra module refs:   MRFI_Sleep
           ENTRY                   ADDRESS         REF BY
           =====                   =======         ======
           MRFI_RxIdle             00000A70        nwk_join (nwk_join)
                                                   nwk_radioControl (nwk_ioctl)
               calls direct
               XSTACK = 00000008 ( 00000000 )
               ISTACK = 00000000 ( 00000002 )
    -------------------------------------------------------------------------
NEAR_CODE
  Relative segment, address: CODE 00000A8D - 00000AAC (0x20 bytes), align: 0
  Segment part 63.            Intra module refs:   MRFI_Init
                                                   MRFI_Rssi
                                                   MRFI_Transmit
           LOCAL                   ADDRESS         
           =====                   =======         
           Mrfi_DelayUsec          00000A8D 
               calls direct
               XSTACK = 0000000B ( 00000009 )
    -------------------------------------------------------------------------
NEAR_CODE
  Relative segment, address: CODE 00000AAD - 00000AB1 (0x5 bytes), align: 0
  Segment part 64.            Intra module refs:   MRFI_Init
                                                   MRFI_SetLogicalChannel
                                                   Mrfi_DelayUsec
                                                   Mrfi_RxModeOn
           LOCAL                   ADDRESS         
           =====                   =======         
           ?Subroutine0            00000AAD 
    -------------------------------------------------------------------------
NEAR_CODE
  Relative segment, address: CODE 00000AB2 - 00000B1D (0x6c bytes), align: 0
  Segment part 66.
           ENTRY                   ADDRESS         REF BY
           =====                   =======         ======
           MRFI_ReplyDelay         00000AB2        nwk_join (nwk_join)
               calls direct
               XSTACK = 00000000 ( 0000000A )
    -------------------------------------------------------------------------
NEAR_CODE
  Relative segment, address: CODE 00000B1E - 00000B2C (0xf bytes), align: 0
  Segment part 67.            Intra module refs:   MRFI_ReplyDelay
                                                   Mrfi_DelayUsec
                                                   Mrfi_DelayUsecLong
           LOCAL                   ADDRESS         
           =====                   =======         
           ?Subroutine7            00000B1E 
    -------------------------------------------------------------------------
NEAR_CODE
  Relative segment, address: CODE 00000B2D - 00000B35 (0x9 bytes), align: 0
  Segment part 68.            Intra module refs:   MRFI_ReplyDelay
           LOCAL                   ADDRESS         
           =====                   =======         
           ?Subroutine6            00000B2D 
    -------------------------------------------------------------------------
NEAR_CODE
  Relative segment, address: CODE 00000B36 - 00000BEE (0xb9 bytes), align: 0
  Segment part 69.            Intra module refs:   MRFI_Transmit
           ENTRY                   ADDRESS         REF BY
           =====                   =======         ======
           Mrfi_DelayUsecLong      00000B36 
               calls direct
               XSTACK = 0000000F ( 0000000E )
    -------------------------------------------------------------------------
NEAR_CODE
  Relative segment, address: CODE 00000BEF - 00000C04 (0x16 bytes), align: 0
  Segment part 70.            Intra module refs:   Mrfi_DelayUsec
                                                   Mrfi_DelayUsecLong
           LOCAL                   ADDRESS         
           =====                   =======         
           ?Subroutine8            00000BEF 
    -------------------------------------------------------------------------
NEAR_CODE
  Relative segment, address: CODE 00000C05 - 00000C17 (0x13 bytes), align: 0
  Segment part 71.
           ENTRY                   ADDRESS         REF BY
           =====                   =======         ======
           MRFI_PostKillSem        00000C05        nwk_isConnectionValid (nwk)
                                                   nwk_processJoin (nwk_join)
                                                   nwk_processLink (nwk_link)
                                                   nwk_processMgmt (nwk_mgmt)
                                                   nwk_processPing (nwk_ping)
               ISTACK = 00000000 ( 00000002 )
    -------------------------------------------------------------------------
NEAR_CODE
  Relative segment, address: CODE 00000C18 - 00000C48 (0x31 bytes), align: 0
  Segment part 72.
           ENTRY                   ADDRESS         REF BY
           =====                   =======         ======
           MRFI_Rssi               00000C18        nwk_radioControl (nwk_ioctl)
               calls direct
               XSTACK = 00000000 ( 00000008 )
    -------------------------------------------------------------------------
NEAR_CODE
  Relative segment, address: CODE 00000C49 - 00000C7E (0x36 bytes), align: 0
  Segment part 73.            Intra module refs:   MRFI_RfIsr
                                                   MRFI_Rssi
           LOCAL                   ADDRESS         
           =====                   =======         
           Mrfi_CalculateRssi      00000C49 
               XSTACK = 0000000F ( 00000000 )
               ISTACK = 00000000 ( 00000002 )
    -------------------------------------------------------------------------
NEAR_CODE
  Relative segment, address: CODE 00000C7F - 00000C8A (0xc bytes), align: 0
  Segment part 74.
           ENTRY                   ADDRESS         REF BY
           =====                   =======         ======
           MRFI_GetRadioState      00000C7F        SMPL_SendOpt (nwk_api)
                                                   nwk_join (nwk_join)
               ISTACK = 00000000 ( 00000002 )
    -------------------------------------------------------------------------
XDATA_I
  Relative segment, address: XDATA 0000F58C - 0000F58F (0x4 bytes), align: 0
  Segment part 33.            Intra module refs:   MRFI_SetLogicalChannel
           LOCAL                   ADDRESS         
           =====                   =======         
           mrfiLogicalChanTable    0000F58C 
    -------------------------------------------------------------------------
XDATA_Z
  Relative segment, address: XDATA 0000F439 - 0000F439 (0x1 bytes), align: 0
  Segment part 37.            Intra module refs:   MRFI_EnableRxAddrFilter
                                                   MRFI_RxAddrIsFiltered
           LOCAL                   ADDRESS         
           =====                   =======         
           mrfiRxFilterEnabled     0000F439 
    -------------------------------------------------------------------------
XDATA_I
  Relative segment, address: XDATA 0000F590 - 0000F590 (0x1 bytes), align: 0
  Segment part 38.            Intra module refs:   MRFI_EnableRxAddrFilter
                                                   MRFI_RxAddrIsFiltered
                                                   MRFI_SetRxAddrFilter
           LOCAL                   ADDRESS         
           =====                   =======         
           mrfiRxFilterAddr        0000F590 
    -------------------------------------------------------------------------
XDATA_I
  Relative segment, address: XDATA 0000F591 - 0000F594 (0x4 bytes), align: 0
  Segment part 40.            Intra module refs:   MRFI_Transmit
           ENTRY                   ADDRESS         REF BY
           =====                   =======         ======
           __Constant_2            0000F591 
    -------------------------------------------------------------------------
XDATA_I
  Relative segment, address: XDATA 0000F595 - 0000F598 (0x4 bytes), align: 0
  Segment part 42.            Intra module refs:   Mrfi_DelayUsecLong
           ENTRY                   ADDRESS         REF BY
           =====                   =======         ======
           __Constant_ffffffff     0000F595 
    -------------------------------------------------------------------------
NEAR_CODE
  Relative segment, address: CODE 00000C8B - 00000CBE (0x34 bytes), align: 0
  Segment part 75.            Intra module refs:   MRFI_Init
           ENTRY                   ADDRESS         REF BY
           =====                   =======         ======
           MRFI_SetLogicalChannel
                                   00000C8B 
               calls direct
               XSTACK = 00000009 ( 00000009 )
    -------------------------------------------------------------------------
NEAR_CODE
  Relative segment, address: CODE 00000CBF - 00000CE4 (0x26 bytes), align: 0
  Segment part 77.
           ENTRY                   ADDRESS         REF BY
           =====                   =======         ======
           MRFI_SetRxAddrFilter    00000CBF        SMPL_Init (nwk_api)
               ISTACK = 00000000 ( 00000002 )
    -------------------------------------------------------------------------
NEAR_CODE
  Relative segment, address: CODE 00000CE5 - 00000D01 (0x1d bytes), align: 0
  Segment part 78.
           ENTRY                   ADDRESS         REF BY
           =====                   =======         ======
           MRFI_EnableRxAddrFilter
                                   00000CE5        SMPL_Init (nwk_api)
               ISTACK = 00000000 ( 00000002 )
    -------------------------------------------------------------------------
NEAR_CODE
  Relative segment, address: CODE 00000D02 - 00000D2E (0x2d bytes), align: 0
  Segment part 80.            Intra module refs:   MRFI_RfIsr
           ENTRY                   ADDRESS         REF BY
           =====                   =======         ======
           MRFI_RxAddrIsFiltered   00000D02 
               XSTACK = 0000000F ( 00000000 )
               ISTACK = 00000000 ( 00000002 )
    -------------------------------------------------------------------------
INTVEC
  Common segment, address: CODE 00000000 - 00000085 (0x86 bytes), align: 0
  Segment part 17. ROOT.
           ENTRY                   ADDRESS         REF BY
           =====                   =======         ======
           MRFI_RfIsr::??INTVEC 131
                                   00000083 
    -------------------------------------------------------------------------
XDATA_ID
  Relative segment, address: CODE 00000100 - 00000100 (0x1 bytes), align: 0
  Segment part 24.            Intra module refs:   mrfiBroadcastAddr
    -------------------------------------------------------------------------
XDATA_ID
  Relative segment, address: CODE 00000101 - 00000104 (0x4 bytes), align: 0
  Segment part 34.            Intra module refs:   mrfiLogicalChanTable
    -------------------------------------------------------------------------
XDATA_ID
  Relative segment, address: CODE 00000105 - 00000105 (0x1 bytes), align: 0
  Segment part 39.            Intra module refs:   mrfiRxFilterAddr
    -------------------------------------------------------------------------
XDATA_ID
  Relative segment, address: CODE 00000106 - 00000109 (0x4 bytes), align: 0
  Segment part 41.            Intra module refs:   __Constant_2
    -------------------------------------------------------------------------
XDATA_ID
  Relative segment, address: CODE 0000010A - 0000010D (0x4 bytes), align: 0
  Segment part 43.            Intra module refs:   __Constant_ffffffff

    *************************************************************************

  FILE NAME : C:\Texas Instruments\SimpliciTI-IAR-1.2.0\Projects\Examples\SRF04\Cascading_End_Devices\IAR\CC1110-EndDevice2\Obj\nwk.r51
  PROGRAM MODULE, NAME : nwk

  SEGMENTS IN THE MODULE
  ======================
XDATA_I
  Relative segment, address: XDATA 0000F599 - 0000F5BD (0x25 bytes), align: 0
  Segment part 6.             Intra module refs:   ?Subroutine6
                                                   map_lid2idx
                                                   nwk_allocateLocalRxPort
                                                   nwk_getNextConnection
                                                   nwk_isConnectionValid
                                                   nwk_isLinkDuplicate
                                                   nwk_nwkInit
           LOCAL                   ADDRESS         
           =====                   =======         
           sPersistInfo            0000F599 
    -------------------------------------------------------------------------
NEAR_CODE
  Relative segment, address: CODE 00000D2F - 00000DD4 (0xa6 bytes), align: 0
  Segment part 8.
           ENTRY                   ADDRESS         REF BY
           =====                   =======         ======
           nwk_nwkInit             00000D2F        SMPL_Init (nwk_api)
               calls direct
               XSTACK = 00000000 ( 0000000B )
    -------------------------------------------------------------------------
NEAR_CODE
  Relative segment, address: CODE 00000DD5 - 00000DD9 (0x5 bytes), align: 0
  Segment part 9.             Intra module refs:   nwk_getConnInfo
                                                   nwk_nwkInit
           LOCAL                   ADDRESS         
           =====                   =======         
           ?Subroutine0            00000DD5 
    -------------------------------------------------------------------------
NEAR_CODE
  Relative segment, address: CODE 00000DDA - 00000E6D (0x94 bytes), align: 0
  Segment part 10.
           ENTRY                   ADDRESS         REF BY
           =====                   =======         ======
           nwk_getNextConnection   00000DDA        smpl_send_link_reply (nwk_link)
               calls direct
               XSTACK = 00000000 ( 0000000C )
               ISTACK = 00000000 ( 00000001 )
    -------------------------------------------------------------------------
NEAR_CODE
  Relative segment, address: CODE 00000E6E - 00000E70 (0x3 bytes), align: 0
  Segment part 11.            Intra module refs:   nwk_getNextConnection
                                                   nwk_putNumObjectIntoMsg
           LOCAL                   ADDRESS         
           =====                   =======         
           ?Subroutine1            00000E6E 
    -------------------------------------------------------------------------
NEAR_CODE
  Relative segment, address: CODE 00000E71 - 00000E75 (0x5 bytes), align: 0
  Segment part 12.            Intra module refs:   ?Subroutine1
                                                   nwk_getNumObjectFromMsg
    -------------------------------------------------------------------------
NEAR_CODE
  Relative segment, address: CODE 00000E76 - 00000E7F (0xa bytes), align: 0
  Segment part 13.
           ENTRY                   ADDRESS         REF BY
           =====                   =======         ======
           nwk_freeConnection      00000E76        nwk_connectionControl (nwk_ioctl)
                                                   smpl_send_link_reply (nwk_link)
               ISTACK = 00000000 ( 00000002 )
    -------------------------------------------------------------------------
NEAR_CODE
  Relative segment, address: CODE 00000E80 - 00000E84 (0x5 bytes), align: 0
  Segment part 14.            Intra module refs:   nwk_checkConnInfo
                                                   nwk_freeConnection
           LOCAL                   ADDRESS         
           =====                   =======         
           ?Subroutine2            00000E80 
    -------------------------------------------------------------------------
NEAR_CODE
  Relative segment, address: CODE 00000E85 - 00000EC2 (0x3e bytes), align: 0
  Segment part 15.
           ENTRY                   ADDRESS         REF BY
           =====                   =======         ======
           nwk_getConnInfo         00000E85        SMPL_Receive (nwk_api)
                                                   SMPL_SendOpt (nwk_api)
                                                   SMPL_Send_Linear (nwk_api)
                                                   nwk_QfindOldest (nwk_QMgmt)
                                                   nwk_connectionControl (nwk_ioctl)
                                                   nwk_radioControl (nwk_ioctl)
                                                   nwk_retrieveFrame (nwk_frame)
               calls direct
               XSTACK = 00000000 ( 0000000A )
    -------------------------------------------------------------------------
NEAR_CODE
  Relative segment, address: CODE 00000EC3 - 00000ED2 (0x10 bytes), align: 0
  Segment part 16.            Intra module refs:   nwk_getConnInfo
                                                   nwk_getNextConnection
           LOCAL                   ADDRESS         
           =====                   =======         
           ?Subroutine6            00000EC3 
    -------------------------------------------------------------------------
NEAR_CODE
  Relative segment, address: CODE 00000ED3 - 00000F27 (0x55 bytes), align: 0
  Segment part 17.
           ENTRY                   ADDRESS         REF BY
           =====                   =======         ======
           nwk_isLinkDuplicate     00000ED3        smpl_send_link_reply (nwk_link)
               calls direct
               XSTACK = 00000000 ( 0000000F )
    -------------------------------------------------------------------------
NEAR_CODE
  Relative segment, address: CODE 00000F28 - 00000F2C (0x5 bytes), align: 0
  Segment part 18.            Intra module refs:   nwk_isLinkDuplicate
           LOCAL                   ADDRESS         
           =====                   =======         
           ?Subroutine3            00000F28 
    -------------------------------------------------------------------------
NEAR_CODE
  Relative segment, address: CODE 00000F2D - 00000F58 (0x2c bytes), align: 0
  Segment part 20.
           ENTRY                   ADDRESS         REF BY
           =====                   =======         ======
           nwk_checkConnInfo       00000F2D        SMPL_Receive (nwk_api)
                                                   SMPL_SendOpt (nwk_api)
               ISTACK = 00000000 ( 00000002 )
    -------------------------------------------------------------------------
NEAR_CODE
  Relative segment, address: CODE 00000F59 - 00000FCA (0x72 bytes), align: 0
  Segment part 21.
           ENTRY                   ADDRESS         REF BY
           =====                   =======         ======
           nwk_isConnectionValid   00000F59        dispatchFrame (nwk_frame)
               calls direct
               XSTACK = 00000000 ( 00000011 )
               ISTACK = 00000000 ( 00000001 )
    -------------------------------------------------------------------------
NEAR_CODE
  Relative segment, address: CODE 00000FCB - 00000FCF (0x5 bytes), align: 0
  Segment part 22.            Intra module refs:   nwk_allocateLocalRxPort
                                                   nwk_isConnectionValid
           LOCAL                   ADDRESS         
           =====                   =======         
           ?Subroutine4            00000FCB 
    -------------------------------------------------------------------------
NEAR_CODE
  Relative segment, address: CODE 00000FD0 - 00000FDC (0xd bytes), align: 0
  Segment part 23.            Intra module refs:   nwk_isConnectionValid
                                                   nwk_isLinkDuplicate
           LOCAL                   ADDRESS         
           =====                   =======         
           ?Subroutine8            00000FD0 
    -------------------------------------------------------------------------
NEAR_CODE
  Relative segment, address: CODE 00000FDD - 00000FE3 (0x7 bytes), align: 0
  Segment part 24.            Intra module refs:   nwk_allocateLocalRxPort
                                                   nwk_isConnectionValid
           LOCAL                   ADDRESS         
           =====                   =======         
           ?Subroutine7            00000FDD 
    -------------------------------------------------------------------------
NEAR_CODE
  Relative segment, address: CODE 00000FE4 - 00000FE6 (0x3 bytes), align: 0
  Segment part 25.            Intra module refs:   ?Subroutine7
    -------------------------------------------------------------------------
NEAR_CODE
  Relative segment, address: CODE 00000FE7 - 00000FF4 (0xe bytes), align: 0
  Segment part 26.            Intra module refs:   Segment part 25
                                                   nwk_isLinkDuplicate
    -------------------------------------------------------------------------
NEAR_CODE
  Relative segment, address: CODE 00000FF5 - 00001148 (0x154 bytes), align: 0
  Segment part 27.
           ENTRY                   ADDRESS         REF BY
           =====                   =======         ======
           nwk_allocateLocalRxPort
                                   00000FF5        smpl_send_link_reply (nwk_link)
               calls direct
               XSTACK = 00000000 ( 00000014 )
               ISTACK = 00000000 ( 00000001 )
    -------------------------------------------------------------------------
NEAR_CODE
  Relative segment, address: CODE 00001149 - 0000119C (0x54 bytes), align: 0
  Segment part 28.
           ENTRY                   ADDRESS         REF BY
           =====                   =======         ======
           nwk_isValidReply        00001149        nwk_processJoin (nwk_join)
                                                   nwk_processLink (nwk_link)
                                                   nwk_processMgmt (nwk_mgmt)
                                                   nwk_processPing (nwk_ping)
               calls direct
               XSTACK = 00000000 ( 0000000E )
    -------------------------------------------------------------------------
NEAR_CODE
  Relative segment, address: CODE 0000119D - 000011AE (0x12 bytes), align: 0
  Segment part 29.            Intra module refs:   nwk_isValidReply
           LOCAL                   ADDRESS         
           =====                   =======         
           ?Subroutine5            0000119D 
    -------------------------------------------------------------------------
NEAR_CODE
  Relative segment, address: CODE 000011AF - 000011EF (0x41 bytes), align: 0
  Segment part 30.            Intra module refs:   nwk_getConnInfo
                                                   nwk_getNextConnection
           LOCAL                   ADDRESS         
           =====                   =======         
           map_lid2idx             000011AF 
               XSTACK = 0000000C ( 00000008 )
               ISTACK = 00000000 ( 00000001 )
    -------------------------------------------------------------------------
NEAR_CODE
  Relative segment, address: CODE 000011F0 - 00001245 (0x56 bytes), align: 0
  Segment part 33.
           ENTRY                   ADDRESS         REF BY
           =====                   =======         ======
           nwk_getNumObjectFromMsg
                                   000011F0        smpl_send_link_reply (nwk_link)
               calls direct
               XSTACK = 00000000 ( 0000000D )
    -------------------------------------------------------------------------
NEAR_CODE
  Relative segment, address: CODE 00001246 - 000012AA (0x65 bytes), align: 0
  Segment part 34.
           ENTRY                   ADDRESS         REF BY
           =====                   =======         ======
           nwk_putNumObjectIntoMsg
                                   00001246        nwk_join (nwk_join)
               calls direct
               XSTACK = 00000000 ( 00000013 )
    -------------------------------------------------------------------------
XDATA_ID
  Relative segment, address: CODE 0000010E - 00000132 (0x25 bytes), align: 0
  Segment part 7.             Intra module refs:   sPersistInfo

    *************************************************************************

  FILE NAME : C:\Texas Instruments\SimpliciTI-IAR-1.2.0\Projects\Examples\SRF04\Cascading_End_Devices\IAR\CC1110-EndDevice2\Obj\nwk_QMgmt.r51
  PROGRAM MODULE, NAME : nwk_QMgmt

  SEGMENTS IN THE MODULE
  ======================
XDATA_Z
  Relative segment, address: XDATA 0000F43A - 0000F491 (0x58 bytes), align: 0
  Segment part 7.             Intra module refs:   nwk_QInit
                                                   nwk_QadjustOrder
                                                   nwk_QfindOldest
                                                   nwk_QfindSlot
           LOCAL                   ADDRESS         
           =====                   =======         
           sInFrameQ               0000F43A 
    -------------------------------------------------------------------------
XDATA_Z
  Relative segment, address: XDATA 0000F492 - 0000F4E9 (0x58 bytes), align: 0
  Segment part 8.             Intra module refs:   nwk_QInit
                                                   nwk_QfindSlot
           LOCAL                   ADDRESS         
           =====                   =======         
           sOutFrameQ              0000F492 
    -------------------------------------------------------------------------
NEAR_CODE
  Relative segment, address: CODE 000012AB - 000012E4 (0x3a bytes), align: 0
  Segment part 9.
           ENTRY                   ADDRESS         REF BY
           =====                   =======         ======
           nwk_QInit               000012AB        nwk_nwkInit (nwk)
               calls direct
               XSTACK = 00000000 ( 0000000B )
    -------------------------------------------------------------------------
NEAR_CODE
  Relative segment, address: CODE 000012E5 - 0000137C (0x98 bytes), align: 0
  Segment part 10.
           ENTRY                   ADDRESS         REF BY
           =====                   =======         ======
           nwk_QfindSlot           000012E5        MRFI_RxCompleteISR (nwk_frame)
                                                   nwk_buildFrame (nwk_frame)
               calls direct
               XSTACK = 00000000 ( 0000000A )
               ISTACK = 00000000 ( 00000001 )
    -------------------------------------------------------------------------
NEAR_CODE
  Relative segment, address: CODE 0000137D - 000013BF (0x43 bytes), align: 0
  Segment part 11.            Intra module refs:   nwk_QfindSlot
           ENTRY                   ADDRESS         REF BY
           =====                   =======         ======
           nwk_QadjustOrder        0000137D        nwk_retrieveFrame (nwk_frame)
               XSTACK = 0000000A ( 00000008 )
    -------------------------------------------------------------------------
NEAR_CODE
  Relative segment, address: CODE 000013C0 - 00001576 (0x1b7 bytes), align: 0
  Segment part 12.
           ENTRY                   ADDRESS         REF BY
           =====                   =======         ======
           nwk_QfindOldest         000013C0        nwk_retrieveFrame (nwk_frame)
               calls direct
               XSTACK = 00000000 ( 0000001B )
               ISTACK = 00000000 ( 00000001 )
    -------------------------------------------------------------------------
NEAR_CODE
  Relative segment, address: CODE 00001577 - 0000157E (0x8 bytes), align: 0
  Segment part 13.            Intra module refs:   nwk_QfindOldest
           LOCAL                   ADDRESS         
           =====                   =======         
           ?Subroutine0            00001577 
    -------------------------------------------------------------------------
NEAR_CODE
  Relative segment, address: CODE 0000157F - 00001585 (0x7 bytes), align: 0
  Segment part 14.            Intra module refs:   ?Subroutine0
                                                   nwk_QfindOldest

    *************************************************************************

  FILE NAME : C:\Texas Instruments\SimpliciTI-IAR-1.2.0\Projects\Examples\SRF04\Cascading_End_Devices\IAR\CC1110-EndDevice2\Obj\nwk_api.r51
  PROGRAM MODULE, NAME : nwk_api

  SEGMENTS IN THE MODULE
  ======================
XDATA_Z
  Relative segment, address: XDATA 0000F4EA - 0000F4EA (0x1 bytes), align: 0
  Segment part 6.             Intra module refs:   SMPL_Init
                                                   SMPL_Ioctl
           LOCAL                   ADDRESS         
           =====                   =======         
           sInit_done              0000F4EA 
    -------------------------------------------------------------------------
NEAR_CODE
  Relative segment, address: CODE 00001586 - 000015B8 (0x33 bytes), align: 0
  Segment part 7.
           ENTRY                   ADDRESS         REF BY
           =====                   =======         ======
           SMPL_Init               00001586        main (main_linear)
               calls direct
               XSTACK = 00000000 ( 00000008 )
    -------------------------------------------------------------------------
NEAR_CODE
  Relative segment, address: CODE 000015B9 - 000015E8 (0x30 bytes), align: 0
  Segment part 11.
           ENTRY                   ADDRESS         REF BY
           =====                   =======         ======
           SMPL_Send_Linear        000015B9        main (main_linear)
               calls direct
               XSTACK = 00000000 ( 0000000D )
               ISTACK = 00000000 ( 00000001 )
    -------------------------------------------------------------------------
NEAR_CODE
  Relative segment, address: CODE 000015E9 - 000015ED (0x5 bytes), align: 0
  Segment part 12.            Intra module refs:   SMPL_Ioctl
[...]
                                                   pop_buffer (uart_intfc)
                                                   push_buffer (uart_intfc)
                                                   rx_handler (uart_intfc)
                                                   smpl_send_link_reply (nwk_link)
                                                   tx_handler (uart_intfc)
                                                   tx_send (uart_intfc)
                                                   tx_send_wait (uart_intfc)

    -------------------------------------------------------------------------
  LIBRARY MODULE, NAME : ?FUNC_LEAVE_XDATA

  SEGMENTS IN THE MODULE
  ======================
RCODE
  Relative segment, address: CODE 0000035A - 00000399 (0x40 bytes), align: 0
  Segment part 1.
           ENTRY                   ADDRESS         REF BY
           =====                   =======         ======
           ?FUNC_LEAVE_XDATA       0000035A        ?Subroutine0 (mrfi)
                                                   ?Subroutine0 (nwk)
                                                   ?Subroutine0 (nwk_ioctl)
                                                   ?Subroutine0 (nwk_join)
                                                   ?Subroutine0 (nwk_mgmt)
                                                   ?Subroutine0 (nwk_ping)
                                                   ?Subroutine1 (nwk_api)
                                                   ?Subroutine1 (nwk_frame)
                                                   ?Subroutine1 (nwk_ioctl)
                                                   ?Subroutine1 (nwk_join)
                                                   ?Subroutine1 (nwk_link)
                                                   ?Subroutine1 (uart_intfc)
                                                   ?Subroutine2 (mrfi)
                                                   ?Subroutine3 (nwk)
                                                   ?Subroutine4 (nwk)
                                                   MRFI_ReplyDelay (mrfi)
                                                   MRFI_RxCompleteISR (nwk_frame)
                                                   MRFI_Transmit (mrfi)
                                                   Mrfi_DelayUsecLong (mrfi)
                                                   SMPL_Init (nwk_api)
                                                   SMPL_Receive (nwk_api)
                                                   SMPL_SendOpt (nwk_api)
                                                   Segment part 12 (nwk)
                                                   Segment part 15 (nwk_globals)
                                                   Segment part 16 (nwk_link)
                                                   Segment part 34 (uart_intfc)
                                                   dispatchFrame (nwk_frame)
                                                   map_lid2idx (nwk)
                                                   memcmp (?memcmp)
                                                   memcpy (?memcpy)
                                                   memmove (?memmove)
                                                   memset (?memset)
                                                   nwk_QInit (nwk_QMgmt)
                                                   nwk_QadjustOrder (nwk_QMgmt)
                                                   nwk_QfindOldest (nwk_QMgmt)
                                                   nwk_QfindSlot (nwk_QMgmt)
                                                   nwk_isValidReply (nwk)
                                                   nwk_join (nwk_join)
                                                   nwk_sendFrame (nwk_frame)
                                                   smpl_send_link_reply (nwk_link)
                                                   tx_send_wait (uart_intfc)

    -------------------------------------------------------------------------
  LIBRARY MODULE, NAME : ?INTERRUPT_ENTER_SP

  SEGMENTS IN THE MODULE
  ======================
RCODE
  Relative segment, address: CODE 0000039A - 000003D0 (0x37 bytes), align: 0
  Segment part 0.
           ENTRY                   ADDRESS         REF BY
           =====                   =======         ======
           ?INTERRUPT_ENTER_SP     0000039A        ?Subroutine0 (uart)
                                                   ?Subroutine2 (uart)

    -------------------------------------------------------------------------
  LIBRARY MODULE, NAME : ?INTERRUPT_LEAVE_SP

  SEGMENTS IN THE MODULE
  ======================
RCODE
  Relative segment, address: CODE 000003D1 - 000003FF (0x2f bytes), align: 0
  Segment part 0.
           ENTRY                   ADDRESS         REF BY
           =====                   =======         ======
           ?INTERRUPT_LEAVE_SP     000003D1        Segment part 29 (uart)

    -------------------------------------------------------------------------
  LIBRARY MODULE, NAME : ?INTERRUPT_ENTER_XSP

  SEGMENTS IN THE MODULE
  ======================
RCODE
  Relative segment, address: CODE 00000400 - 0000045E (0x5f bytes), align: 0
  Segment part 1.
           ENTRY                   ADDRESS         REF BY
           =====                   =======         ======
           ?INTERRUPT_ENTER_XSP    00000400        MRFI_RfIsr (mrfi)

    -------------------------------------------------------------------------
  LIBRARY MODULE, NAME : ?INTERRUPT_LEAVE_XSP

  SEGMENTS IN THE MODULE
  ======================
RCODE
  Relative segment, address: CODE 0000045F - 000004B6 (0x58 bytes), align: 0
  Segment part 1.
           ENTRY                   ADDRESS         REF BY
           =====                   =======         ======
           ?INTERRUPT_LEAVE_XSP    0000045F        MRFI_RfIsr (mrfi)

    -------------------------------------------------------------------------
  LIBRARY MODULE, NAME : ?PUSH_XSTACK_I

  SEGMENTS IN THE MODULE
  ======================
RCODE
  Relative segment, address: CODE 000004B7 - 000004BA (0x4 bytes), align: 0
  Segment part 2.
           ENTRY                   ADDRESS         REF BY
           =====                   =======         ======
           ?PUSH_XSTACK_I_TWO      000004B7        MRFI_Init (mrfi)
                                                   MRFI_RfIsr (mrfi)
                                                   MRFI_Transmit (mrfi)
                                                   Mrfi_RxModeOn (mrfi)
                                                   SMPL_Ioctl (nwk_api)
                                                   SMPL_Receive (nwk_api)
                                                   SMPL_SendOpt (nwk_api)
                                                   SMPL_Send_Linear (nwk_api)
                                                   dispatchFrame (nwk_frame)
                                                   nwk_QInit (nwk_QMgmt)
                                                   nwk_QfindOldest (nwk_QMgmt)
                                                   nwk_allocateLocalRxPort (nwk)
                                                   nwk_buildFrame (nwk_frame)
                                                   nwk_deviceAddress (nwk_ioctl)
                                                   nwk_getNumObjectFromMsg (nwk)
                                                   nwk_globalsInit (nwk_globals)
                                                   nwk_isConnectionValid (nwk)
                                                   nwk_isLinkDuplicate (nwk)
                                                   nwk_isValidReply (nwk)
                                                   nwk_join (nwk_join)
                                                   nwk_linkInit (nwk_link)
                                                   nwk_nwkInit (nwk)
                                                   nwk_processMgmt (nwk_mgmt)
                                                   nwk_processPing (nwk_ping)
                                                   nwk_putNumObjectIntoMsg (nwk)
                                                   nwk_radioControl (nwk_ioctl)
                                                   nwk_rawReceive (nwk_ioctl)
                                                   nwk_rawSend (nwk_ioctl)
                                                   nwk_retrieveFrame (nwk_frame)
                                                   nwk_setAPAddress (nwk_globals)
                                                   nwk_setMyAddress (nwk_globals)
                                                   rx_handler (uart_intfc)
                                                   smpl_send_link_reply (nwk_link)
                                                   tx_handler (uart_intfc)
                                                   tx_send (uart_intfc)
    -------------------------------------------------------------------------
RCODE
  Relative segment, address: CODE 000004BB - 000004C7 (0xd bytes), align: 0
  Segment part 4.             Intra module refs:   ?PUSH_XSTACK_I_TWO
           ENTRY                   ADDRESS         REF BY
           =====                   =======         ======
           ?PUSH_XSTACK_I          000004BB 

    -------------------------------------------------------------------------
  LIBRARY MODULE, NAME : ?PUSH_XSTACK8_X

  SEGMENTS IN THE MODULE
  ======================
RCODE
  Relative segment, address: CODE 000004C8 - 000004CB (0x4 bytes), align: 0
  Segment part 3.
           ENTRY                   ADDRESS         REF BY
           =====                   =======         ======
           ?PUSH_XSTACK8_X_TWO     000004C8        nwk_rawReceive (nwk_ioctl)
    -------------------------------------------------------------------------
RCODE
  Relative segment, address: CODE 000004CC - 000004F4 (0x29 bytes), align: 0
  Segment part 5.             Intra module refs:   ?PUSH_XSTACK8_X_TWO
           ENTRY                   ADDRESS         REF BY
           =====                   =======         ======
           ?PUSH_XSTACK8_X         000004CC 

    -------------------------------------------------------------------------
  LIBRARY MODULE, NAME : ?memcmp

  SEGMENTS IN THE MODULE
  ======================
NEAR_CODE
  Relative segment, address: CODE 000029C3 - 00002A18 (0x56 bytes), align: 0
  Segment part 6.
           ENTRY                   ADDRESS         REF BY
           =====                   =======         ======
           memcmp                  000029C3        Segment part 26 (nwk)
                                                   dispatchFrame (nwk_frame)
                                                   nwk_QfindOldest (nwk_QMgmt)
                                                   nwk_isValidReply (nwk)
                                                   nwk_processMgmt (nwk_mgmt)
               XSTACK = 00000002 ( 00000008 )

    -------------------------------------------------------------------------
  LIBRARY MODULE, NAME : ?memcpy

  SEGMENTS IN THE MODULE
  ======================
NEAR_CODE
  Relative segment, address: CODE 00002A19 - 00002A5E (0x46 bytes), align: 0
  Segment part 6.
           ENTRY                   ADDRESS         REF BY
           =====                   =======         ======
           memcpy                  00002A19        ?Subroutine4 (nwk_frame)
                                                   SMPL_Ioctl (nwk_api)
                                                   SMPL_SendOpt (nwk_api)
                                                   Segment part 24 (nwk_link)
                                                   nwk_buildFrame (nwk_frame)
                                                   nwk_deviceAddress (nwk_ioctl)
                                                   nwk_globalsInit (nwk_globals)
                                                   nwk_join (nwk_join)
                                                   nwk_nwkInit (nwk)
                                                   nwk_processPing (nwk_ping)
                                                   nwk_radioControl (nwk_ioctl)
                                                   nwk_rawSend (nwk_ioctl)
                                                   nwk_setAPAddress (nwk_globals)
                                                   nwk_setMyAddress (nwk_globals)
               XSTACK = 00000002 ( 00000009 )
               ISTACK = 00000000 ( 00000001 )

    -------------------------------------------------------------------------
  LIBRARY MODULE, NAME : ?memmove

  SEGMENTS IN THE MODULE
  ======================
NEAR_CODE
  Relative segment, address: CODE 00002A5F - 00002AE4 (0x86 bytes), align: 0
  Segment part 6.
           ENTRY                   ADDRESS         REF BY
           =====                   =======         ======
           memmove                 00002A5F        MRFI_RfIsr (mrfi)
                                                   nwk_getNumObjectFromMsg (nwk)
                                                   nwk_putNumObjectIntoMsg (nwk)
               XSTACK = 00000002 ( 00000009 )
               ISTACK = 00000000 ( 00000001 )
    -------------------------------------------------------------------------
NEAR_CODE
  Relative segment, address: CODE 00002AE5 - 00002AF7 (0x13 bytes), align: 0
  Segment part 7.             Intra module refs:   memmove

    -------------------------------------------------------------------------
  LIBRARY MODULE, NAME : ?memset

  SEGMENTS IN THE MODULE
  ======================
NEAR_CODE
  Relative segment, address: CODE 00002AF8 - 00002B24 (0x2d bytes), align: 0
  Segment part 6.
           ENTRY                   ADDRESS         REF BY
           =====                   =======         ======
           memset                  00002AF8        ?Subroutine3 (mrfi)
                                                   nwk_QInit (nwk_QMgmt)
                                                   nwk_allocateLocalRxPort (nwk)
                                                   nwk_globalsInit (nwk_globals)
                                                   nwk_linkInit (nwk_link)
                                                   nwk_nwkInit (nwk)
               XSTACK = 00000002 ( 00000008 )
               ISTACK = 00000000 ( 00000001 )

    -------------------------------------------------------------------------
  LIBRARY MODULE, NAME : ?strlen

  SEGMENTS IN THE MODULE
  ======================
NEAR_CODE
  Relative segment, address: CODE 00002B25 - 00002B40 (0x1c bytes), align: 0
  Segment part 6.
           ENTRY                   ADDRESS         REF BY
           =====                   =======         ======
           strlen                  00002B25        console (uart_intfc)
               ISTACK = 00000000 ( 00000002 )

    -------------------------------------------------------------------------
  LIBRARY MODULE, NAME : ?low_level_init

  SEGMENTS IN THE MODULE
  ======================
CSTART
  Relative segment, address: CODE 000000E2 - 000000E4 (0x3 bytes), align: 0
  Segment part 6. ROOT.
           ENTRY                   ADDRESS         REF BY
           =====                   =======         ======
           __low_level_init        000000E2        __low_level_init_call (?cmain)




                ****************************************
                *                                      *
                *      SEGMENTS IN ADDRESS ORDER       *
                *                                      *
                ****************************************


SEGMENT              SPACE    START ADDRESS   END ADDRESS     SIZE  TYPE  ALIGN
=======              =====    =============   ===========     ====  ====  =====
INTVEC               CODE          00000000 - 00000085          86   com    0
CSTART               CODE          00000086 - 000000E4          5F   rel    0
BIT_ID               CODE               000000E5                     dse    0
DATA_ID              CODE               000000E5                     dse    0
PDATA_ID             CODE               000000E5                     dse    0
IXDATA_ID            CODE               000000E5                     dse    0
BDATA_ID             CODE               000000E5                     dse    0
IDATA_ID             CODE               000000E5                     dse    0
XDATA_ID             CODE          000000E5 - 00000154          70   rel    0
RCODE                CODE          00000155 - 000004F4         3A0   rel    0
DIFUNCT              CODE               000004F5                     dse    0
CODE_N               CODE               000004F5                     dse    0
CODE_C               CODE               000004F5                     dse    0
NEAR_CODE            CODE          000004F5 - 00002B40        264C   rel    0
REGISTERS            DATA          00000000 - 00000007           8   rel    0
VREG                 DATA          00000008 - 0000000F           8   rel    0
PSP                  DATA               00000010                     dse    0
XSP                  DATA          00000010 - 00000011           2   rel    0
BREG                 BIT        00000020.0  -  00000020.7        8   rel    0
SFR_AN               DATA          00000086 - 00000086           1   rel    0
                     DATA          0000008F - 00000091           3 
                     DATA          0000009A - 0000009A           1 
                     DATA          0000009A - 0000009B           2 
                     DATA          000000A8 - 000000A9           2 
                     DATA          000000B4 - 000000B4           1 
                     DATA          000000B9 - 000000B9           1 
                     DATA          000000BC - 000000BC           1 
                     DATA          000000BE - 000000BE           1 
                     DATA          000000C1 - 000000C2           2 
                     DATA          000000C4 - 000000C6           3 
                     DATA          000000CB - 000000CB           1 
                     DATA          000000CD - 000000CD           1 
                     DATA          000000D1 - 000000D1           1 
                     DATA          000000D4 - 000000D6           3 
                     DATA          000000D8 - 000000D8           1 
                     DATA          000000E1 - 000000E1           1 
                     DATA          000000E8 - 000000E9           2 
                     DATA          000000F1 - 000000F3           3 
                     DATA          000000F5 - 000000F5           1 
                     DATA          000000FE - 000000FE           1 
XSTACK               XDATA         0000F000 - 0000F3FE         3FF   rel    0
XDATA_Z              XDATA         0000F3FF - 0000F56F         171   rel    0
XDATA_I              XDATA         0000F570 - 0000F5DF          70   rel    0
ISTACK               IDATA         00000040 - 000000FF          C0   rel    0

                ****************************************
                *                                      *
                *        END OF CROSS REFERENCE        *
                *                                      *
                ****************************************

 11 073 bytes of CODE  memory
     18 bytes of DATA  memory (+ 33 absolute )
  1 504 bytes of XDATA memory
    192 bytes of IDATA memory
      8 bits  of BIT   memory

Errors: none
Warnings: none

