Warning[w6]: Type conflict for external/entry "debug", in module log against external/entry in module framework; prototyped function vs K&R function
  /* In module log: */
  /* K&R Function, args 0, attr 0 */
  int (__xdata_reentrant debug)();
  /* In module framework: */
  /* Function, args 1, attr 0 */
  void (__xdata_reentrant debug)(char *);
Warning[w6]: Type conflict for external/entry "getAckFlag", in module framework against external/entry in module nwk; types have different type attributes
  /* In module framework: */
  char getAckFlag;
  /* In module nwk: */
  char volatile getAckFlag;
################################################################################
#                                                                              #
#      IAR Universal Linker V5.0.2.5/W32                                       #
#                                                                              #
#           Link time     =  24/Mar/2012  17:06:03                             #
#           Target CPU    =  x51                                               #
#           List file     =  E:\linear-wireless\Projects\Examples\SRF04\Cascad #
#                            ing_End_Devices\IAR\CC1110-EndDevice\List\Cascadi #
#                            ng_End_Devices.map                                #
#           Output file 1 =  E:\linear-wireless\Projects\Examples\SRF04\Cascad #
#                            ing_End_Devices\IAR\CC1110-EndDevice\Exe\Cascadin #
#                            g_End_Devices.d51                                 #
#                            Format: debug                                     #
#                            UBROF version 10.0.3                              #
#                            Using library modules for C-SPY (-rt)             #
#           Command line  =  "-IC:\Program Files\IAR Systems\Embedded Workbenc #
#                            h 6.0 Evaluation\8051\CONFIG\"                    #
#                            -D_NR_OF_BANKS=0 -D_CODEBANK_END=0                #
#                            -D_CODEBANK_START=0                               #
#                            E:\linear-wireless\Projects\Examples\SRF04\Cascad #
#                            ing_End_Devices\IAR\CC1110-EndDevice\Obj\bsp.r51  #
#                            E:\linear-wireless\Projects\Examples\SRF04\Cascad #
#                            ing_End_Devices\IAR\CC1110-EndDevice\Obj\channel. #
#                            r51                                               #
#                            E:\linear-wireless\Projects\Examples\SRF04\Cascad #
#                            ing_End_Devices\IAR\CC1110-EndDevice\Obj\detect.r #
#                            51                                                #
#                            E:\linear-wireless\Projects\Examples\SRF04\Cascad #
#                            ing_End_Devices\IAR\CC1110-EndDevice\Obj\framewor #
#                            k.r51                                             #
#                            E:\linear-wireless\Projects\Examples\SRF04\Cascad #
#                            ing_End_Devices\IAR\CC1110-EndDevice\Obj\log.r51  #
#                            E:\linear-wireless\Projects\Examples\SRF04\Cascad #
#                            ing_End_Devices\IAR\CC1110-EndDevice\Obj\logHandl #
#                            e.r51                                             #
#                            E:\linear-wireless\Projects\Examples\SRF04\Cascad #
#                            ing_End_Devices\IAR\CC1110-EndDevice\Obj\logLevel #
#                            .r51                                              #
#                            E:\linear-wireless\Projects\Examples\SRF04\Cascad #
#                            ing_End_Devices\IAR\CC1110-EndDevice\Obj\main_lin #
#                            ear.r51                                           #
#                            E:\linear-wireless\Projects\Examples\SRF04\Cascad #
#                            ing_End_Devices\IAR\CC1110-EndDevice\Obj\mrfi.r51 #
#                            E:\linear-wireless\Projects\Examples\SRF04\Cascad #
#                            ing_End_Devices\IAR\CC1110-EndDevice\Obj\nwk.r51  #
#                            E:\linear-wireless\Projects\Examples\SRF04\Cascad #
#                            ing_End_Devices\IAR\CC1110-EndDevice\Obj\nwk_QMgm #
#                            t.r51                                             #
#                            E:\linear-wireless\Projects\Examples\SRF04\Cascad #
#                            ing_End_Devices\IAR\CC1110-EndDevice\Obj\nwk_api. #
#                            r51                                               #
#                            E:\linear-wireless\Projects\Examples\SRF04\Cascad #
#                            ing_End_Devices\IAR\CC1110-EndDevice\Obj\nwk_fram #
#                            e.r51                                             #
#                            E:\linear-wireless\Projects\Examples\SRF04\Cascad #
#                            ing_End_Devices\IAR\CC1110-EndDevice\Obj\nwk_freq #
#                            .r51                                              #
#                            E:\linear-wireless\Projects\Examples\SRF04\Cascad #
#                            ing_End_Devices\IAR\CC1110-EndDevice\Obj\nwk_glob #
#                            als.r51                                           #
#                            E:\linear-wireless\Projects\Examples\SRF04\Cascad #
#                            ing_End_Devices\IAR\CC1110-EndDevice\Obj\nwk_ioct #
#                            l.r51                                             #
#                            E:\linear-wireless\Projects\Examples\SRF04\Cascad #
#                            ing_End_Devices\IAR\CC1110-EndDevice\Obj\nwk_join #
#                            .r51                                              #
#                            E:\linear-wireless\Projects\Examples\SRF04\Cascad #
#                            ing_End_Devices\IAR\CC1110-EndDevice\Obj\nwk_link #
#                            .r51                                              #
#                            E:\linear-wireless\Projects\Examples\SRF04\Cascad #
#                            ing_End_Devices\IAR\CC1110-EndDevice\Obj\nwk_mgmt #
#                            .r51                                              #
#                            E:\linear-wireless\Projects\Examples\SRF04\Cascad #
#                            ing_End_Devices\IAR\CC1110-EndDevice\Obj\nwk_ping #
#                            .r51                                              #
#                            E:\linear-wireless\Projects\Examples\SRF04\Cascad #
#                            ing_End_Devices\IAR\CC1110-EndDevice\Obj\nwk_pll. #
#                            r51                                               #
#                            E:\linear-wireless\Projects\Examples\SRF04\Cascad #
#                            ing_End_Devices\IAR\CC1110-EndDevice\Obj\nwk_secu #
#                            rity.r51                                          #
#                            E:\linear-wireless\Projects\Examples\SRF04\Cascad #
#                            ing_End_Devices\IAR\CC1110-EndDevice\Obj\radio.r5 #
#                            1                                                 #
#                            E:\linear-wireless\Projects\Examples\SRF04\Cascad #
#                            ing_End_Devices\IAR\CC1110-EndDevice\Obj\route.r5 #
#                            1                                                 #
#                            E:\linear-wireless\Projects\Examples\SRF04\Cascad #
#                            ing_End_Devices\IAR\CC1110-EndDevice\Obj\scan.r51 #
#                            E:\linear-wireless\Projects\Examples\SRF04\Cascad #
#                            ing_End_Devices\IAR\CC1110-EndDevice\Obj\stationD #
#                            ata.r51                                           #
#                            E:\linear-wireless\Projects\Examples\SRF04\Cascad #
#                            ing_End_Devices\IAR\CC1110-EndDevice\Obj\surplusC #
#                            harge.r51                                         #
#                            E:\linear-wireless\Projects\Examples\SRF04\Cascad #
#                            ing_End_Devices\IAR\CC1110-EndDevice\Obj\test.r51 #
#                            E:\linear-wireless\Projects\Examples\SRF04\Cascad #
#                            ing_End_Devices\IAR\CC1110-EndDevice\Obj\uart.r51 #
#                            -o                                                #
#                            E:\linear-wireless\Projects\Examples\SRF04\Cascad #
#                            ing_End_Devices\IAR\CC1110-EndDevice\Exe\Cascadin #
#                            g_End_Devices.d51                                 #
#                            -l                                                #
#                            E:\linear-wireless\Projects\Examples\SRF04\Cascad #
#                            ing_End_Devices\IAR\CC1110-EndDevice\List\Cascadi #
#                            ng_End_Devices.map                                #
#                            -xms                                              #
#                            "-IC:\Program Files\IAR Systems\Embedded Workbenc #
#                            h 6.0 Evaluation\8051\LIB\"                       #
#                            -f                                                #
#                            "C:\Program Files\IAR Systems\Embedded Workbench  #
#                            6.0 Evaluation\8051\config\devices\Texas Instrume #
#                            nts\lnk51ew_cc1110F32.xcl"                        #
#                            (-D_IDATA0_START=0x00 -D_IDATA0_END=0xFF          #
#                            -D_PDATA0_START=0xF000 -D_PDATA0_END=0xF0FF       #
#                            -D_IXDATA0_START=0x00F000                         #
#                            -D_IXDATA0_END=0x00FDA1                           #
#                            -D_XDATA0_START=0x00F000 -D_XDATA0_END=0x00FDA1   #
#                            -D_CODE0_START=0x000000 -D_CODE0_END=0x007FFF     #
#                            -D?REGISTER_BANK=0x0 -D_REGISTER_BANK_START=0x0   #
#                            -D_BREG_START=0x00 -D?VB=0x20 -D?ESP=0x9B         #
#                            -Z(BIT)BREG=_BREG_START -Z(BIT)BIT_N=0-7F         #
#                            -Z(DATA)REGISTERS+8=_REGISTER_BANK_START          #
#                            -Z(DATA)BDATA_Z,BDATA_N,BDATA_I=20-2F             #
#                            -Z(DATA)VREG+_NR_OF_VIRTUAL_REGISTERS=08-7F       #
#                            -Z(DATA)PSP,XSP=08-7F -Z(DATA)DOVERLAY=08-7F      #
#                            -Z(DATA)DATA_I,DATA_Z,DATA_N=08-7F                #
#                            -U(IDATA)0-7F=(DATA)0-7F                          #
#                            -Z(IDATA)IDATA_I,IDATA_Z,IDATA_N=08-_IDATA0_END   #
#                            -Z(IDATA)ISTACK+_IDATA_STACK_SIZE#08-_IDATA0_END  #
#                            -Z(IDATA)IOVERLAY=08-FF -Z(CODE)INTVEC=0          #
#                            -Z(CODE)CSTART=_CODE0_START-_CODE0_END            #
#                            -Z(CODE)BIT_ID,BDATA_ID,DATA_ID,IDATA_ID,IXDATA_I #
#                            D,PDATA_ID,XDATA_ID=_CODE0_START-_CODE0_END       #
#                            -Z(CODE)RCODE,DIFUNCT,CODE_C,CODE_N,NEAR_CODE=_CO #
#                            DE0_START-_CODE0_END                              #
#                            -Z(CODE)CHECKSUM#_CODE0_END                       #
#                            -Z(XDATA)PDATA_Z,PDATA_I=_PDATA0_START-_PDATA0_EN #
#                            D                                                 #
#                            -P(XDATA)PDATA_N=_PDATA0_START-_PDATA0_END        #
#                            -Z(XDATA)PSTACK+_PDATA_STACK_SIZE=_PDATA0_START-_ #
#                            PDATA0_END                                        #
#                            -Z(XDATA)EXT_STACK+_EXTENDED_STACK_SIZE=_EXTENDED #
#                            _STACK_START                                      #
#                            -Z(XDATA)XSTACK+_XDATA_STACK_SIZE=_XDATA0_START-_ #
#                            XDATA0_END                                        #
#                            -Z(XDATA)IXDATA_Z,IXDATA_I=_IXDATA0_START-_IXDATA #
#                            0_END                                             #
#                            -P(XDATA)IXDATA_N=_IXDATA0_START-_IXDATA0_END     #
#                            -Z(XDATA)XDATA_Z,XDATA_I=_XDATA0_START-_XDATA0_EN #
#                            D                                                 #
#                            -P(XDATA)XDATA_N=_XDATA0_START-_XDATA0_END        #
#                            -Z(XDATA)XDATA_HEAP+_XDATA_HEAP_SIZE=_XDATA0_STAR #
#                            T-_XDATA0_END                                     #
#                            -Z(CONST)XDATA_ROM_C=_XDATA0_START-_XDATA0_END    #
#                            -cx51 -Z(XDATA)XDATA_SCRATCH=0xFDA2-0xFEFF)       #
#                            -D_NR_OF_VIRTUAL_REGISTERS=8 -D?PBANK=0xA0 -rt    #
#                            -s __program_start                                #
#                            "C:\Program Files\IAR Systems\Embedded Workbench  #
#                            6.0 Evaluation\8051\LIB\CLIB\cl-pli-nlxd-1e16x01. #
#                            r51"                                              #
#                            -D_IDATA_STACK_SIZE=0xC0                          #
#                            -D_EXTENDED_STACK_START=0x00                      #
#                            -D_EXTENDED_STACK_SIZE=0x00                       #
#                            -D_PDATA_STACK_SIZE=0x80                          #
#                            -D_XDATA_STACK_SIZE=0x3FF                         #
#                            -D_XDATA_HEAP_SIZE=0xFF -D_FAR_HEAP_SIZE=0xFFF    #
#                            -D_HUGE_HEAP_SIZE=0xFFF                           #
#                            -D_FAR22_HEAP_SIZE=0xFFF                          #
#                                                                              #
#                           Copyright (C) 1987-2010 IAR Systems AB.            #
################################################################################





                ****************************************
                *                                      *
                *           CROSS REFERENCE            *
                *                                      *
                ****************************************

       Program entry at : CODE      000000D3  Relocatable, from module : CSTARTUP




                ****************************************
                *                                      *
                *            RUNTIME MODEL             *
                *                                      *
                ****************************************

  __SystemLibrary          = CLib
  __calling_convention     = xdata_reentrant
  __code_model             = near
  __core                   = plain
  __data_model             = large
  __dptr_size              = 16
  __extended_stack         = disabled
  __location_for_constants = data
  __number_of_dptrs        = 1
  __rt_version             = 1



                ****************************************
                *                                      *
                *              MODULE MAP              *
                *                                      *
                ****************************************


  DEFINED ABSOLUTE ENTRIES
    *************************************************************************

  DEFINED ABSOLUTE ENTRIES
  PROGRAM MODULE, NAME : ?ABS_ENTRY_MOD

Absolute parts
           ENTRY                   ADDRESS         REF BY
           =====                   =======         ======
           _FAR22_HEAP_SIZE        00000FFF 
           _HUGE_HEAP_SIZE         00000FFF 
           _FAR_HEAP_SIZE          00000FFF 
           _XDATA_HEAP_SIZE        000000FF 
           _XDATA_STACK_SIZE       000003FF 
           _PDATA_STACK_SIZE       00000080 
           _EXTENDED_STACK_SIZE    00000000 
           _EXTENDED_STACK_START   00000000 
           _IDATA_STACK_SIZE       000000C0 
           ?PBANK                  000000A0 
           _NR_OF_VIRTUAL_REGISTERS
                                   00000008 
           ?ESP                    0000009B 
           ?VB                     00000020        ?FUNC_ENTER_XDATA (?FUNC_ENTER_XDATA)
                                                   ?FUNC_LEAVE_XDATA (?FUNC_LEAVE_XDATA)
                                                   ?INTERRUPT_ENTER_XSP (?INTERRUPT_ENTER_XSP)
                                                   ?INTERRUPT_LEAVE_XSP (?INTERRUPT_LEAVE_XSP)
                                                   Mrfi_DelayUsecLong (mrfi)
           _BREG_START             00000000 
           _REGISTER_BANK_START    00000000 
           ?REGISTER_BANK          00000000        Segment part 6 (CSTARTUP)
           _CODE0_END              00007FFF 
           _CODE0_START            00000000 
           _XDATA0_END             0000FDA1 
           _XDATA0_START           0000F000 
           _IXDATA0_END            0000FDA1 
           _IXDATA0_START          0000F000 
           _PDATA0_END             0000F0FF 
           _PDATA0_START           0000F000 
           _IDATA0_END             000000FF 
           _IDATA0_START           00000000 
           _CODEBANK_START         00000000 
           _CODEBANK_END           00000000 
           _NR_OF_BANKS            00000000 
    *************************************************************************

  FILE NAME : E:\linear-wireless\Projects\Examples\SRF04\Cascading_End_Devices\IAR\CC1110-EndDevice\Obj\bsp.r51
  PROGRAM MODULE, NAME : bsp

  SEGMENTS IN THE MODULE
  ======================
SFR_AN
  Relative segment, address: DATA 0000008F - 0000008F (0x1 bytes), align: 0
  Segment part 1. ROOT.       Intra module refs:   BSP_InitDrivers
           ENTRY                   ADDRESS         REF BY
           =====                   =======         ======
           P0INP                   0000008F 
    -------------------------------------------------------------------------
SFR_AN
  Relative segment, address: DATA 00000090 - 00000090 (0x1 bytes), align: 0
  Segment part 2. ROOT.       Intra module refs:   BSP_InitLeds
                                                   main (main_linear)
                                                   receive (radio)
                                                   send (radio)
           ENTRY                   ADDRESS         REF BY
           =====                   =======         ======
           _A_P1                   00000090 
           LOCAL                   ADDRESS         
           =====                   =======         
           P1                      00000090 
    -------------------------------------------------------------------------
SFR_AN
  Relative segment, address: DATA 000000A8 - 000000A8 (0x1 bytes), align: 0
  Segment part 3. ROOT.       Intra module refs:   BSP_Init
                                                   MRFI_EnableRxAddrFilter (mrfi)
                                                   MRFI_Init (mrfi)
                                                   MRFI_ReplyDelay (mrfi)
                                                   MRFI_RfIsr (mrfi)
                                                   MRFI_Rssi (mrfi)
                                                   MRFI_RxIdle (mrfi)
                                                   MRFI_RxOn (mrfi)
                                                   MRFI_SetLogicalChannel (mrfi)
                                                   MRFI_Sleep (mrfi)
                                                   MRFI_Transmit (mrfi)
                                                   MRFI_WakeUp (mrfi)
                                                   Mrfi_DelayUsec (mrfi)
                                                   Mrfi_DelayUsecLong (mrfi)
                                                   SMPL_SendOpt (nwk_api)
                                                   initUART (uart)
                                                   nwk_QadjustOrder (nwk_QMgmt)
                                                   nwk_QfindOldest (nwk_QMgmt)
           ENTRY                   ADDRESS         REF BY
           =====                   =======         ======
           _A_IEN0                 000000A8 
           LOCAL                   ADDRESS         
           =====                   =======         
           IEN0                    000000A8 
    -------------------------------------------------------------------------
SFR_AN
  Relative segment, address: DATA 000000CB - 000000CB (0x1 bytes), align: 0
  Segment part 4. ROOT.       Intra module refs:   BSP_Delay
           ENTRY                   ADDRESS         REF BY
           =====                   =======         ======
           T3CTL                   000000CB 
    -------------------------------------------------------------------------
SFR_AN
  Relative segment, address: DATA 000000CD - 000000CD (0x1 bytes), align: 0
  Segment part 5. ROOT.       Intra module refs:   BSP_Delay
           ENTRY                   ADDRESS         REF BY
           =====                   =======         ======
           T3CC0                   000000CD 
    -------------------------------------------------------------------------
SFR_AN
  Relative segment, address: DATA 000000D8 - 000000D8 (0x1 bytes), align: 0
  Segment part 6. ROOT.       Intra module refs:   BSP_Delay
           ENTRY                   ADDRESS         REF BY
           =====                   =======         ======
           _A_TIMIF                000000D8 
           LOCAL                   ADDRESS         
           =====                   =======         
           TIMIF                   000000D8 
    -------------------------------------------------------------------------
SFR_AN
  Relative segment, address: DATA 000000FE - 000000FE (0x1 bytes), align: 0
  Segment part 7. ROOT.       Intra module refs:   BSP_InitLeds
           ENTRY                   ADDRESS         REF BY
           =====                   =======         ======
           P1DIR                   000000FE 
    -------------------------------------------------------------------------
NEAR_CODE
  Relative segment, address: CODE 00000FFE - 0000102C (0x2f bytes), align: 0
  Segment part 13.
           ENTRY                   ADDRESS         REF BY
           =====                   =======         ======
           BSP_Init                00000FFE        main (main_linear)
               calls direct
               XSTACK = 00000000 ( 00000002 )
               ISTACK = 00000000 ( 00000002 )
    -------------------------------------------------------------------------
NEAR_CODE
  Relative segment, address: CODE 0000102D - 00001050 (0x24 bytes), align: 0
  Segment part 15.
           ENTRY                   ADDRESS         REF BY
           =====                   =======         ======
           BSP_Delay               0000102D        ?Subroutine8 (mrfi)
                                                   MRFI_ReplyDelay (mrfi)
                                                   Mrfi_DelayUsecLong (mrfi)
    -------------------------------------------------------------------------
NEAR_CODE
  Relative segment, address: CODE 00001051 - 00001057 (0x7 bytes), align: 0
  Segment part 16.            Intra module refs:   BSP_Init
           ENTRY                   ADDRESS         REF BY
           =====                   =======         ======
           BSP_InitDrivers         00001051 
               calls direct
               XSTACK = 00000002 ( 00000000 )
    -------------------------------------------------------------------------
NEAR_CODE
  Relative segment, address: CODE 00001058 - 00001062 (0xb bytes), align: 0
  Segment part 17.            Intra module refs:   BSP_InitDrivers
           ENTRY                   ADDRESS         REF BY
           =====                   =======         ======
           BSP_InitLeds            00001058 

    *************************************************************************

  FILE NAME : E:\linear-wireless\Projects\Examples\SRF04\Cascading_End_Devices\IAR\CC1110-EndDevice\Obj\channel.r51
  PROGRAM MODULE, NAME : channel

  SEGMENTS IN THE MODULE
  ======================
XDATA_Z
  Relative segment, address: XDATA 0000F3FF - 0000F3FF (0x1 bytes), align: 0
  Segment part 10.            Intra module refs:   channelHandle
           ENTRY                   ADDRESS         REF BY
           =====                   =======         ======
           channel                 0000F3FF 
    -------------------------------------------------------------------------
NEAR_CODE
  Relative segment, address: CODE 00001063 - 000010FA (0x98 bytes), align: 0
  Segment part 11.
           ENTRY                   ADDRESS         REF BY
           =====                   =======         ======
           channelHandle           00001063        initOS (framework)
               calls direct, is indirectly called
               XSTACK = 00000000 ( 00000009 )
               ISTACK = 00000000 ( 00000001 )
    -------------------------------------------------------------------------
XDATA_ID
  Relative segment, address: CODE 000000E5 - 000000F1 (0xd bytes), align: 0
  Segment part 7.             Intra module refs:   Segment part 6
    -------------------------------------------------------------------------
XDATA_ID
  Relative segment, address: CODE 000000F2 - 000000FD (0xc bytes), align: 0
  Segment part 9.             Intra module refs:   Segment part 8
    -------------------------------------------------------------------------
XDATA_I
  Relative segment, address: XDATA 0000F981 - 0000F98D (0xd bytes), align: 0
  Segment part 6.             Intra module refs:   channelHandle
    -------------------------------------------------------------------------
XDATA_I
  Relative segment, address: XDATA 0000F98E - 0000F999 (0xc bytes), align: 0
  Segment part 8.             Intra module refs:   channelHandle

    *************************************************************************

  FILE NAME : E:\linear-wireless\Projects\Examples\SRF04\Cascading_End_Devices\IAR\CC1110-EndDevice\Obj\detect.r51
  PROGRAM MODULE, NAME : detect

  SEGMENTS IN THE MODULE
  ======================
NEAR_CODE
  Relative segment, address: CODE 000010FB - 00001135 (0x3b bytes), align: 0
  Segment part 8.
           ENTRY                   ADDRESS         REF BY
           =====                   =======         ======
           detect                  000010FB        initOS (framework)
               calls direct, is indirectly called
               XSTACK = 00000000 ( 0000000B )
    -------------------------------------------------------------------------
XDATA_ID
  Relative segment, address: CODE 000000FE - 00000102 (0x5 bytes), align: 0
  Segment part 7.             Intra module refs:   Segment part 6
    -------------------------------------------------------------------------
XDATA_I
  Relative segment, address: XDATA 0000F99A - 0000F99E (0x5 bytes), align: 0
  Segment part 6.             Intra module refs:   detect

    *************************************************************************

  FILE NAME : E:\linear-wireless\Projects\Examples\SRF04\Cascading_End_Devices\IAR\CC1110-EndDevice\Obj\framework.r51
  PROGRAM MODULE, NAME : framework

  SEGMENTS IN THE MODULE
  ======================
XDATA_Z
  Relative segment, address: XDATA 0000F400 - 0000F427 (0x28 bytes), align: 0
  Segment part 35.            Intra module refs:   ?Subroutine10
                                                   callApplication
                                                   initOS
                                                   registerTask
           LOCAL                   ADDRESS         
           =====                   =======         
           taskList                0000F400 
    -------------------------------------------------------------------------
NEAR_CODE
  Relative segment, address: CODE 00001136 - 0000115D (0x28 bytes), align: 0
  Segment part 37.            Intra module refs:   checkRF
                                                   checkUART
           ENTRY                   ADDRESS         REF BY
           =====                   =======         ======
           checkFlag               00001136 
               calls direct
               XSTACK = 0000000B ( 00000000 )
               ISTACK = 00000000 ( 00000002 )
    -------------------------------------------------------------------------
NEAR_CODE
  Relative segment, address: CODE 0000115E - 0000119A (0x3d bytes), align: 0
  Segment part 38.            Intra module refs:   ?Subroutine4
                                                   initOS
           ENTRY                   ADDRESS         REF BY
           =====                   =======         ======
           registerTask            0000115E 
               XSTACK = 00000009 ( 00000009 )
               ISTACK = 00000000 ( 00000001 )
    -------------------------------------------------------------------------
NEAR_CODE
  Relative segment, address: CODE 0000119B - 0000119F (0x5 bytes), align: 0
  Segment part 39.            Intra module refs:   handleRF
           ENTRY                   ADDRESS         REF BY
           =====                   =======         ======
           fowardFrame             0000119B 
               calls direct
               XSTACK = 0000000B ( 00000000 )
    -------------------------------------------------------------------------
NEAR_CODE
  Relative segment, address: CODE 000011A0 - 00001218 (0x79 bytes), align: 0
  Segment part 40.            Intra module refs:   framework_entry
           ENTRY                   ADDRESS         REF BY
           =====                   =======         ======
           initOS                  000011A0 
               calls direct
               XSTACK = 00000000 ( 00000009 )
    -------------------------------------------------------------------------
NEAR_CODE
  Relative segment, address: CODE 00001219 - 0000121E (0x6 bytes), align: 0
  Segment part 41.            Intra module refs:   initOS
           LOCAL                   ADDRESS         
           =====                   =======         
           ?Subroutine4            00001219 
    -------------------------------------------------------------------------
NEAR_CODE
  Relative segment, address: CODE 0000121F - 0000122D (0xf bytes), align: 0
  Segment part 42.            Intra module refs:   framework_entry
           ENTRY                   ADDRESS         REF BY
           =====                   =======         ======
           runOS                   0000121F 
               calls direct
    -------------------------------------------------------------------------
NEAR_CODE
  Relative segment, address: CODE 0000122E - 000012A3 (0x76 bytes), align: 0
  Segment part 44.            Intra module refs:   handleRF
           ENTRY                   ADDRESS         REF BY
           =====                   =======         ======
           send2Computer           0000122E 
               calls direct
               XSTACK = 0000000B ( 0000000B )
    -------------------------------------------------------------------------
NEAR_CODE
  Relative segment, address: CODE 000012A4 - 000012A8 (0x5 bytes), align: 0
  Segment part 45.            Intra module refs:   checkRF
                                                   checkUART
                                                   initOS
                                                   registerTask
                                                   send2Computer
           LOCAL                   ADDRESS         
           =====                   =======         
           ?Subroutine1            000012A4 
    -------------------------------------------------------------------------
NEAR_CODE
  Relative segment, address: CODE 000012A9 - 000012CA (0x22 bytes), align: 0
  Segment part 47.            Intra module refs:   runOS
           ENTRY                   ADDRESS         REF BY
           =====                   =======         ======
           checkRF                 000012A9 
               calls direct
               XSTACK = 00000000 ( 00000009 )
    -------------------------------------------------------------------------
NEAR_CODE
  Relative segment, address: CODE 000012CB - 000013E7 (0x11d bytes), align: 0
  Segment part 48.            Intra module refs:   checkRF
                                                   checkUART
           ENTRY                   ADDRESS         REF BY
           =====                   =======         ======
           handleRF                000012CB 
               calls direct
               XSTACK = 0000000B ( 0000000D )
    -------------------------------------------------------------------------
NEAR_CODE
  Relative segment, address: CODE 000013E8 - 000013F2 (0xb bytes), align: 0
  Segment part 49.            Intra module refs:   handleRF
           LOCAL                   ADDRESS         
           =====                   =======         
           ?Subroutine10           000013E8 
    -------------------------------------------------------------------------
NEAR_CODE
  Relative segment, address: CODE 000013F3 - 000013FF (0xd bytes), align: 0
  Segment part 50.            Intra module refs:   handleRF
           LOCAL                   ADDRESS         
           =====                   =======         
           ?Subroutine8            000013F3 
    -------------------------------------------------------------------------
NEAR_CODE
  Relative segment, address: CODE 00001400 - 00001417 (0x18 bytes), align: 0
  Segment part 51.            Intra module refs:   handleRF
           LOCAL                   ADDRESS         
           =====                   =======         
           ?Subroutine3            00001400 
    -------------------------------------------------------------------------
NEAR_CODE
  Relative segment, address: CODE 00001418 - 000014DE (0xc7 bytes), align: 0
  Segment part 52.            Intra module refs:   handleRF
           ENTRY                   ADDRESS         REF BY
           =====                   =======         ======
           callApplication         00001418 
               calls direct
               XSTACK = 0000000B ( 0000000F )
               ISTACK = 00000000 ( 00000001 )
    -------------------------------------------------------------------------
NEAR_CODE
  Relative segment, address: CODE 000014DF - 000014E9 (0xb bytes), align: 0
  Segment part 53.            Intra module refs:   callApplication
                                                   handleRF
           LOCAL                   ADDRESS         
           =====                   =======         
           ?Subroutine6            000014DF 
    -------------------------------------------------------------------------
NEAR_CODE
  Relative segment, address: CODE 000014EA - 000014F3 (0xa bytes), align: 0
  Segment part 54.            Intra module refs:   callApplication
           LOCAL                   ADDRESS         
           =====                   =======         
           ?Subroutine5            000014EA 
    -------------------------------------------------------------------------
NEAR_CODE
  Relative segment, address: CODE 000014F4 - 00001507 (0x14 bytes), align: 0
  Segment part 55.            Intra module refs:   consoleAP
           ENTRY                   ADDRESS         REF BY
           =====                   =======         ======
           debug                   000014F4        log (log)
               calls direct
               ISTACK = 00000000 ( 00000002 )
    -------------------------------------------------------------------------
NEAR_CODE
  Relative segment, address: CODE 00001508 - 0000150C (0x5 bytes), align: 0
  Segment part 56.            Intra module refs:   checkFlag
                                                   consoleAP
                                                   debug
           LOCAL                   ADDRESS         
           =====                   =======         
           ?Subroutine0            00001508 
    -------------------------------------------------------------------------
NEAR_CODE
  Relative segment, address: CODE 0000150D - 00001524 (0x18 bytes), align: 0
  Segment part 57.            Intra module refs:   callApplication
           ENTRY                   ADDRESS         REF BY
           =====                   =======         ======
           consoleAP               0000150D 
               calls direct
               XSTACK = 0000000D ( 00000000 )
               ISTACK = 00000000 ( 00000002 )
    -------------------------------------------------------------------------
NEAR_CODE
  Relative segment, address: CODE 00001525 - 00001525 (0x1 bytes), align: 0
  Segment part 58.            Intra module refs:   ?Subroutine5
                                                   checkUART
           LOCAL                   ADDRESS         
           =====                   =======         
           ?Subroutine12           00001525 
    -------------------------------------------------------------------------
NEAR_CODE
  Relative segment, address: CODE 00001526 - 0000152A (0x5 bytes), align: 0
  Segment part 59.            Intra module refs:   ?Subroutine12
                                                   consoleAP
                                                   handleRF
                                                   runOS
    -------------------------------------------------------------------------
NEAR_CODE
  Relative segment, address: CODE 0000152B - 000015D6 (0xac bytes), align: 0
  Segment part 60.            Intra module refs:   runOS
           ENTRY                   ADDRESS         REF BY
           =====                   =======         ======
           checkUART               0000152B 
               calls direct
               XSTACK = 00000000 ( 0000000D )
    -------------------------------------------------------------------------
NEAR_CODE
  Relative segment, address: CODE 000015D7 - 000015DA (0x4 bytes), align: 0
  Segment part 61.            Intra module refs:   callApplication
                                                   checkUART
           LOCAL                   ADDRESS         
           =====                   =======         
           ?Subroutine9            000015D7 
    -------------------------------------------------------------------------
NEAR_CODE
  Relative segment, address: CODE 000015DB - 000015E3 (0x9 bytes), align: 0
  Segment part 62.            Intra module refs:   checkUART
                                                   send2Computer
           LOCAL                   ADDRESS         
           =====                   =======         
           ?Subroutine7            000015DB 
    -------------------------------------------------------------------------
NEAR_CODE
  Relative segment, address: CODE 000015E4 - 000015EE (0xb bytes), align: 0
  Segment part 63.            Intra module refs:   checkUART
           LOCAL                   ADDRESS         
           =====                   =======         
           ?Subroutine2            000015E4 
    -------------------------------------------------------------------------
NEAR_CODE
  Relative segment, address: CODE 000015EF - 000015F7 (0x9 bytes), align: 0
  Segment part 64.            Intra module refs:   ?Subroutine2
                                                   ?Subroutine9
           LOCAL                   ADDRESS         
           =====                   =======         
           ?Subroutine11           000015EF 
    -------------------------------------------------------------------------
NEAR_CODE
  Relative segment, address: CODE 000015F8 - 000015FF (0x8 bytes), align: 0
  Segment part 65.
           ENTRY                   ADDRESS         REF BY
           =====                   =======         ======
           framework_entry         000015F8        main (main_linear)
               calls direct
    -------------------------------------------------------------------------
XDATA_ID
  Relative segment, address: CODE 00000103 - 0000012D (0x2b bytes), align: 0
  Segment part 8.             Intra module refs:   Segment part 7
    -------------------------------------------------------------------------
XDATA_ID
  Relative segment, address: CODE 0000012E - 00000151 (0x24 bytes), align: 0
  Segment part 10.            Intra module refs:   Segment part 9
    -------------------------------------------------------------------------
XDATA_ID
  Relative segment, address: CODE 00000152 - 00000166 (0x15 bytes), align: 0
  Segment part 12.            Intra module refs:   Segment part 11
    -------------------------------------------------------------------------
XDATA_ID
  Relative segment, address: CODE 00000167 - 0000017D (0x17 bytes), align: 0
  Segment part 14.            Intra module refs:   Segment part 13
    -------------------------------------------------------------------------
XDATA_ID
  Relative segment, address: CODE 0000017E - 00000187 (0xa bytes), align: 0
  Segment part 16.            Intra module refs:   Segment part 15
    -------------------------------------------------------------------------
XDATA_ID
  Relative segment, address: CODE 00000188 - 0000018C (0x5 bytes), align: 0
  Segment part 18.            Intra module refs:   Segment part 17
    -------------------------------------------------------------------------
XDATA_ID
  Relative segment, address: CODE 0000018D - 000001A3 (0x17 bytes), align: 0
  Segment part 22.            Intra module refs:   Segment part 21
    -------------------------------------------------------------------------
XDATA_ID
  Relative segment, address: CODE 000001A4 - 000001AE (0xb bytes), align: 0
  Segment part 24.            Intra module refs:   Segment part 23
    -------------------------------------------------------------------------
XDATA_ID
  Relative segment, address: CODE 000001AF - 000001C4 (0x16 bytes), align: 0
  Segment part 26.            Intra module refs:   Segment part 25
    -------------------------------------------------------------------------
XDATA_ID
  Relative segment, address: CODE 000001C5 - 000001CF (0xb bytes), align: 0
  Segment part 28.            Intra module refs:   Segment part 27
    -------------------------------------------------------------------------
XDATA_ID
  Relative segment, address: CODE 000001D0 - 000001E0 (0x11 bytes), align: 0
  Segment part 30.            Intra module refs:   Segment part 29
    -------------------------------------------------------------------------
XDATA_ID
  Relative segment, address: CODE 000001E1 - 000001EF (0xf bytes), align: 0
  Segment part 32.            Intra module refs:   Segment part 31
    -------------------------------------------------------------------------
XDATA_ID
  Relative segment, address: CODE 000001F0 - 00000204 (0x15 bytes), align: 0
  Segment part 34.            Intra module refs:   Segment part 33
    -------------------------------------------------------------------------
XDATA_I
  Relative segment, address: XDATA 0000F99F - 0000F9C9 (0x2b bytes), align: 0
  Segment part 7.             Intra module refs:   checkFlag
    -------------------------------------------------------------------------
XDATA_I
  Relative segment, address: XDATA 0000F9CA - 0000F9ED (0x24 bytes), align: 0
  Segment part 9.             Intra module refs:   checkFlag
    -------------------------------------------------------------------------
XDATA_I
  Relative segment, address: XDATA 0000F9EE - 0000FA02 (0x15 bytes), align: 0
  Segment part 11.            Intra module refs:   send2Computer
    -------------------------------------------------------------------------
XDATA_I
  Relative segment, address: XDATA 0000FA03 - 0000FA19 (0x17 bytes), align: 0
  Segment part 13.            Intra module refs:   send2Computer
    -------------------------------------------------------------------------
XDATA_I
  Relative segment, address: XDATA 0000FA1A - 0000FA23 (0xa bytes), align: 0
  Segment part 15.            Intra module refs:   send2Computer
    -------------------------------------------------------------------------
XDATA_I
  Relative segment, address: XDATA 0000FA24 - 0000FA28 (0x5 bytes), align: 0
  Segment part 17.            Intra module refs:   send2Computer
    -------------------------------------------------------------------------
XDATA_I
  Relative segment, address: XDATA 0000FA29 - 0000FA3F (0x17 bytes), align: 0
  Segment part 21.            Intra module refs:   handleRF
    -------------------------------------------------------------------------
XDATA_I
  Relative segment, address: XDATA 0000FA40 - 0000FA4A (0xb bytes), align: 0
  Segment part 23.            Intra module refs:   handleRF
    -------------------------------------------------------------------------
XDATA_I
  Relative segment, address: XDATA 0000FA4B - 0000FA60 (0x16 bytes), align: 0
  Segment part 25.            Intra module refs:   handleRF
    -------------------------------------------------------------------------
XDATA_I
  Relative segment, address: XDATA 0000FA61 - 0000FA6B (0xb bytes), align: 0
  Segment part 27.            Intra module refs:   handleRF
    -------------------------------------------------------------------------
XDATA_I
  Relative segment, address: XDATA 0000FA6C - 0000FA7C (0x11 bytes), align: 0
  Segment part 29.            Intra module refs:   callApplication
    -------------------------------------------------------------------------
XDATA_I
  Relative segment, address: XDATA 0000FA7D - 0000FA8B (0xf bytes), align: 0
  Segment part 31.            Intra module refs:   checkUART
    -------------------------------------------------------------------------
XDATA_I
  Relative segment, address: XDATA 0000FA8C - 0000FAA0 (0x15 bytes), align: 0
  Segment part 33.            Intra module refs:   checkUART

    *************************************************************************

  FILE NAME : E:\linear-wireless\Projects\Examples\SRF04\Cascading_End_Devices\IAR\CC1110-EndDevice\Obj\log.r51
  PROGRAM MODULE, NAME : log

  SEGMENTS IN THE MODULE
  ======================
XDATA_Z
  Relative segment, address: XDATA 0000F428 - 0000F61B (0x1f4 bytes), align: 0
  Segment part 6.             Intra module refs:   ?Subroutine2
                                                   log
                                                   removeOldLog
           ENTRY                   ADDRESS         REF BY
           =====                   =======         ======
           logBuffer               0000F428        getLogHandle (logHandle)
    -------------------------------------------------------------------------
XDATA_Z
  Relative segment, address: XDATA 0000F61C - 0000F61D (0x2 bytes), align: 0
  Segment part 7.             Intra module refs:   log
                                                   removeOldLog
           ENTRY                   ADDRESS         REF BY
           =====                   =======         ======
           logIndex                0000F61C        getLogHandle (logHandle)
    -------------------------------------------------------------------------
XDATA_Z
  Relative segment, address: XDATA 0000F61E - 0000F681 (0x64 bytes), align: 0
  Segment part 8.
           ENTRY                   ADDRESS         REF BY
           =====                   =======         ======
           logTemp                 0000F61E        callApplication (framework)
                                                   getSurplusChargeHandle (surplusCharge)
                                                   handleRF (framework)
                                                   puthex (uart)
                                                   send (radio)
    -------------------------------------------------------------------------
XDATA_I
  Relative segment, address: XDATA 0000FAA1 - 0000FAA1 (0x1 bytes), align: 0
  Segment part 9.             Intra module refs:   log
           ENTRY                   ADDRESS         REF BY
           =====                   =======         ======
           logLevel                0000FAA1        logLevelHandle (logLevel)
    -------------------------------------------------------------------------
NEAR_CODE
  Relative segment, address: CODE 00001600 - 0000168A (0x8b bytes), align: 0
  Segment part 11.
           ENTRY                   ADDRESS         REF BY
           =====                   =======         ======
           log                     00001600        channelHandle (channel)
                                                   getLogHandle (logHandle)
                                                   getStationDataHandle (stationData)
                                                   handleRF (framework)
                                                   logLevelHandle (logLevel)
                                                   scan (scan)
                                                   send (radio)
               calls direct
               XSTACK = 00000000 ( 0000000F )
    -------------------------------------------------------------------------
NEAR_CODE
  Relative segment, address: CODE 0000168B - 00001695 (0xb bytes), align: 0
  Segment part 12.            Intra module refs:   log
           LOCAL                   ADDRESS         
           =====                   =======         
           ?Subroutine1            0000168B 
    -------------------------------------------------------------------------
NEAR_CODE
  Relative segment, address: CODE 00001696 - 00001708 (0x73 bytes), align: 0
  Segment part 13.            Intra module refs:   log
           ENTRY                   ADDRESS         REF BY
           =====                   =======         ======
           removeOldLog            00001696 
               XSTACK = 0000000D ( 00000000 )
               ISTACK = 00000000 ( 00000003 )
    -------------------------------------------------------------------------
NEAR_CODE
  Relative segment, address: CODE 00001709 - 00001714 (0xc bytes), align: 0
  Segment part 14.            Intra module refs:   removeOldLog
           LOCAL                   ADDRESS         
           =====                   =======         
           ?Subroutine2            00001709 
    -------------------------------------------------------------------------
NEAR_CODE
  Relative segment, address: CODE 00001715 - 0000171D (0x9 bytes), align: 0
  Segment part 15.            Intra module refs:   log
                                                   removeOldLog
           LOCAL                   ADDRESS         
           =====                   =======         
           ?Subroutine0            00001715 
    -------------------------------------------------------------------------
XDATA_ID
  Relative segment, address: CODE 00000205 - 00000205 (0x1 bytes), align: 0
  Segment part 10.            Intra module refs:   logLevel

    *************************************************************************

  FILE NAME : E:\linear-wireless\Projects\Examples\SRF04\Cascading_End_Devices\IAR\CC1110-EndDevice\Obj\logHandle.r51
  PROGRAM MODULE, NAME : logHandle

  SEGMENTS IN THE MODULE
  ======================
NEAR_CODE
  Relative segment, address: CODE 0000171E - 000017A3 (0x86 bytes), align: 0
  Segment part 10.
           ENTRY                   ADDRESS         REF BY
           =====                   =======         ======
           getLogHandle            0000171E        initOS (framework)
               calls direct, is indirectly called
               XSTACK = 00000000 ( 0000000D )
               ISTACK = 00000000 ( 00000001 )
    -------------------------------------------------------------------------
XDATA_ID
  Relative segment, address: CODE 00000206 - 0000020E (0x9 bytes), align: 0
  Segment part 7.             Intra module refs:   Segment part 6
    -------------------------------------------------------------------------
XDATA_ID
  Relative segment, address: CODE 0000020F - 00000215 (0x7 bytes), align: 0
  Segment part 9.             Intra module refs:   Segment part 8
    -------------------------------------------------------------------------
XDATA_I
  Relative segment, address: XDATA 0000FAA2 - 0000FAAA (0x9 bytes), align: 0
  Segment part 6.             Intra module refs:   getLogHandle
    -------------------------------------------------------------------------
XDATA_I
  Relative segment, address: XDATA 0000FAAB - 0000FAB1 (0x7 bytes), align: 0
  Segment part 8.             Intra module refs:   getLogHandle

    *************************************************************************

  FILE NAME : E:\linear-wireless\Projects\Examples\SRF04\Cascading_End_Devices\IAR\CC1110-EndDevice\Obj\logLevel.r51
  PROGRAM MODULE, NAME : logLevel

  SEGMENTS IN THE MODULE
  ======================
NEAR_CODE
  Relative segment, address: CODE 000017A4 - 00001843 (0xa0 bytes), align: 0
  Segment part 12.
           ENTRY                   ADDRESS         REF BY
           =====                   =======         ======
           logLevelHandle          000017A4        initOS (framework)
               calls direct, is indirectly called
               XSTACK = 00000000 ( 0000000B )
               ISTACK = 00000000 ( 00000001 )
    -------------------------------------------------------------------------
XDATA_ID
  Relative segment, address: CODE 00000216 - 0000022D (0x18 bytes), align: 0
  Segment part 7.             Intra module refs:   Segment part 6
    -------------------------------------------------------------------------
XDATA_ID
  Relative segment, address: CODE 0000022E - 00000235 (0x8 bytes), align: 0
  Segment part 9.             Intra module refs:   Segment part 8
    -------------------------------------------------------------------------
XDATA_ID
  Relative segment, address: CODE 00000236 - 0000024D (0x18 bytes), align: 0
  Segment part 11.            Intra module refs:   Segment part 10
    -------------------------------------------------------------------------
XDATA_I
  Relative segment, address: XDATA 0000FAB2 - 0000FAC9 (0x18 bytes), align: 0
  Segment part 6.             Intra module refs:   logLevelHandle
    -------------------------------------------------------------------------
XDATA_I
  Relative segment, address: XDATA 0000FACA - 0000FAD1 (0x8 bytes), align: 0
  Segment part 8.             Intra module refs:   logLevelHandle
    -------------------------------------------------------------------------
XDATA_I
  Relative segment, address: XDATA 0000FAD2 - 0000FAE9 (0x18 bytes), align: 0
  Segment part 10.            Intra module refs:   logLevelHandle

    *************************************************************************

  FILE NAME : E:\linear-wireless\Projects\Examples\SRF04\Cascading_End_Devices\IAR\CC1110-EndDevice\Obj\main_linear.r51
  PROGRAM MODULE, NAME : main_linear

  SEGMENTS IN THE MODULE
  ======================
SFR_AN
  Relative segment, address: DATA 000000BE - 000000BE (0x1 bytes), align: 0
  Segment part 2. ROOT.       Intra module refs:   MRFI_Init (mrfi)
                                                   main
           ENTRY                   ADDRESS         REF BY
           =====                   =======         ======
           SLEEP                   000000BE 
    -------------------------------------------------------------------------
SFR_AN
  Relative segment, address: DATA 000000C6 - 000000C6 (0x1 bytes), align: 0
  Segment part 3. ROOT.       Intra module refs:   MRFI_Init (mrfi)
                                                   MRFI_WakeUp (mrfi)
                                                   initUART (uart)
                                                   main
           ENTRY                   ADDRESS         REF BY
           =====                   =======         ======
           CLKCON                  000000C6 
    -------------------------------------------------------------------------
XDATA_I
  Relative segment, address: XDATA 0000FAEA - 0000FAFF (0x16 bytes), align: 0
  Segment part 9.             Intra module refs:   main
    -------------------------------------------------------------------------
XDATA_I
  Relative segment, address: XDATA 0000FB00 - 0000FB00 (0x1 bytes), align: 0
  Segment part 11.
           ENTRY                   ADDRESS         REF BY
           =====                   =======         ======
           sMyROMAddress           0000FB00        nwk_getMyAddress (nwk_globals)
                                                   nwk_globalsInit (nwk_globals)
    -------------------------------------------------------------------------
NEAR_CODE
  Relative segment, address: CODE 00001844 - 0000187B (0x38 bytes), align: 0
  Segment part 13.
           ENTRY                   ADDRESS         REF BY
           =====                   =======         ======
           main                    00001844        ?call_main (?cmain)
               calls direct
    -------------------------------------------------------------------------
XDATA_ID
  Relative segment, address: CODE 0000024E - 00000263 (0x16 bytes), align: 0
  Segment part 10.            Intra module refs:   Segment part 9
    -------------------------------------------------------------------------
XDATA_ID
  Relative segment, address: CODE 00000264 - 00000264 (0x1 bytes), align: 0
  Segment part 12.            Intra module refs:   sMyROMAddress

    *************************************************************************

  FILE NAME : E:\linear-wireless\Projects\Examples\SRF04\Cascading_End_Devices\IAR\CC1110-EndDevice\Obj\mrfi.r51
  PROGRAM MODULE, NAME : mrfi

  SEGMENTS IN THE MODULE
  ======================
SFR_AN
  Relative segment, address: DATA 000000A9 - 000000A9 (0x1 bytes), align: 0
  Segment part 1. ROOT.       Intra module refs:   MRFI_Init
           ENTRY                   ADDRESS         REF BY
           =====                   =======         ======
           _A_IP0xx                000000A9 
           LOCAL                   ADDRESS         
           =====                   =======         
           IP0xx                   000000A9 
    -------------------------------------------------------------------------
SFR_AN
  Relative segment, address: DATA 000000B9 - 000000B9 (0x1 bytes), align: 0
  Segment part 2. ROOT.       Intra module refs:   MRFI_Init
           ENTRY                   ADDRESS         REF BY
           =====                   =======         ======
           _A_IP1xx                000000B9 
           LOCAL                   ADDRESS         
           =====                   =======         
           IP1xx                   000000B9 
    -------------------------------------------------------------------------
SFR_AN
  Relative segment, address: DATA 00000091 - 00000091 (0x1 bytes), align: 0
  Segment part 3. ROOT.       Intra module refs:   Mrfi_RxModeOff
                                                   Mrfi_RxModeOn
           ENTRY                   ADDRESS         REF BY
           =====                   =======         ======
           RFIM                    00000091 
    -------------------------------------------------------------------------
SFR_AN
  Relative segment, address: DATA 0000009A - 0000009A (0x1 bytes), align: 0
  Segment part 4. ROOT.       Intra module refs:   MRFI_Init
           ENTRY                   ADDRESS         REF BY
           =====                   =======         ======
           IEN2                    0000009A 
    -------------------------------------------------------------------------
SFR_AN
  Relative segment, address: DATA 0000009B - 0000009B (0x1 bytes), align: 0
  Segment part 5. ROOT.       Intra module refs:   MRFI_RfIsr
                                                   Mrfi_RxModeOff
                                                   Mrfi_RxModeOn
                                                   initUART (uart)
                                                   putchar (uart)
           ENTRY                   ADDRESS         REF BY
           =====                   =======         ======
           S1CON                   0000009B 
    -------------------------------------------------------------------------
SFR_AN
  Relative segment, address: DATA 000000B4 - 000000B4 (0x1 bytes), align: 0
  Segment part 7. ROOT.       Intra module refs:   MRFI_RandomByte
           ENTRY                   ADDRESS         REF BY
           =====                   =======         ======
           ADCCON1                 000000B4 
    -------------------------------------------------------------------------
SFR_AN
  Relative segment, address: DATA 000000BC - 000000BC (0x1 bytes), align: 0
  Segment part 8. ROOT.       Intra module refs:   MRFI_Init
                                                   MRFI_RandomByte
           ENTRY                   ADDRESS         REF BY
           =====                   =======         ======
           RNDL                    000000BC 
    -------------------------------------------------------------------------
SFR_AN
  Relative segment, address: DATA 000000D1 - 000000D1 (0x1 bytes), align: 0
  Segment part 11. ROOT.      Intra module refs:   MRFI_PrepareToTx
                                                   Mrfi_RxModeOff
           ENTRY                   ADDRESS         REF BY
           =====                   =======         ======
           DMAIRQ                  000000D1 
    -------------------------------------------------------------------------
SFR_AN
  Relative segment, address: DATA 000000D4 - 000000D4 (0x1 bytes), align: 0
  Segment part 12. ROOT.      Intra module refs:   MRFI_Init
           ENTRY                   ADDRESS         REF BY
           =====                   =======         ======
           DMA0CFGL                000000D4 
    -------------------------------------------------------------------------
SFR_AN
  Relative segment, address: DATA 000000D5 - 000000D5 (0x1 bytes), align: 0
  Segment part 13. ROOT.      Intra module refs:   MRFI_Init
           ENTRY                   ADDRESS         REF BY
           =====                   =======         ======
           DMA0CFGH                000000D5 
    -------------------------------------------------------------------------
SFR_AN
  Relative segment, address: DATA 000000D6 - 000000D6 (0x1 bytes), align: 0
  Segment part 14. ROOT.      Intra module refs:   MRFI_PrepareToTx
                                                   MRFI_RfIsr
                                                   MRFI_Transmit
                                                   Mrfi_RxModeOff
                                                   Mrfi_RxModeOn
           ENTRY                   ADDRESS         REF BY
           =====                   =======         ======
           DMAARM                  000000D6 
    -------------------------------------------------------------------------
SFR_AN
  Relative segment, address: DATA 000000E1 - 000000E1 (0x1 bytes), align: 0
  Segment part 15. ROOT.      Intra module refs:   MRFI_Init
                                                   MRFI_PrepareToTx
                                                   MRFI_Transmit
                                                   MRFI_WakeUp
                                                   Mrfi_RxModeOff
                                                   Mrfi_RxModeOn
           ENTRY                   ADDRESS         REF BY
           =====                   =======         ======
           RFST                    000000E1 
    -------------------------------------------------------------------------
SFR_AN
  Relative segment, address: DATA 000000E9 - 000000E9 (0x1 bytes), align: 0
  Segment part 16. ROOT.      Intra module refs:   MRFI_RfIsr
                                                   MRFI_Transmit
                                                   Mrfi_RxModeOff
                                                   Mrfi_RxModeOn
                                                   mrfi_TxDone
           ENTRY                   ADDRESS         REF BY
           =====                   =======         ======
           RFIF                    000000E9 
    -------------------------------------------------------------------------
XDATA_I
  Relative segment, address: XDATA 0000FB01 - 0000FB01 (0x1 bytes), align: 0
  Segment part 23.
           ENTRY                   ADDRESS         REF BY
           =====                   =======         ======
           mrfiBroadcastAddr       0000FB01        nwk_getBCastAddress (nwk_globals)
    -------------------------------------------------------------------------
XDATA_Z
  Relative segment, address: XDATA 0000F682 - 0000F682 (0x1 bytes), align: 0
  Segment part 25.            Intra module refs:   MRFI_GetRadioState
                                                   MRFI_Init
                                                   MRFI_RfIsr
                                                   MRFI_Rssi
                                                   MRFI_RxIdle
                                                   MRFI_RxOn
                                                   MRFI_SetLogicalChannel
                                                   MRFI_Sleep
                                                   MRFI_Transmit
                                                   MRFI_WakeUp
           LOCAL                   ADDRESS         
           =====                   =======         
           mrfiRadioState          0000F682 
    -------------------------------------------------------------------------
XDATA_Z
  Relative segment, address: XDATA 0000F683 - 0000F6BC (0x3a bytes), align: 0
  Segment part 26.            Intra module refs:   ?Subroutine3
                                                   MRFI_Receive
                                                   MRFI_RfIsr
                                                   Mrfi_RxModeOn
           LOCAL                   ADDRESS         
           =====                   =======         
           mrfiIncomingPacket      0000F683 
    -------------------------------------------------------------------------
XDATA_Z
  Relative segment, address: XDATA 0000F6BD - 0000F6BD (0x1 bytes), align: 0
  Segment part 27.            Intra module refs:   MRFI_PostKillSem
                                                   MRFI_ReplyDelay
           LOCAL                   ADDRESS         
           =====                   =======         
           sKillSem                0000F6BD 
    -------------------------------------------------------------------------
XDATA_Z
  Relative segment, address: XDATA 0000F6BE - 0000F6BE (0x1 bytes), align: 0
  Segment part 28.            Intra module refs:   MRFI_PostKillSem
                                                   MRFI_ReplyDelay
           LOCAL                   ADDRESS         
           =====                   =======         
           sReplyDelayContext      0000F6BE 
    -------------------------------------------------------------------------
XDATA_Z
  Relative segment, address: XDATA 0000F6BF - 0000F6C0 (0x2 bytes), align: 0
  Segment part 29.            Intra module refs:   MRFI_Init
                                                   MRFI_ReplyDelay
           LOCAL                   ADDRESS         
           =====                   =======         
           sReplyDelayScalar       0000F6BF 
    -------------------------------------------------------------------------
XDATA_Z
  Relative segment, address: XDATA 0000F6C1 - 0000F6C2 (0x2 bytes), align: 0
  Segment part 30.            Intra module refs:   MRFI_Init
                                                   MRFI_Transmit
           LOCAL                   ADDRESS         
           =====                   =======         
           sBackoffHelper          0000F6C1 
    -------------------------------------------------------------------------
XDATA_Z
  Relative segment, address: XDATA 0000F6C3 - 0000F6CA (0x8 bytes), align: 0
  Segment part 31.            Intra module refs:   MRFI_Init
                                                   MRFI_PrepareToTx
                                                   Mrfi_RxModeOn
           ENTRY                   ADDRESS         REF BY
           =====                   =======         ======
           mrfiDmaCfg              0000F6C3 
    -------------------------------------------------------------------------
NEAR_CODE
  Relative segment, address: CODE 0000187C - 000019C9 (0x14e bytes), align: 0
  Segment part 44.
           ENTRY                   ADDRESS         REF BY
           =====                   =======         ======
           MRFI_Init               0000187C        SMPL_Init (nwk_api)
               calls direct
               XSTACK = 00000000 ( 0000000B )
    -------------------------------------------------------------------------
NEAR_CODE
  Relative segment, address: CODE 000019CA - 000019F9 (0x30 bytes), align: 0
  Segment part 45.            Intra module refs:   MRFI_Transmit
           LOCAL                   ADDRESS         
           =====                   =======         
           MRFI_PrepareToTx        000019CA 
               XSTACK = 0000000B ( 00000000 )
               ISTACK = 00000000 ( 00000002 )
    -------------------------------------------------------------------------
NEAR_CODE
  Relative segment, address: CODE 000019FA - 00001A1B (0x22 bytes), align: 0
  Segment part 46.            Intra module refs:   MRFI_Transmit
           LOCAL                   ADDRESS         
           =====                   =======         
           mrfi_TxDone             000019FA 
               is indirectly called
               ISTACK = 00000000 ( 00000002 )
    -------------------------------------------------------------------------
NEAR_CODE
  Relative segment, address: CODE 00001A1C - 00001B0A (0xef bytes), align: 0
  Segment part 47.
           ENTRY                   ADDRESS         REF BY
           =====                   =======         ======
           MRFI_Transmit           00001A1C        nwk_sendAckReply (nwk_frame)
                                                   nwk_sendFrame (nwk_frame)
               calls direct
               XSTACK = 00000000 ( 0000000F )
    -------------------------------------------------------------------------
XDATA_Z
  Relative segment, address: XDATA 0000F6CB - 0000F6CB (0x1 bytes), align: 0
  Segment part 32.            Intra module refs:   MRFI_Transmit
           LOCAL                   ADDRESS         
           =====                   =======         
           MRFI_Transmit::ccaRetries
                                   0000F6CB 
    -------------------------------------------------------------------------
NEAR_CODE
  Relative segment, address: CODE 00001B0B - 00001B1D (0x13 bytes), align: 0
  Segment part 48.
           ENTRY                   ADDRESS         REF BY
           =====                   =======         ======
           MRFI_Receive            00001B0B        MRFI_RxCompleteISR (nwk_frame)
               ISTACK = 00000000 ( 00000002 )
    -------------------------------------------------------------------------
NEAR_CODE
  Relative segment, address: CODE 00001B1E - 00001BEC (0xcf bytes), align: 0
  Segment part 49.            Intra module refs:   MRFI_RfIsr::??INTVEC 131
           ENTRY                   ADDRESS         REF BY
           =====                   =======         ======
           MRFI_RfIsr              00001B1E 
               interrupt function
               calls direct
               XSTACK = 00000000 ( 00000011 )
    -------------------------------------------------------------------------
NEAR_CODE
  Relative segment, address: CODE 00001BED - 00001BFA (0xe bytes), align: 0
  Segment part 50.            Intra module refs:   MRFI_Init
                                                   MRFI_RfIsr
                                                   Mrfi_RxModeOn
           LOCAL                   ADDRESS         
           =====                   =======         
           ?Subroutine3            00001BED 
    -------------------------------------------------------------------------
NEAR_CODE
  Relative segment, address: CODE 00001BFB - 00001C19 (0x1f bytes), align: 0
  Segment part 51.
           ENTRY                   ADDRESS         REF BY
           =====                   =======         ======
           MRFI_Sleep              00001BFB        SMPL_SendOpt (nwk_api)
                                                   nwk_join (nwk_join)
                                                   nwk_radioControl (nwk_ioctl)
               calls direct
               XSTACK = 00000000 ( 00000008 )
    -------------------------------------------------------------------------
NEAR_CODE
  Relative segment, address: CODE 00001C1A - 00001C1E (0x5 bytes), align: 0
  Segment part 52.            Intra module refs:   MRFI_DelayMs
                                                   MRFI_Rssi
                                                   MRFI_Sleep
           LOCAL                   ADDRESS         
           =====                   =======         
           ?Subroutine2            00001C1A 
    -------------------------------------------------------------------------
NEAR_CODE
  Relative segment, address: CODE 00001C1F - 00001C4E (0x30 bytes), align: 0
  Segment part 53.
           ENTRY                   ADDRESS         REF BY
           =====                   =======         ======
           MRFI_WakeUp             00001C1F        SMPL_Init (nwk_api)
                                                   SMPL_SendOpt (nwk_api)
                                                   nwk_join (nwk_join)
                                                   nwk_radioControl (nwk_ioctl)
               ISTACK = 00000000 ( 00000002 )
    -------------------------------------------------------------------------
NEAR_CODE
  Relative segment, address: CODE 00001C4F - 00001C5A (0xc bytes), align: 0
  Segment part 54.            Intra module refs:   MRFI_Init
                                                   MRFI_WakeUp
           LOCAL                   ADDRESS         
           =====                   =======         
           ?Subroutine5            00001C4F 
    -------------------------------------------------------------------------
NEAR_CODE
  Relative segment, address: CODE 00001C5B - 00001C60 (0x6 bytes), align: 0
  Segment part 55.            Intra module refs:   MRFI_Transmit
           ENTRY                   ADDRESS         REF BY
           =====                   =======         ======
           MRFI_RandomByte         00001C5B        nwk_frameInit (nwk_frame)
                                                   nwk_joinInit (nwk_join)
                                                   nwk_linkInit (nwk_link)
                                                   nwk_mgmtInit (nwk_mgmt)
                                                   nwk_pingInit (nwk_ping)
               XSTACK = 0000000B ( 00000000 )
    -------------------------------------------------------------------------
NEAR_CODE
  Relative segment, address: CODE 00001C61 - 00001CA6 (0x46 bytes), align: 0
  Segment part 56.            Intra module refs:   MRFI_RfIsr
                                                   MRFI_RxOn
                                                   MRFI_SetLogicalChannel
                                                   MRFI_Transmit
           LOCAL                   ADDRESS         
           =====                   =======         
           Mrfi_RxModeOn           00001C61 
               calls direct
               XSTACK = 0000000F ( 0000000B )
    -------------------------------------------------------------------------
NEAR_CODE
  Relative segment, address: CODE 00001CA7 - 00001CB1 (0xb bytes), align: 0
  Segment part 57.            Intra module refs:   MRFI_PrepareToTx
                                                   Mrfi_RxModeOn
           LOCAL                   ADDRESS         
           =====                   =======         
           ?Subroutine4            00001CA7 
    -------------------------------------------------------------------------
NEAR_CODE
  Relative segment, address: CODE 00001CB2 - 00001CCE (0x1d bytes), align: 0
  Segment part 58.
           ENTRY                   ADDRESS         REF BY
           =====                   =======         ======
           MRFI_RxOn               00001CB2        SMPL_SendOpt (nwk_api)
                                                   nwk_join (nwk_join)
                                                   nwk_radioControl (nwk_ioctl)
               calls direct
               ISTACK = 00000000 ( 00000002 )
    -------------------------------------------------------------------------
NEAR_CODE
  Relative segment, address: CODE 00001CCF - 00001CCF (0x1 bytes), align: 0
  Segment part 59.            Intra module refs:   MRFI_EnableRxAddrFilter
                                                   MRFI_PrepareToTx
           LOCAL                   ADDRESS         
           =====                   =======         
           ?Subroutine1            00001CCF 
    -------------------------------------------------------------------------
NEAR_CODE
  Relative segment, address: CODE 00001CD0 - 00001CD4 (0x5 bytes), align: 0
  Segment part 60.            Intra module refs:   ?Subroutine1
                                                   MRFI_GetRadioState
                                                   MRFI_PostKillSem
                                                   MRFI_Receive
                                                   MRFI_RxAddrIsFiltered
[...]
    -------------------------------------------------------------------------
NEAR_CODE
  Relative segment, address: CODE 0000502F - 00005036 (0x8 bytes), align: 0
  Segment part 88.            Intra module refs:   Segment part 87
                                                   _formatted_write
    -------------------------------------------------------------------------
NEAR_CODE
  Relative segment, address: CODE 00005037 - 0000503A (0x4 bytes), align: 0
  Segment part 89.            Intra module refs:   _formatted_write
    -------------------------------------------------------------------------
NEAR_CODE
  Relative segment, address: CODE 0000503B - 00005043 (0x9 bytes), align: 0
  Segment part 90.            Intra module refs:   Segment part 104
                                                   Segment part 89
                                                   Segment part 92
                                                   Segment part 93
    -------------------------------------------------------------------------
NEAR_CODE
  Relative segment, address: CODE 00005044 - 00005049 (0x6 bytes), align: 0
  Segment part 91.            Intra module refs:   _formatted_write
    -------------------------------------------------------------------------
NEAR_CODE
  Relative segment, address: CODE 0000504A - 0000504E (0x5 bytes), align: 0
  Segment part 92.            Intra module refs:   Segment part 91
                                                   _formatted_write
    -------------------------------------------------------------------------
NEAR_CODE
  Relative segment, address: CODE 0000504F - 00005056 (0x8 bytes), align: 0
  Segment part 93.            Intra module refs:   _formatted_write
    -------------------------------------------------------------------------
NEAR_CODE
  Relative segment, address: CODE 00005057 - 0000505D (0x7 bytes), align: 0
  Segment part 94.            Intra module refs:   _formatted_write
    -------------------------------------------------------------------------
NEAR_CODE
  Relative segment, address: CODE 0000505E - 0000506B (0xe bytes), align: 0
  Segment part 95.            Intra module refs:   _formatted_write
    -------------------------------------------------------------------------
NEAR_CODE
  Relative segment, address: CODE 0000506C - 00005075 (0xa bytes), align: 0
  Segment part 96.            Intra module refs:   _formatted_write
    -------------------------------------------------------------------------
NEAR_CODE
  Relative segment, address: CODE 00005076 - 0000507B (0x6 bytes), align: 0
  Segment part 97.            Intra module refs:   _formatted_write
    -------------------------------------------------------------------------
NEAR_CODE
  Relative segment, address: CODE 0000507C - 00005083 (0x8 bytes), align: 0
  Segment part 98.            Intra module refs:   _formatted_write
    -------------------------------------------------------------------------
NEAR_CODE
  Relative segment, address: CODE 00005084 - 00005089 (0x6 bytes), align: 0
  Segment part 99.            Intra module refs:   Segment part 98
                                                   _formatted_write
    -------------------------------------------------------------------------
NEAR_CODE
  Relative segment, address: CODE 0000508A - 00005095 (0xc bytes), align: 0
  Segment part 100.           Intra module refs:   _formatted_write
    -------------------------------------------------------------------------
NEAR_CODE
  Relative segment, address: CODE 00005096 - 0000509D (0x8 bytes), align: 0
  Segment part 101.           Intra module refs:   _formatted_write
    -------------------------------------------------------------------------
NEAR_CODE
  Relative segment, address: CODE 0000509E - 000050A4 (0x7 bytes), align: 0
  Segment part 102.           Intra module refs:   _formatted_write
                                                   float_conversion
    -------------------------------------------------------------------------
NEAR_CODE
  Relative segment, address: CODE 000050A5 - 000050B1 (0xd bytes), align: 0
  Segment part 103.           Intra module refs:   _formatted_write
    -------------------------------------------------------------------------
NEAR_CODE
  Relative segment, address: CODE 000050B2 - 000050B4 (0x3 bytes), align: 0
  Segment part 104.           Intra module refs:   _formatted_write
    -------------------------------------------------------------------------
NEAR_CODE
  Relative segment, address: CODE 000050B5 - 000050BC (0x8 bytes), align: 0
  Segment part 105.           Intra module refs:   Segment part 104
                                                   _formatted_write
    -------------------------------------------------------------------------
NEAR_CODE
  Relative segment, address: CODE 000050BD - 000050C9 (0xd bytes), align: 0
  Segment part 106.           Intra module refs:   _formatted_write
    -------------------------------------------------------------------------
NEAR_CODE
  Relative segment, address: CODE 000050CA - 000050D1 (0x8 bytes), align: 0
  Segment part 107.           Intra module refs:   Segment part 106
                                                   _formatted_write
    -------------------------------------------------------------------------
NEAR_CODE
  Relative segment, address: CODE 000050D2 - 000050D7 (0x6 bytes), align: 0
  Segment part 108.           Intra module refs:   float_conversion
    -------------------------------------------------------------------------
NEAR_CODE
  Relative segment, address: CODE 000050D8 - 000050DA (0x3 bytes), align: 0
  Segment part 109.           Intra module refs:   Segment part 108
                                                   _formatted_write
    -------------------------------------------------------------------------
NEAR_CODE
  Relative segment, address: CODE 000050DB - 000050E1 (0x7 bytes), align: 0
  Segment part 110.           Intra module refs:   Segment part 109
                                                   float_conversion
    -------------------------------------------------------------------------
NEAR_CODE
  Relative segment, address: CODE 000050E2 - 000050EF (0xe bytes), align: 0
  Segment part 111.           Intra module refs:   _formatted_write
    -------------------------------------------------------------------------
NEAR_CODE
  Relative segment, address: CODE 000050F0 - 000050FB (0xc bytes), align: 0
  Segment part 112.           Intra module refs:   Segment part 106
                                                   Segment part 111
    -------------------------------------------------------------------------
XDATA_ID
  Relative segment, address: CODE 000003FC - 0000040C (0x11 bytes), align: 0
  Segment part 7.             Intra module refs:   Segment part 6
    -------------------------------------------------------------------------
XDATA_ID
  Relative segment, address: CODE 0000040D - 0000041B (0xf bytes), align: 0
  Segment part 9.             Intra module refs:   Segment part 8
    -------------------------------------------------------------------------
XDATA_ID
  Relative segment, address: CODE 0000041C - 0000041F (0x4 bytes), align: 0
  Segment part 11.            Intra module refs:   Segment part 10
    -------------------------------------------------------------------------
XDATA_ID
  Relative segment, address: CODE 00000420 - 00000423 (0x4 bytes), align: 0
  Segment part 13.            Intra module refs:   __Constant_7f800000
    -------------------------------------------------------------------------
XDATA_ID
  Relative segment, address: CODE 00000424 - 00000427 (0x4 bytes), align: 0
  Segment part 15.            Intra module refs:   __Constant_3f800000
    -------------------------------------------------------------------------
XDATA_ID
  Relative segment, address: CODE 00000428 - 0000042B (0x4 bytes), align: 0
  Segment part 17.            Intra module refs:   __Constant_0
    -------------------------------------------------------------------------
XDATA_ID
  Relative segment, address: CODE 0000042C - 0000042F (0x4 bytes), align: 0
  Segment part 19.            Intra module refs:   __Constant_501502f9
    -------------------------------------------------------------------------
XDATA_ID
  Relative segment, address: CODE 00000430 - 00000433 (0x4 bytes), align: 0
  Segment part 21.            Intra module refs:   __Constant_51ba43b7
    -------------------------------------------------------------------------
XDATA_ID
  Relative segment, address: CODE 00000434 - 00000437 (0x4 bytes), align: 0
  Segment part 23.            Intra module refs:   __Constant_41200000
    -------------------------------------------------------------------------
XDATA_ID
  Relative segment, address: CODE 00000438 - 0000043B (0x4 bytes), align: 0
  Segment part 25.            Intra module refs:   __Constant_2edbe700
    -------------------------------------------------------------------------
XDATA_ID
  Relative segment, address: CODE 0000043C - 0000043F (0x4 bytes), align: 0
  Segment part 27.            Intra module refs:   __Constant_40a00000
    -------------------------------------------------------------------------
XDATA_ID
  Relative segment, address: CODE 00000440 - 00000443 (0x4 bytes), align: 0
  Segment part 29.            Intra module refs:   __Constant_10
    -------------------------------------------------------------------------
XDATA_ID
  Relative segment, address: CODE 00000444 - 00000447 (0x4 bytes), align: 0
  Segment part 31.            Intra module refs:   __Constant_8
    -------------------------------------------------------------------------
XDATA_ID
  Relative segment, address: CODE 00000448 - 0000044B (0x4 bytes), align: 0
  Segment part 33.            Intra module refs:   __Constant_a
    -------------------------------------------------------------------------
XDATA_I
  Relative segment, address: XDATA 0000FC98 - 0000FCA8 (0x11 bytes), align: 0
  Segment part 6.             Intra module refs:   _formatted_write
    -------------------------------------------------------------------------
XDATA_I
  Relative segment, address: XDATA 0000FCA9 - 0000FCB7 (0xf bytes), align: 0
  Segment part 8.             Intra module refs:   _formatted_write
    -------------------------------------------------------------------------
XDATA_I
  Relative segment, address: XDATA 0000FCB8 - 0000FCBB (0x4 bytes), align: 0
  Segment part 10.            Intra module refs:   _formatted_write
    -------------------------------------------------------------------------
XDATA_I
  Relative segment, address: XDATA 0000FCBC - 0000FCBF (0x4 bytes), align: 0
  Segment part 12.            Intra module refs:   float_conversion
           ENTRY                   ADDRESS         REF BY
           =====                   =======         ======
           __Constant_7f800000     0000FCBC 
    -------------------------------------------------------------------------
XDATA_I
  Relative segment, address: XDATA 0000FCC0 - 0000FCC3 (0x4 bytes), align: 0
  Segment part 14.            Intra module refs:   float_conversion
           ENTRY                   ADDRESS         REF BY
           =====                   =======         ======
           __Constant_3f800000     0000FCC0 
    -------------------------------------------------------------------------
XDATA_I
  Relative segment, address: XDATA 0000FCC4 - 0000FCC7 (0x4 bytes), align: 0
  Segment part 16.            Intra module refs:   _formatted_write
                                                   float_conversion
           ENTRY                   ADDRESS         REF BY
           =====                   =======         ======
           __Constant_0            0000FCC4 
    -------------------------------------------------------------------------
XDATA_I
  Relative segment, address: XDATA 0000FCC8 - 0000FCCB (0x4 bytes), align: 0
  Segment part 18.            Intra module refs:   float_conversion
           ENTRY                   ADDRESS         REF BY
           =====                   =======         ======
           __Constant_501502f9     0000FCC8 
    -------------------------------------------------------------------------
XDATA_I
  Relative segment, address: XDATA 0000FCCC - 0000FCCF (0x4 bytes), align: 0
  Segment part 20.            Intra module refs:   float_conversion
           ENTRY                   ADDRESS         REF BY
           =====                   =======         ======
           __Constant_51ba43b7     0000FCCC 
    -------------------------------------------------------------------------
XDATA_I
  Relative segment, address: XDATA 0000FCD0 - 0000FCD3 (0x4 bytes), align: 0
  Segment part 22.            Intra module refs:   float_conversion
           ENTRY                   ADDRESS         REF BY
           =====                   =======         ======
           __Constant_41200000     0000FCD0 
    -------------------------------------------------------------------------
XDATA_I
  Relative segment, address: XDATA 0000FCD4 - 0000FCD7 (0x4 bytes), align: 0
  Segment part 24.            Intra module refs:   float_conversion
           ENTRY                   ADDRESS         REF BY
           =====                   =======         ======
           __Constant_2edbe700     0000FCD4 
    -------------------------------------------------------------------------
XDATA_I
  Relative segment, address: XDATA 0000FCD8 - 0000FCDB (0x4 bytes), align: 0
  Segment part 26.            Intra module refs:   float_conversion
           ENTRY                   ADDRESS         REF BY
           =====                   =======         ======
           __Constant_40a00000     0000FCD8 
    -------------------------------------------------------------------------
XDATA_I
  Relative segment, address: XDATA 0000FCDC - 0000FCDF (0x4 bytes), align: 0
  Segment part 28.            Intra module refs:   _formatted_write
           ENTRY                   ADDRESS         REF BY
           =====                   =======         ======
           __Constant_10           0000FCDC 
    -------------------------------------------------------------------------
XDATA_I
  Relative segment, address: XDATA 0000FCE0 - 0000FCE3 (0x4 bytes), align: 0
  Segment part 30.            Intra module refs:   _formatted_write
           ENTRY                   ADDRESS         REF BY
           =====                   =======         ======
           __Constant_8            0000FCE0 
    -------------------------------------------------------------------------
XDATA_I
  Relative segment, address: XDATA 0000FCE4 - 0000FCE7 (0x4 bytes), align: 0
  Segment part 32.            Intra module refs:   _formatted_write
           ENTRY                   ADDRESS         REF BY
           =====                   =======         ======
           __Constant_a            0000FCE4 

    -------------------------------------------------------------------------
  LIBRARY MODULE, NAME : ?low_level_init

  SEGMENTS IN THE MODULE
  ======================
CSTART
  Relative segment, address: CODE 000000E2 - 000000E4 (0x3 bytes), align: 0
  Segment part 6. ROOT.
           ENTRY                   ADDRESS         REF BY
           =====                   =======         ======
           __low_level_init        000000E2        __low_level_init_call (?cmain)




                ****************************************
                *                                      *
                *      SEGMENTS IN ADDRESS ORDER       *
                *                                      *
                ****************************************


SEGMENT              SPACE    START ADDRESS   END ADDRESS     SIZE  TYPE  ALIGN
=======              =====    =============   ===========     ====  ====  =====
INTVEC               CODE          00000000 - 00000085          86   com    0
CSTART               CODE          00000086 - 000000E4          5F   rel    0
BDATA_ID             CODE               000000E5                     dse    0
BIT_ID               CODE               000000E5                     dse    0
DATA_ID              CODE               000000E5                     dse    0
IDATA_ID             CODE               000000E5                     dse    0
IXDATA_ID            CODE               000000E5                     dse    0
PDATA_ID             CODE               000000E5                     dse    0
XDATA_ID             CODE          000000E5 - 0000044B         367   rel    0
RCODE                CODE          0000044C - 00000FFD         BB2   rel    0
CODE_C               CODE               00000FFE                     dse    0
CODE_N               CODE               00000FFE                     dse    0
DIFUNCT              CODE               00000FFE                     dse    0
NEAR_CODE            CODE          00000FFE - 000050FB        40FE   rel    0
REGISTERS            DATA          00000000 - 00000007           8   rel    0
VREG                 DATA          00000008 - 0000000F           8   rel    0
PSP                  DATA               00000010                     dse    0
XSP                  DATA          00000010 - 00000011           2   rel    0
BREG                 BIT        00000020.0  -  00000020.7        8   rel    0
SFR_AN               DATA          00000086 - 00000086           1   rel    0
                     DATA          00000088 - 00000088           1 
                     DATA          0000008F - 00000091           3 
                     DATA          00000098 - 00000098           1 
                     DATA          0000009A - 0000009B           2 
                     DATA          000000A8 - 000000A9           2 
                     DATA          000000B4 - 000000B4           1 
                     DATA          000000B9 - 000000B9           1 
                     DATA          000000BC - 000000BC           1 
                     DATA          000000BE - 000000BE           1 
                     DATA          000000C0 - 000000C2           3 
                     DATA          000000C4 - 000000C6           3 
                     DATA          000000CB - 000000CB           1 
                     DATA          000000CD - 000000CD           1 
                     DATA          000000D1 - 000000D1           1 
                     DATA          000000D4 - 000000D6           3 
                     DATA          000000D8 - 000000D8           1 
                     DATA          000000E1 - 000000E1           1 
                     DATA          000000E8 - 000000E9           2 
                     DATA          000000F1 - 000000F1           1 
                     DATA          000000F3 - 000000F4           2 
                     DATA          000000FE - 000000FE           1 
XSTACK               XDATA         0000F000 - 0000F3FE         3FF   rel    0
XDATA_Z              XDATA         0000F3FF - 0000F980         582   rel    0
XDATA_I              XDATA         0000F981 - 0000FCE7         367   rel    0
ISTACK               IDATA         00000040 - 000000FF          C0   rel    0

                ****************************************
                *                                      *
                *        END OF CROSS REFERENCE        *
                *                                      *
                ****************************************

 20 732 bytes of CODE  memory
     18 bytes of DATA  memory (+ 34 absolute )
  3 304 bytes of XDATA memory
    192 bytes of IDATA memory
      8 bits  of BIT   memory

Errors: none
Warnings: 2

